global jpl_main
global _jpl_main
extern _fail_assertion
extern _jpl_alloc
extern _get_time
extern _show
extern _print
extern _print_time
extern _read_image
extern _write_image
extern _fmod
extern _sqrt
extern _exp
extern _sin
extern _cos
extern _tan
extern _asin
extern _acos
extern _atan
extern _log
extern _pow
extern _atan2
extern _to_int
extern _to_float

section .data
const0: dq 86.49
const1: dq 36.48
const2: dq 12.75
const3: dq 247
const4: dq 43.16
const5: dq 17.38
const6: db `h.png`, 0
const7: db `i.png`, 0
const8: dq 65.01
const9: dq 72.81
const10: dq 44.7
const11: dq 72.89
const12: dq 73.82
const13: dq 37.52
const14: db `s.png`, 0

section .text
jpl_main:
_jpl_main:
	push rbp
	mov rbp, rsp
	push r12
	mov r12, rbp
	sub rsp, 8 ; Align stack
	mov rax, [rel const0] ; 86.49
	push rax
	sub rsp, 8 ; Align stack
	mov rax, [rel const1] ; 36.48
	push rax
	movsd xmm0, [rsp]
	add rsp, 8
	call _atan
	add rsp, 8 ; Remove alignment
	sub rsp, 8
	movsd [rsp], xmm0
	movsd xmm0, [rsp]
	add rsp, 8
	movsd xmm1, [rsp]
	add rsp, 8
	call _atan2
	add rsp, 8 ; Remove alignment
	sub rsp, 8
	movsd [rsp], xmm0
	mov rax, [rel const2] ; 12.75
	push rax
	movsd xmm0, [rsp]
	add rsp, 8
	call _sqrt
	sub rsp, 8
	movsd [rsp], xmm0
	sub rsp, 16
	; Moving 16 bytes from rbp - -16 to rsp
		mov r10, [rbp - -16 + 8]
		mov [rsp + 8], r10
		mov r10, [rbp - -16 + 0]
		mov [rsp + 0], r10
	sub rsp, 8
	; Moving 8 bytes from rbp - -16 to rsp
		mov r10, [rbp - -16 + 0]
		mov [rsp + 0], r10
	mov rax, [rel const3] ; 247
	push rax
	pop rdi
	call _to_float
	sub rsp, 8
	movsd [rsp], xmm0
	movsd xmm0, [rsp]
	add rsp, 8
	call _atan
	sub rsp, 8
	movsd [rsp], xmm0
	; Moving 32 bytes from rsp + 8 to rsp + 16
		mov r10, [rsp + 8 + 24]
		mov [rsp + 16 + 24], r10
		mov r10, [rsp + 8 + 16]
		mov [rsp + 16 + 16], r10
		mov r10, [rsp + 8 + 8]
		mov [rsp + 16 + 8], r10
		mov r10, [rsp + 8 + 0]
		mov [rsp + 16 + 0], r10
	add rsp, 16
	; Moving 8 bytes from rsp + 0 to rsp + 24
		mov r10, [rsp + 0 + 0]
		mov [rsp + 24 + 0], r10
	add rsp, 24
	mov rax, [rel const4] ; 43.16
	push rax
	movsd xmm0, [rsp]
	add rsp, 8
	call _log
	sub rsp, 8
	movsd [rsp], xmm0
	mov rax, [rel const5] ; 17.38
	push rax
	mov rdi, 8
	call _jpl_alloc
	; Moving 8 bytes from rsp to rax
		mov r10, [rsp + 0]
		mov [rax + 0], r10
	add rsp, 8
	push rax
	mov rax, 1
	push rax
	sub rsp, 16
	; Moving 16 bytes from rbp - -16 to rsp
		mov r10, [rbp - -16 + 8]
		mov [rsp + 8], r10
		mov r10, [rbp - -16 + 0]
		mov [rsp + 0], r10
	; Moving 32 bytes from rsp + 0 to rsp + 8
		mov r10, [rsp + 0 + 24]
		mov [rsp + 8 + 24], r10
		mov r10, [rsp + 0 + 16]
		mov [rsp + 8 + 16], r10
		mov r10, [rsp + 0 + 8]
		mov [rsp + 8 + 8], r10
		mov r10, [rsp + 0 + 0]
		mov [rsp + 8 + 0], r10
	add rsp, 8
	; Moving 16 bytes from rsp + 16 to rsp + 16
		mov r10, [rsp + 16 + 8]
		mov [rsp + 16 + 8], r10
		mov r10, [rsp + 16 + 0]
		mov [rsp + 16 + 0], r10
	add rsp, 16
	sub rsp, 16
	; Moving 16 bytes from rbp - -16 to rsp
		mov r10, [rbp - -16 + 8]
		mov [rsp + 8], r10
		mov r10, [rbp - -16 + 0]
		mov [rsp + 0], r10
	sub rsp, 8
	; Moving 8 bytes from rbp - -16 to rsp
		mov r10, [rbp - -16 + 0]
		mov [rsp + 0], r10
	sub rsp, 8
	; Moving 8 bytes from rbp - 48 to rsp
		mov r10, [rbp - 48 + 0]
		mov [rsp + 0], r10
	sub rsp, 16
	; Moving 16 bytes from rbp - 32 to rsp
		mov r10, [rbp - 32 + 8]
		mov [rsp + 8], r10
		mov r10, [rbp - 32 + 0]
		mov [rsp + 0], r10
	sub rsp, 16
	; Moving 16 bytes from rbp - -16 to rsp
		mov r10, [rbp - -16 + 8]
		mov [rsp + 8], r10
		mov r10, [rbp - -16 + 0]
		mov [rsp + 0], r10
	; Moving 24 bytes from rsp + 16 to rsp + 24
		mov r10, [rsp + 16 + 16]
		mov [rsp + 24 + 16], r10
		mov r10, [rsp + 16 + 8]
		mov [rsp + 24 + 8], r10
		mov r10, [rsp + 16 + 0]
		mov [rsp + 24 + 0], r10
	add rsp, 24
	; Moving 16 bytes from rsp + 0 to rsp + 8
		mov r10, [rsp + 0 + 8]
		mov [rsp + 8 + 8], r10
		mov r10, [rsp + 0 + 0]
		mov [rsp + 8 + 0], r10
	add rsp, 8
	sub rsp, 24
	lea rdi, [rsp]
	sub rsp, 8 ; Align stack
	lea rsi, [rel const6] ; h.png
	call _read_image
	add rsp, 8 ; Remove alignment
	sub rsp, 24
	lea rdi, [rsp]
	lea rsi, [rel const7] ; i.png
	call _read_image
	sub rsp, 8
	; Moving 8 bytes from rbp - 64 to rsp
		mov r10, [rbp - 64 + 0]
		mov [rsp + 0], r10
	pop rdi
	call _to_float
	sub rsp, 8
	movsd [rsp], xmm0
	sub rsp, 8 ; Align stack
	mov rax, [rel const8] ; 65.01
	push rax
	movsd xmm0, [rsp]
	add rsp, 8
	call _sin
	add rsp, 8 ; Remove alignment
	sub rsp, 8
	movsd [rsp], xmm0
	movsd xmm0, [rsp]
	add rsp, 8
	movsd xmm1, [rsp]
	add rsp, 8
	call _pow
	sub rsp, 8
	movsd [rsp], xmm0
	sub rsp, 8 ; Align stack
	sub rsp, 8
	; Moving 8 bytes from rbp - 64 to rsp
		mov r10, [rbp - 64 + 0]
		mov [rsp + 0], r10
	pop rdi
	call _to_float
	sub rsp, 8
	movsd [rsp], xmm0
	movsd xmm0, [rsp]
	add rsp, 8
	call _sqrt
	add rsp, 8 ; Remove alignment
	sub rsp, 8
	movsd [rsp], xmm0
	movsd xmm0, [rsp]
	add rsp, 8
	movsd xmm1, [rsp]
	add rsp, 8
	call _atan2
	sub rsp, 8
	movsd [rsp], xmm0
	sub rsp, 8 ; Align stack
	mov rax, [rel const9] ; 72.81
	push rax
	movsd xmm1, [rsp]
	add rsp, 8
	pxor xmm0, xmm0
	subsd xmm0, xmm1
	sub rsp, 8
	movsd [rsp], xmm0
	movsd xmm0, [rsp]
	add rsp, 8
	call _sqrt
	sub rsp, 8
	movsd [rsp], xmm0
	sub rsp, 8 ; Align stack
	mov rax, [rel const10] ; 44.7
	push rax
	movsd xmm0, [rsp]
	add rsp, 8
	call _asin
	sub rsp, 8
	movsd [rsp], xmm0
	movsd xmm0, [rsp]
	add rsp, 8
	call _exp
	add rsp, 8 ; Remove alignment
	sub rsp, 8
	movsd [rsp], xmm0
	movsd xmm0, [rsp]
	add rsp, 8
	movsd xmm1, [rsp]
	add rsp, 8
	call _atan2
	add rsp, 8 ; Remove alignment
	sub rsp, 8
	movsd [rsp], xmm0
	movsd xmm0, [rsp]
	add rsp, 8
	movsd xmm1, [rsp]
	add rsp, 8
	call _atan2
	sub rsp, 8
	movsd [rsp], xmm0
	mov rax, [rel const11] ; 72.89
	push rax
	sub rsp, 8
	; Moving 8 bytes from rbp - 120 to rsp
		mov r10, [rbp - 120 + 0]
		mov [rsp + 0], r10
	movsd xmm0, [rsp]
	add rsp, 8
	movsd xmm1, [rsp]
	add rsp, 8
	mulsd xmm0, xmm1
	sub rsp, 8
	movsd [rsp], xmm0
	sub rsp, 8
	; Moving 8 bytes from rbp - -16 to rsp
		mov r10, [rbp - -16 + 0]
		mov [rsp + 0], r10
	sub rsp, 8
	; Moving 8 bytes from rbp - 120 to rsp
		mov r10, [rbp - 120 + 0]
		mov [rsp + 0], r10
	mov rax, [rel const12] ; 73.82
	push rax
	; Moving 16 bytes from rsp + 8 to rsp + 16
		mov r10, [rsp + 8 + 8]
		mov [rsp + 16 + 8], r10
		mov r10, [rsp + 8 + 0]
		mov [rsp + 16 + 0], r10
	add rsp, 16
	; Moving 0 bytes from rsp + 0 to rsp + 16
	add rsp, 16
	sub rsp, 8 ; Align stack
	sub rsp, 8
	; Moving 8 bytes from rbp - 48 to rsp
		mov r10, [rbp - 48 + 0]
		mov [rsp + 0], r10
	pop rdi
	call _to_float
	add rsp, 8 ; Remove alignment
	sub rsp, 8
	movsd [rsp], xmm0
	sub rsp, 8
	; Moving 8 bytes from rbp - 128 to rsp
		mov r10, [rbp - 128 + 0]
		mov [rsp + 0], r10
	movsd xmm0, [rsp]
	add rsp, 8
	call _sqrt
	sub rsp, 8
	movsd [rsp], xmm0
	movsd xmm0, [rsp]
	add rsp, 8
	call _asin
	sub rsp, 8
	movsd [rsp], xmm0
	sub rsp, 8 ; Align stack
	mov rax, [rel const13] ; 37.52
	push rax
	movsd xmm0, [rsp]
	add rsp, 8
	call _sin
	add rsp, 8 ; Remove alignment
	sub rsp, 8
	movsd [rsp], xmm0
	sub rsp, 24
	; Moving 24 bytes from rbp - 88 to rsp
		mov r10, [rbp - 88 + 16]
		mov [rsp + 16], r10
		mov r10, [rbp - 88 + 8]
		mov [rsp + 8], r10
		mov r10, [rbp - 88 + 0]
		mov [rsp + 0], r10
	sub rsp, 8 ; Align stack
	sub rsp, 8
	; Moving 8 bytes from rbp - 128 to rsp
		mov r10, [rbp - 128 + 0]
		mov [rsp + 0], r10
	movsd xmm0, [rsp]
	add rsp, 8
	call _log
	add rsp, 8 ; Remove alignment
	sub rsp, 8
	movsd [rsp], xmm0
	sub rsp, 8
	; Moving 8 bytes from rbp - 120 to rsp
		mov r10, [rbp - 120 + 0]
		mov [rsp + 0], r10
	movsd xmm0, [rsp]
	add rsp, 8
	call _asin
	sub rsp, 8
	movsd [rsp], xmm0
	sub rsp, 16
	; Moving 16 bytes from rbp - 32 to rsp
		mov r10, [rbp - 32 + 8]
		mov [rsp + 8], r10
		mov r10, [rbp - 32 + 0]
		mov [rsp + 0], r10
	; Moving 56 bytes from rsp + 16 to rsp + 16
		mov r10, [rsp + 16 + 48]
		mov [rsp + 16 + 48], r10
		mov r10, [rsp + 16 + 40]
		mov [rsp + 16 + 40], r10
		mov r10, [rsp + 16 + 32]
		mov [rsp + 16 + 32], r10
		mov r10, [rsp + 16 + 24]
		mov [rsp + 16 + 24], r10
		mov r10, [rsp + 16 + 16]
		mov [rsp + 16 + 16], r10
		mov r10, [rsp + 16 + 8]
		mov [rsp + 16 + 8], r10
		mov r10, [rsp + 16 + 0]
		mov [rsp + 16 + 0], r10
	add rsp, 16
	sub rsp, 24
	lea rdi, [rsp]
	lea rsi, [rel const14] ; s.png
	call _read_image
	add rsp, 200 ; Local variables
	pop r12
	pop rbp
	ret

