global jpl_main
global _jpl_main
extern _fail_assertion
extern _jpl_alloc
extern _get_time
extern _show
extern _print
extern _print_time
extern _read_image
extern _write_image
extern _fmod
extern _sqrt
extern _exp
extern _sin
extern _cos
extern _tan
extern _asin
extern _acos
extern _atan
extern _log
extern _pow
extern _atan2
extern _to_int
extern _to_float

section .data
const0: dq 97.92
const1: dq 5.22
const2: dq 53.86
const3: dq 81.06
const4: dq 67.2
const5: dq 639
const6: dq 11.22
const7: dq 414
const8: db `m.png`, 0

section .text
jpl_main:
_jpl_main:
	push rbp
	mov rbp, rsp
	push r12
	mov r12, rbp
	sub rsp, 8 ; Align stack
	mov rax, [rel const0] ; 97.92
	push rax
	movsd xmm1, [rsp]
	add rsp, 8
	pxor xmm0, xmm0
	subsd xmm0, xmm1
	sub rsp, 8
	movsd [rsp], xmm0
	movsd xmm0, [rsp]
	add rsp, 8
	call _sqrt
	add rsp, 8 ; Remove alignment
	sub rsp, 8
	movsd [rsp], xmm0
	mov rax, [rel const1] ; 5.22
	push rax
	movsd xmm0, [rsp]
	add rsp, 8
	call _asin
	sub rsp, 8
	movsd [rsp], xmm0
	movsd xmm0, [rsp]
	add rsp, 8
	movsd xmm1, [rsp]
	add rsp, 8
	subsd xmm0, xmm1
	sub rsp, 8
	movsd [rsp], xmm0
	mov rax, [rel const2] ; 53.86
	push rax
	movsd xmm0, [rsp]
	add rsp, 8
	call _asin
	sub rsp, 8
	movsd [rsp], xmm0
	movsd xmm0, [rsp]
	add rsp, 8
	call _asin
	sub rsp, 8
	movsd [rsp], xmm0
	movsd xmm0, [rsp]
	add rsp, 8
	call _exp
	sub rsp, 8
	movsd [rsp], xmm0
	movsd xmm0, [rsp]
	add rsp, 8
	call _acos
	sub rsp, 8
	movsd [rsp], xmm0
	sub rsp, 8 ; Align stack
	mov rax, [rel const3] ; 81.06
	push rax
	movsd xmm0, [rsp]
	add rsp, 8
	call _sin
	sub rsp, 8
	movsd [rsp], xmm0
	movsd xmm0, [rsp]
	add rsp, 8
	call _sqrt
	sub rsp, 8
	movsd [rsp], xmm0
	movsd xmm0, [rsp]
	add rsp, 8
	call _atan
	sub rsp, 8
	movsd [rsp], xmm0
	movsd xmm0, [rsp]
	add rsp, 8
	call _atan
	add rsp, 8 ; Remove alignment
	sub rsp, 8
	movsd [rsp], xmm0
	mov rdi, 24
	call _jpl_alloc
	; Moving 24 bytes from rsp to rax
		mov r10, [rsp + 16]
		mov [rax + 16], r10
		mov r10, [rsp + 8]
		mov [rax + 8], r10
		mov r10, [rsp + 0]
		mov [rax + 0], r10
	add rsp, 24
	push rax
	mov rax, 3
	push rax
	sub rsp, 8 ; Align stack
	mov rax, [rel const4] ; 67.2
	push rax
	movsd xmm0, [rsp]
	add rsp, 8
	call _log
	sub rsp, 8
	movsd [rsp], xmm0
	movsd xmm0, [rsp]
	add rsp, 8
	call _exp
	sub rsp, 8
	movsd [rsp], xmm0
	movsd xmm0, [rsp]
	add rsp, 8
	call _tan
	sub rsp, 8
	movsd [rsp], xmm0
	movsd xmm0, [rsp]
	add rsp, 8
	call _sqrt
	add rsp, 8 ; Remove alignment
	sub rsp, 8
	movsd [rsp], xmm0
	movsd xmm1, [rsp]
	add rsp, 8
	pxor xmm0, xmm0
	subsd xmm0, xmm1
	sub rsp, 8
	movsd [rsp], xmm0
	sub rsp, 8
	; Moving 8 bytes from rbp - 32 to rsp
		mov r10, [rbp - 32 + 0]
		mov [rsp + 0], r10
	movsd xmm0, [rsp]
	add rsp, 8
	call _sin
	sub rsp, 8
	movsd [rsp], xmm0
	sub rsp, 8
	; Moving 8 bytes from rbp - -16 to rsp
		mov r10, [rbp - -16 + 0]
		mov [rsp + 0], r10
	; Moving 16 bytes from rsp + 0 to rsp + 0
		mov r10, [rsp + 0 + 8]
		mov [rsp + 0 + 8], r10
		mov r10, [rsp + 0 + 0]
		mov [rsp + 0 + 0], r10
	add rsp, 0
	sub rsp, 16
	; Moving 16 bytes from rbp - -16 to rsp
		mov r10, [rbp - -16 + 8]
		mov [rsp + 8], r10
		mov r10, [rbp - -16 + 0]
		mov [rsp + 0], r10
	mov rax, [rel const5] ; 639
	push rax
	sub rsp, 8
	; Moving 8 bytes from rbp - 64 to rsp
		mov r10, [rbp - 64 + 0]
		mov [rsp + 0], r10
	pop rax
	pop r10
	add rax, r10
	push rax
	pop rdi
	call _to_float
	sub rsp, 8
	movsd [rsp], xmm0
	movsd xmm0, [rsp]
	add rsp, 8
	call _asin
	sub rsp, 8
	movsd [rsp], xmm0
	sub rsp, 16
	; Moving 16 bytes from rbp - -16 to rsp
		mov r10, [rbp - -16 + 8]
		mov [rsp + 8], r10
		mov r10, [rbp - -16 + 0]
		mov [rsp + 0], r10
	sub rsp, 8 ; Align stack
	mov rax, [rel const6] ; 11.22
	push rax
	mov rdi, 8
	sub rsp, 8 ; Align stack
	call _jpl_alloc
	add rsp, 8 ; Remove alignment
	; Moving 8 bytes from rsp to rax
		mov r10, [rsp + 0]
		mov [rax + 0], r10
	add rsp, 8
	push rax
	mov rax, 1
	push rax
	sub rsp, 8
	; Moving 8 bytes from rbp - 72 to rsp
		mov r10, [rbp - 72 + 0]
		mov [rsp + 0], r10
	sub rsp, 16
	; Moving 16 bytes from rbp - -16 to rsp
		mov r10, [rbp - -16 + 8]
		mov [rsp + 8], r10
		mov r10, [rbp - -16 + 0]
		mov [rsp + 0], r10
	mov rax, [rel const7] ; 414
	push rax
	sub rsp, 8
	; Moving 8 bytes from rbp - 40 to rsp
		mov r10, [rbp - 40 + 0]
		mov [rsp + 0], r10
	movsd xmm0, [rsp]
	add rsp, 8
	call _tan
	sub rsp, 8
	movsd [rsp], xmm0
	; Moving 32 bytes from rsp + 8 to rsp + 24
		mov r10, [rsp + 8 + 24]
		mov [rsp + 24 + 24], r10
		mov r10, [rsp + 8 + 16]
		mov [rsp + 24 + 16], r10
		mov r10, [rsp + 8 + 8]
		mov [rsp + 24 + 8], r10
		mov r10, [rsp + 8 + 0]
		mov [rsp + 24 + 0], r10
	add rsp, 24
	; Moving 8 bytes from rsp + 24 to rsp + 24
		mov r10, [rsp + 24 + 0]
		mov [rsp + 24 + 0], r10
	add rsp, 24
	movsd xmm0, [rsp]
	add rsp, 8
	call _exp
	add rsp, 8 ; Remove alignment
	sub rsp, 8
	movsd [rsp], xmm0
	sub rsp, 8
	; Moving 8 bytes from rbp - 72 to rsp
		mov r10, [rbp - 72 + 0]
		mov [rsp + 0], r10
	; Moving 8 bytes from rsp + 0 to rsp + 0
		mov r10, [rsp + 0 + 0]
		mov [rsp + 0 + 0], r10
	add rsp, 0
	; Moving 8 bytes from rsp + 0 to rsp + 0
		mov r10, [rsp + 0 + 0]
		mov [rsp + 0 + 0], r10
	add rsp, 0
	movsd xmm0, [rsp]
	add rsp, 8
	call _log
	sub rsp, 8
	movsd [rsp], xmm0
	sub rsp, 16
	; Moving 16 bytes from rbp - -16 to rsp
		mov r10, [rbp - -16 + 8]
		mov [rsp + 8], r10
		mov r10, [rbp - -16 + 0]
		mov [rsp + 0], r10
	sub rsp, 24
	lea rdi, [rsp]
	lea rsi, [rel const8] ; m.png
	call _read_image
	sub rsp, 16
	; Moving 16 bytes from rbp - 64 to rsp
		mov r10, [rbp - 64 + 8]
		mov [rsp + 8], r10
		mov r10, [rbp - 64 + 0]
		mov [rsp + 0], r10
	add rsp, 152 ; Local variables
	pop r12
	pop rbp
	ret

