global jpl_main
global _jpl_main
extern _fail_assertion
extern _jpl_alloc
extern _get_time
extern _show
extern _print
extern _print_time
extern _read_image
extern _write_image
extern _fmod
extern _sqrt
extern _exp
extern _sin
extern _cos
extern _tan
extern _asin
extern _acos
extern _atan
extern _log
extern _pow
extern _atan2
extern _to_int
extern _to_float

section .data
const0: dq 41.41
const1: dq 98.55
const2: db `(FloatType)`, 0
const3: dq 321
const4: dq 264
const5: db `e.png`, 0
const6: dq 87.89
const7: dq 544
const8: dq 212
const9: db `mod by zero`, 0
const10: db `l.png`, 0
const11: db `s.png`, 0

section .text
jpl_main:
_jpl_main:
	push rbp
	mov rbp, rsp
	push r12
	mov r12, rbp
	sub rsp, 8 ; Align stack
	mov rax, [rel const0] ; 41.41
	push rax
	movsd xmm0, [rsp]
	add rsp, 8
	call _cos
	sub rsp, 8
	movsd [rsp], xmm0
	sub rsp, 8 ; Align stack
	mov rax, [rel const1] ; 98.55
	push rax
	movsd xmm0, [rsp]
	add rsp, 8
	call _cos
	add rsp, 8 ; Remove alignment
	sub rsp, 8
	movsd [rsp], xmm0
	movsd xmm0, [rsp]
	add rsp, 8
	movsd xmm1, [rsp]
	add rsp, 8
	mulsd xmm0, xmm1
	sub rsp, 8
	movsd [rsp], xmm0
	movsd xmm0, [rsp]
	add rsp, 8
	call _log
	sub rsp, 8
	movsd [rsp], xmm0
	movsd xmm0, [rsp]
	add rsp, 8
	call _log
	sub rsp, 8
	movsd [rsp], xmm0
	movsd xmm0, [rsp]
	add rsp, 8
	call _atan
	add rsp, 8 ; Remove alignment
	sub rsp, 8
	movsd [rsp], xmm0
	lea rdi, [rel const2] ; (FloatType)
	lea rsi, [rsp]
	call _show
	add rsp, 8
	sub rsp, 16
	; Moving 16 bytes from rbp - -16 to rsp
		mov r10, [rbp - -16 + 8]
		mov [rsp + 8], r10
		mov r10, [rbp - -16 + 0]
		mov [rsp + 0], r10
	mov rax, [rel const3] ; 321
	push rax
	sub rsp, 8
	; Moving 8 bytes from rbp - -16 to rsp
		mov r10, [rbp - -16 + 0]
		mov [rsp + 0], r10
	mov rax, [rel const4] ; 264
	push rax
	; Moving 8 bytes from rsp + 0 to rsp + 8
		mov r10, [rsp + 0 + 0]
		mov [rsp + 8 + 0], r10
	add rsp, 8
	pop rdi
	call _to_float
	sub rsp, 8
	movsd [rsp], xmm0
	movsd xmm0, [rsp]
	add rsp, 8
	call _acos
	sub rsp, 8
	movsd [rsp], xmm0
	sub rsp, 24
	lea rdi, [rsp]
	lea rsi, [rel const5] ; e.png
	call _read_image
	sub rsp, 8
	; Moving 8 bytes from rbp - 40 to rsp
		mov r10, [rbp - 40 + 0]
		mov [rsp + 0], r10
	movsd xmm0, [rsp]
	add rsp, 8
	call _atan
	sub rsp, 8
	movsd [rsp], xmm0
	movsd xmm0, [rsp]
	add rsp, 8
	call _tan
	sub rsp, 8
	movsd [rsp], xmm0
	sub rsp, 24
	; Moving 24 bytes from rbp - 64 to rsp
		mov r10, [rbp - 64 + 16]
		mov [rsp + 16], r10
		mov r10, [rbp - 64 + 8]
		mov [rsp + 8], r10
		mov r10, [rbp - 64 + 0]
		mov [rsp + 0], r10
	mov rax, [rel const6] ; 87.89
	push rax
	movsd xmm0, [rsp]
	add rsp, 8
	call _log
	sub rsp, 8
	movsd [rsp], xmm0
	sub rsp, 8
	; Moving 8 bytes from rbp - 32 to rsp
		mov r10, [rbp - 32 + 0]
		mov [rsp + 0], r10
	sub rsp, 8
	; Moving 8 bytes from rbp - 32 to rsp
		mov r10, [rbp - 32 + 0]
		mov [rsp + 0], r10
	; Moving 40 bytes from rsp + 8 to rsp + 16
		mov r10, [rsp + 8 + 32]
		mov [rsp + 16 + 32], r10
		mov r10, [rsp + 8 + 24]
		mov [rsp + 16 + 24], r10
		mov r10, [rsp + 8 + 16]
		mov [rsp + 16 + 16], r10
		mov r10, [rsp + 8 + 8]
		mov [rsp + 16 + 8], r10
		mov r10, [rsp + 8 + 0]
		mov [rsp + 16 + 0], r10
	add rsp, 16
	; Moving 24 bytes from rsp + 16 to rsp + 16
		mov r10, [rsp + 16 + 16]
		mov [rsp + 16 + 16], r10
		mov r10, [rsp + 16 + 8]
		mov [rsp + 16 + 8], r10
		mov r10, [rsp + 16 + 0]
		mov [rsp + 16 + 0], r10
	add rsp, 16
	sub rsp, 8 ; Align stack
	mov rax, [rel const7] ; 544
	push rax
	mov rax, [rel const8] ; 212
	push rax
	pop rax
	pop r10
	cmp r10, 0
	jne .jump1
	lea rdi, [rel const9] ; mod by zero
	call _fail_assertion
.jump1:
	cqo
	idiv r10
	mov rax, rdx
	push rax
	pop rdi
	call _to_float
	add rsp, 8 ; Remove alignment
	sub rsp, 8
	movsd [rsp], xmm0
	sub rsp, 8
	; Moving 8 bytes from rbp - 24 to rsp
		mov r10, [rbp - 24 + 0]
		mov [rsp + 0], r10
	sub rsp, 8
	; Moving 8 bytes from rbp - 32 to rsp
		mov r10, [rbp - 32 + 0]
		mov [rsp + 0], r10
	sub rsp, 24
	lea rdi, [rsp]
	sub rsp, 8 ; Align stack
	lea rsi, [rel const10] ; l.png
	call _read_image
	add rsp, 8 ; Remove alignment
	sub rsp, 8
	; Moving 8 bytes from rbp - 104 to rsp
		mov r10, [rbp - 104 + 0]
		mov [rsp + 0], r10
	sub rsp, 16
	; Moving 16 bytes from rbp - 24 to rsp
		mov r10, [rbp - 24 + 8]
		mov [rsp + 8], r10
		mov r10, [rbp - 24 + 0]
		mov [rsp + 0], r10
	; Moving 16 bytes from rsp + 0 to rsp + 8
		mov r10, [rsp + 0 + 8]
		mov [rsp + 8 + 8], r10
		mov r10, [rsp + 0 + 0]
		mov [rsp + 8 + 0], r10
	add rsp, 8
	sub rsp, 8 ; Align stack
	sub rsp, 8
	; Moving 8 bytes from rbp - 96 to rsp
		mov r10, [rbp - 96 + 0]
		mov [rsp + 0], r10
	movsd xmm0, [rsp]
	add rsp, 8
	call _asin
	sub rsp, 8
	movsd [rsp], xmm0
	movsd xmm0, [rsp]
	add rsp, 8
	call _exp
	add rsp, 8 ; Remove alignment
	sub rsp, 8
	movsd [rsp], xmm0
	sub rsp, 8
	; Moving 8 bytes from rbp - 40 to rsp
		mov r10, [rbp - 40 + 0]
		mov [rsp + 0], r10
	sub rsp, 16
	; Moving 16 bytes from rbp - -16 to rsp
		mov r10, [rbp - -16 + 8]
		mov [rsp + 8], r10
		mov r10, [rbp - -16 + 0]
		mov [rsp + 0], r10
	; Moving 16 bytes from rsp + 0 to rsp + 0
		mov r10, [rsp + 0 + 8]
		mov [rsp + 0 + 8], r10
		mov r10, [rsp + 0 + 0]
		mov [rsp + 0 + 0], r10
	add rsp, 0
	sub rsp, 8
	; Moving 8 bytes from rbp - 112 to rsp
		mov r10, [rbp - 112 + 0]
		mov [rsp + 0], r10
	sub rsp, 8
	; Moving 8 bytes from rbp - 104 to rsp
		mov r10, [rbp - 104 + 0]
		mov [rsp + 0], r10
	pop rax
	pop r10
	cmp rax, r10
	setle al
	and rax, 1
	push rax
	pop rax
	xor rax, 1
	push rax
	; Moving 24 bytes from rsp + 0 to rsp + 16
		mov r10, [rsp + 0 + 16]
		mov [rsp + 16 + 16], r10
		mov r10, [rsp + 0 + 8]
		mov [rsp + 16 + 8], r10
		mov r10, [rsp + 0 + 0]
		mov [rsp + 16 + 0], r10
	add rsp, 16
	sub rsp, 8
	; Moving 8 bytes from rbp - 96 to rsp
		mov r10, [rbp - 96 + 0]
		mov [rsp + 0], r10
	movsd xmm0, [rsp]
	add rsp, 8
	call _sqrt
	sub rsp, 8
	movsd [rsp], xmm0
	movsd xmm0, [rsp]
	add rsp, 8
	call _acos
	sub rsp, 8
	movsd [rsp], xmm0
	movsd xmm0, [rsp]
	add rsp, 8
	call _acos
	sub rsp, 8
	movsd [rsp], xmm0
	movsd xmm0, [rsp]
	add rsp, 8
	call _sin
	sub rsp, 8
	movsd [rsp], xmm0
	movsd xmm0, [rsp]
	add rsp, 8
	call _asin
	sub rsp, 8
	movsd [rsp], xmm0
	sub rsp, 24
	lea rdi, [rsp]
	lea rsi, [rel const11] ; s.png
	call _read_image
	add rsp, 200 ; Local variables
	pop r12
	pop rbp
	ret

