global jpl_main
global _jpl_main
extern _fail_assertion
extern _jpl_alloc
extern _get_time
extern _show
extern _print
extern _print_time
extern _read_image
extern _write_image
extern _fmod
extern _sqrt
extern _exp
extern _sin
extern _cos
extern _tan
extern _asin
extern _acos
extern _atan
extern _log
extern _pow
extern _atan2
extern _to_int
extern _to_float

section .data
const0: dq 492
const1: db `(FloatType)`, 0
const2: dq 16.18
const3: dq 1
const4: dq 49.77
const5: dq 268

section .text
jpl_main:
_jpl_main:
	push rbp
	mov rbp, rsp
	push r12
	mov r12, rbp
	sub rsp, 8 ; Align stack
	mov rax, [rel const0] ; 492
	push rax
	pop rax
	neg rax
	push rax
	pop rdi
	call _to_float
	add rsp, 8 ; Remove alignment
	sub rsp, 8
	movsd [rsp], xmm0
	lea rdi, [rel const1] ; (FloatType)
	lea rsi, [rsp]
	call _show
	add rsp, 8
	sub rsp, 8 ; Align stack
	mov rax, [rel const2] ; 16.18
	push rax
	movsd xmm0, [rsp]
	add rsp, 8
	call _log
	sub rsp, 8
	movsd [rsp], xmm0
	movsd xmm0, [rsp]
	add rsp, 8
	call _atan
	sub rsp, 8
	movsd [rsp], xmm0
	movsd xmm0, [rsp]
	add rsp, 8
	call _asin
	sub rsp, 8
	movsd [rsp], xmm0
	movsd xmm0, [rsp]
	add rsp, 8
	call _log
	sub rsp, 8
	movsd [rsp], xmm0
	movsd xmm0, [rsp]
	add rsp, 8
	call _sin
	add rsp, 8 ; Remove alignment
	sub rsp, 8
	movsd [rsp], xmm0
	sub rsp, 8
	; Moving 8 bytes from rbp - 16 to rsp
		mov r10, [rbp - 16 + 0]
		mov [rsp + 0], r10
	movsd xmm0, [rsp]
	add rsp, 8
	call _sqrt
	sub rsp, 8
	movsd [rsp], xmm0
	movsd xmm0, [rsp]
	add rsp, 8
	call _acos
	sub rsp, 8
	movsd [rsp], xmm0
	sub rsp, 8 ; Align stack
	sub rsp, 8
	; Moving 8 bytes from rbp - -16 to rsp
		mov r10, [rbp - -16 + 0]
		mov [rsp + 0], r10
	pop rdi
	call _to_float
	sub rsp, 8
	movsd [rsp], xmm0
	sub rsp, 8
	; Moving 8 bytes from rbp - 24 to rsp
		mov r10, [rbp - 24 + 0]
		mov [rsp + 0], r10
	movsd xmm0, [rsp]
	add rsp, 8
	movsd xmm1, [rsp]
	add rsp, 8
	call _atan2
	sub rsp, 8
	movsd [rsp], xmm0
	movsd xmm0, [rsp]
	add rsp, 8
	call _cos
	sub rsp, 8
	movsd [rsp], xmm0
	movsd xmm0, [rsp]
	add rsp, 8
	call _exp
	sub rsp, 8
	movsd [rsp], xmm0
	movsd xmm0, [rsp]
	add rsp, 8
	call _log
	add rsp, 8 ; Remove alignment
	sub rsp, 8
	movsd [rsp], xmm0
	lea rdi, [rel const1] ; (FloatType)
	lea rsi, [rsp]
	call _show
	add rsp, 8
	sub rsp, 8 ; Align stack
	sub rsp, 8
	; Moving 8 bytes from rbp - 24 to rsp
		mov r10, [rbp - 24 + 0]
		mov [rsp + 0], r10
	movsd xmm0, [rsp]
	add rsp, 8
	call _log
	sub rsp, 8
	movsd [rsp], xmm0
	sub rsp, 8 ; Align stack
	sub rsp, 8
	; Moving 8 bytes from rbp - -16 to rsp
		mov r10, [rbp - -16 + 0]
		mov [rsp + 0], r10
	pop rdi
	call _to_float
	add rsp, 8 ; Remove alignment
	sub rsp, 8
	movsd [rsp], xmm0
	sub rsp, 8
	; Moving 8 bytes from rbp - 16 to rsp
		mov r10, [rbp - 16 + 0]
		mov [rsp + 0], r10
	movsd xmm0, [rsp]
	add rsp, 8
	call _asin
	sub rsp, 8
	movsd [rsp], xmm0
	; Moving 8 bytes from rsp + 0 to rsp + 16
		mov r10, [rsp + 0 + 0]
		mov [rsp + 16 + 0], r10
	add rsp, 16
	movsd xmm0, [rsp]
	add rsp, 8
	call _acos
	add rsp, 8 ; Remove alignment
	sub rsp, 8
	movsd [rsp], xmm0
	sub rsp, 8
	; Moving 8 bytes from rbp - 16 to rsp
		mov r10, [rbp - 16 + 0]
		mov [rsp + 0], r10
	movsd xmm0, [rsp]
	add rsp, 8
	call _asin
	sub rsp, 8
	movsd [rsp], xmm0
	movsd xmm0, [rsp]
	add rsp, 8
	call _acos
	sub rsp, 8
	movsd [rsp], xmm0
	movsd xmm0, [rsp]
	add rsp, 8
	call _log
	sub rsp, 8
	movsd [rsp], xmm0
	movsd xmm0, [rsp]
	add rsp, 8
	call _sin
	sub rsp, 8
	movsd [rsp], xmm0
	movsd xmm0, [rsp]
	add rsp, 8
	movsd xmm1, [rsp]
	add rsp, 8
	cmpeqsd xmm0, xmm1
	movq rax, xmm0
	and rax, 1
	push rax
	mov rax, [rel const3] ; True
	push rax
	pop rax
	xor rax, 1
	push rax
	pop rax
	xor rax, 1
	push rax
	sub rsp, 8 ; Align stack
	sub rsp, 8
	; Moving 8 bytes from rbp - 16 to rsp
		mov r10, [rbp - 16 + 0]
		mov [rsp + 0], r10
	mov rax, [rel const4] ; 49.77
	push rax
	movsd xmm0, [rsp]
	add rsp, 8
	movsd xmm1, [rsp]
	add rsp, 8
	call _atan2
	sub rsp, 8
	movsd [rsp], xmm0
	movsd xmm0, [rsp]
	add rsp, 8
	call _to_int
	add rsp, 8 ; Remove alignment
	push rax
	sub rsp, 16
	; Moving 16 bytes from rbp - -16 to rsp
		mov r10, [rbp - -16 + 8]
		mov [rsp + 8], r10
		mov r10, [rbp - -16 + 0]
		mov [rsp + 0], r10
	sub rsp, 16
	; Moving 16 bytes from rbp - -16 to rsp
		mov r10, [rbp - -16 + 8]
		mov [rsp + 8], r10
		mov r10, [rbp - -16 + 0]
		mov [rsp + 0], r10
	; Moving 32 bytes from rsp + 0 to rsp + 8
		mov r10, [rsp + 0 + 24]
		mov [rsp + 8 + 24], r10
		mov r10, [rsp + 0 + 16]
		mov [rsp + 8 + 16], r10
		mov r10, [rsp + 0 + 8]
		mov [rsp + 8 + 8], r10
		mov r10, [rsp + 0 + 0]
		mov [rsp + 8 + 0], r10
	add rsp, 8
	; Moving 16 bytes from rsp + 16 to rsp + 16
		mov r10, [rsp + 16 + 8]
		mov [rsp + 16 + 8], r10
		mov r10, [rsp + 16 + 0]
		mov [rsp + 16 + 0], r10
	add rsp, 16
	sub rsp, 8
	; Moving 8 bytes from rbp - 16 to rsp
		mov r10, [rbp - 16 + 0]
		mov [rsp + 0], r10
	mov rax, [rel const5] ; 268
	push rax
	mov rax, [rel const3] ; True
	push rax
	sub rsp, 8
	; Moving 8 bytes from rbp - 32 to rsp
		mov r10, [rbp - 32 + 0]
		mov [rsp + 0], r10
	pop rax
	xor rax, 1
	push rax
	; Moving 0 bytes from rsp + 16 to rsp + 16
	add rsp, 16
	sub rsp, 8
	; Moving 8 bytes from rbp - 32 to rsp
		mov r10, [rbp - 32 + 0]
		mov [rsp + 0], r10
	; Moving 0 bytes from rsp + 8 to rsp + 16
	add rsp, 16
	sub rsp, 16
	; Moving 16 bytes from rbp - 56 to rsp
		mov r10, [rbp - 56 + 8]
		mov [rsp + 8], r10
		mov r10, [rbp - 56 + 0]
		mov [rsp + 0], r10
	add rsp, 72 ; Local variables
	pop r12
	pop rbp
	ret

