global jpl_main
global _jpl_main
extern _fail_assertion
extern _jpl_alloc
extern _get_time
extern _show
extern _print
extern _print_time
extern _read_image
extern _write_image
extern _fmod
extern _sqrt
extern _exp
extern _sin
extern _cos
extern _tan
extern _asin
extern _acos
extern _atan
extern _log
extern _pow
extern _atan2
extern _to_int
extern _to_float

section .data
const0: db `b.png`, 0
const1: db `c.png`, 0
const2: dq 483
const3: dq 898
const4: db `mod by zero`, 0
const5: dq 44.52
const6: dq 93.89
const7: dq 691
const8: dq 555
const9: dq 1
const10: db `(FloatType)`, 0
const11: db `j.png`, 0

section .text
jpl_main:
_jpl_main:
	push rbp
	mov rbp, rsp
	push r12
	mov r12, rbp
	sub rsp, 8 ; Align stack
	sub rsp, 8
	; Moving 8 bytes from rbp - -16 to rsp
		mov r10, [rbp - -16 + 0]
		mov [rsp + 0], r10
	pop rdi
	call _to_float
	sub rsp, 8
	movsd [rsp], xmm0
	movsd xmm0, [rsp]
	add rsp, 8
	call _acos
	sub rsp, 8
	movsd [rsp], xmm0
	movsd xmm0, [rsp]
	add rsp, 8
	call _log
	sub rsp, 8
	movsd [rsp], xmm0
	movsd xmm0, [rsp]
	add rsp, 8
	call _tan
	sub rsp, 8
	movsd [rsp], xmm0
	movsd xmm0, [rsp]
	add rsp, 8
	call _atan
	add rsp, 8 ; Remove alignment
	sub rsp, 8
	movsd [rsp], xmm0
	sub rsp, 24
	lea rdi, [rsp]
	sub rsp, 8 ; Align stack
	lea rsi, [rel const0] ; b.png
	call _read_image
	add rsp, 8 ; Remove alignment
	sub rsp, 24
	lea rdi, [rsp]
	lea rsi, [rel const1] ; c.png
	call _read_image
	sub rsp, 8
	; Moving 8 bytes from rbp - -16 to rsp
		mov r10, [rbp - -16 + 0]
		mov [rsp + 0], r10
	pop rdi
	call _to_float
	sub rsp, 8
	movsd [rsp], xmm0
	movsd xmm0, [rsp]
	add rsp, 8
	call _sin
	sub rsp, 8
	movsd [rsp], xmm0
	movsd xmm0, [rsp]
	add rsp, 8
	call _asin
	sub rsp, 8
	movsd [rsp], xmm0
	sub rsp, 8 ; Align stack
	sub rsp, 8
	; Moving 8 bytes from rbp - 16 to rsp
		mov r10, [rbp - 16 + 0]
		mov [rsp + 0], r10
	movsd xmm0, [rsp]
	add rsp, 8
	call _sin
	sub rsp, 8
	movsd [rsp], xmm0
	sub rsp, 8 ; Align stack
	sub rsp, 8
	; Moving 8 bytes from rbp - 16 to rsp
		mov r10, [rbp - 16 + 0]
		mov [rsp + 0], r10
	movsd xmm0, [rsp]
	add rsp, 8
	call _acos
	sub rsp, 8
	movsd [rsp], xmm0
	movsd xmm0, [rsp]
	add rsp, 8
	call _acos
	add rsp, 8 ; Remove alignment
	sub rsp, 8
	movsd [rsp], xmm0
	movsd xmm0, [rsp]
	add rsp, 8
	movsd xmm1, [rsp]
	add rsp, 8
	call _atan2
	add rsp, 8 ; Remove alignment
	sub rsp, 8
	movsd [rsp], xmm0
	; Moving 8 bytes from rsp + 0 to rsp + 8
		mov r10, [rsp + 0 + 0]
		mov [rsp + 8 + 0], r10
	add rsp, 8
	sub rsp, 8 ; Align stack
	sub rsp, 8
	; Moving 8 bytes from rbp - 16 to rsp
		mov r10, [rbp - 16 + 0]
		mov [rsp + 0], r10
	movsd xmm0, [rsp]
	add rsp, 8
	call _asin
	sub rsp, 8
	movsd [rsp], xmm0
	movsd xmm0, [rsp]
	add rsp, 8
	call _log
	sub rsp, 8
	movsd [rsp], xmm0
	movsd xmm0, [rsp]
	add rsp, 8
	call _sqrt
	add rsp, 8 ; Remove alignment
	sub rsp, 8
	movsd [rsp], xmm0
	sub rsp, 8
	; Moving 8 bytes from rbp - 80 to rsp
		mov r10, [rbp - 80 + 0]
		mov [rsp + 0], r10
	sub rsp, 8 ; Align stack
	mov rax, [rel const2] ; 483
	push rax
	mov rax, [rel const3] ; 898
	push rax
	pop rax
	pop r10
	cmp r10, 0
	jne .jump1
	lea rdi, [rel const4] ; mod by zero
	call _fail_assertion
.jump1:
	cqo
	idiv r10
	mov rax, rdx
	push rax
	pop rdi
	call _to_float
	sub rsp, 8
	movsd [rsp], xmm0
	movsd xmm0, [rsp]
	add rsp, 8
	call _sqrt
	sub rsp, 8
	movsd [rsp], xmm0
	sub rsp, 8 ; Align stack
	sub rsp, 8
	; Moving 8 bytes from rbp - 72 to rsp
		mov r10, [rbp - 72 + 0]
		mov [rsp + 0], r10
	sub rsp, 8 ; Align stack
	mov rax, [rel const5] ; 44.52
	push rax
	movsd xmm0, [rsp]
	add rsp, 8
	call _atan
	add rsp, 8 ; Remove alignment
	sub rsp, 8
	movsd [rsp], xmm0
	movsd xmm0, [rsp]
	add rsp, 8
	movsd xmm1, [rsp]
	add rsp, 8
	call _pow
	sub rsp, 8
	movsd [rsp], xmm0
	movsd xmm0, [rsp]
	add rsp, 8
	call _exp
	add rsp, 8 ; Remove alignment
	sub rsp, 8
	movsd [rsp], xmm0
	movsd xmm0, [rsp]
	add rsp, 8
	movsd xmm1, [rsp]
	add rsp, 8
	call _pow
	add rsp, 8 ; Remove alignment
	sub rsp, 8
	movsd [rsp], xmm0
	sub rsp, 8
	; Moving 8 bytes from rbp - 16 to rsp
		mov r10, [rbp - 16 + 0]
		mov [rsp + 0], r10
	movsd xmm0, [rsp]
	add rsp, 8
	call _cos
	sub rsp, 8
	movsd [rsp], xmm0
	movsd xmm0, [rsp]
	add rsp, 8
	call _cos
	sub rsp, 8
	movsd [rsp], xmm0
	movsd xmm0, [rsp]
	add rsp, 8
	call _cos
	sub rsp, 8
	movsd [rsp], xmm0
	movsd xmm1, [rsp]
	add rsp, 8
	pxor xmm0, xmm0
	subsd xmm0, xmm1
	sub rsp, 8
	movsd [rsp], xmm0
	sub rsp, 8 ; Align stack
	sub rsp, 8
	; Moving 8 bytes from rbp - 80 to rsp
		mov r10, [rbp - 80 + 0]
		mov [rsp + 0], r10
	movsd xmm0, [rsp]
	add rsp, 8
	call _exp
	sub rsp, 8
	movsd [rsp], xmm0
	sub rsp, 8 ; Align stack
	sub rsp, 8
	; Moving 8 bytes from rbp - 80 to rsp
		mov r10, [rbp - 80 + 0]
		mov [rsp + 0], r10
	movsd xmm0, [rsp]
	add rsp, 8
	call _sqrt
	add rsp, 8 ; Remove alignment
	sub rsp, 8
	movsd [rsp], xmm0
	movsd xmm0, [rsp]
	add rsp, 8
	movsd xmm1, [rsp]
	add rsp, 8
	call _pow
	add rsp, 8 ; Remove alignment
	sub rsp, 8
	movsd [rsp], xmm0
	mov rdi, 24
	call _jpl_alloc
	; Moving 24 bytes from rsp to rax
		mov r10, [rsp + 16]
		mov [rax + 16], r10
		mov r10, [rsp + 8]
		mov [rax + 8], r10
		mov r10, [rsp + 0]
		mov [rax + 0], r10
	add rsp, 24
	push rax
	mov rax, 3
	push rax
	sub rsp, 8 ; Align stack
	mov rax, [rel const6] ; 93.89
	push rax
	movsd xmm0, [rsp]
	add rsp, 8
	call _sqrt
	add rsp, 8 ; Remove alignment
	sub rsp, 8
	movsd [rsp], xmm0
	mov rax, [rel const7] ; 691
	push rax
	mov rax, [rel const8] ; 555
	push rax
	mov rdi, 16
	call _jpl_alloc
	; Moving 16 bytes from rsp to rax
		mov r10, [rsp + 8]
		mov [rax + 8], r10
		mov r10, [rsp + 0]
		mov [rax + 0], r10
	add rsp, 16
	push rax
	mov rax, 2
	push rax
	mov rax, [rel const9] ; True
	push rax
	; Moving 32 bytes from rsp + 0 to rsp + 0
		mov r10, [rsp + 0 + 24]
		mov [rsp + 0 + 24], r10
		mov r10, [rsp + 0 + 16]
		mov [rsp + 0 + 16], r10
		mov r10, [rsp + 0 + 8]
		mov [rsp + 0 + 8], r10
		mov r10, [rsp + 0 + 0]
		mov [rsp + 0 + 0], r10
	add rsp, 0
	; Moving 8 bytes from rsp + 0 to rsp + 24
		mov r10, [rsp + 0 + 0]
		mov [rsp + 24 + 0], r10
	add rsp, 24
	sub rsp, 8 ; Align stack
	sub rsp, 8 ; Align stack
	sub rsp, 8
	; Moving 8 bytes from rbp - 88 to rsp
		mov r10, [rbp - 88 + 0]
		mov [rsp + 0], r10
	movsd xmm1, [rsp]
	add rsp, 8
	pxor xmm0, xmm0
	subsd xmm0, xmm1
	sub rsp, 8
	movsd [rsp], xmm0
	movsd xmm0, [rsp]
	add rsp, 8
	call _cos
	sub rsp, 8
	movsd [rsp], xmm0
	sub rsp, 8 ; Align stack
	sub rsp, 8
	; Moving 8 bytes from rbp - 16 to rsp
		mov r10, [rbp - 16 + 0]
		mov [rsp + 0], r10
	movsd xmm0, [rsp]
	add rsp, 8
	call _sqrt
	add rsp, 8 ; Remove alignment
	sub rsp, 8
	movsd [rsp], xmm0
	movsd xmm0, [rsp]
	add rsp, 8
	movsd xmm1, [rsp]
	add rsp, 8
	call _atan2
	sub rsp, 8
	movsd [rsp], xmm0
	movsd xmm0, [rsp]
	add rsp, 8
	call _asin
	add rsp, 8 ; Remove alignment
	sub rsp, 8
	movsd [rsp], xmm0
	lea rdi, [rel const10] ; (FloatType)
	lea rsi, [rsp]
	call _show
	add rsp, 8
	add rsp, 8 ; Remove alignment
	sub rsp, 24
	lea rdi, [rsp]
	sub rsp, 8 ; Align stack
	lea rsi, [rel const11] ; j.png
	call _read_image
	add rsp, 8 ; Remove alignment
	add rsp, 128 ; Local variables
	pop r12
	pop rbp
	ret

