(AssertCmd
 (ArrayLoopExpr x (IntExpr 1) (ArrayIndexExpr (VarExpr f) (VarExpr x)))
 "")
