(PrintCmd "")
(ShowCmd
 (SumLoopExpr
  p6h.
  (TupleLiteralExpr (FalseExpr))
  (ArrayLoopExpr x7_6 (CallExpr V_._6Oi3_3) (FloatExpr 701))))
(LetCmd (ArgLValue (ArrayArgument s_2 dW y)) (TupleLiteralExpr))
(ShowCmd (VarExpr l88))
(PrintCmd ": '")
(TypeCmd M (TupleType (FloatType)))
(PrintCmd "")
(TimeCmd
 (ShowCmd
  (TupleLiteralExpr
   (CallExpr bl1 (ArrayLiteralExpr (VarExpr d4__)) (IntExpr 0)))))
(LetCmd
 (TupleLValue
  (ArgLValue (VarArgument n))
  (TupleLValue (TupleLValue (ArgLValue (ArrayArgument x02..43)))))
 (FloatExpr 0))
(PrintCmd "")
(TimeCmd (LetCmd (ArgLValue (VarArgument IF_)) (VarExpr pj_C1..2av.)))
(PrintCmd "_}")
(PrintCmd "")
(AssertCmd (FalseExpr) "+")
