(ShowCmd (IntExpr 63))
(AssertCmd (UnopExpr - (FalseExpr)) "=")
(PrintCmd "'&")
(ReadCmd "@" (VarArgument I_.5_))
(ReadCmd "*" (VarArgument x66))
(LetCmd (ArgLValue (VarArgument K5)) (FalseExpr))
(ReadCmd "+" (VarArgument F))
(ShowCmd (BinopExpr (TrueExpr) >= (ArrayLiteralExpr)))
(ShowCmd (IntExpr 4))
(ReadCmd ",_%" (VarArgument q0l))
(TimeCmd
 (AssertCmd
  (UnopExpr
   -
   (ArrayIndexExpr
    (CallExpr O)
    (UnopExpr - (FalseExpr))
    (VarExpr Ir)
    (ArrayLiteralExpr)
    (ArrayLoopExpr (VarExpr GO.))
    (TrueExpr)))
  ""))
(ReadCmd "/" (VarArgument Xr_.))
(ReadCmd "" (VarArgument b))
(PrintCmd "")
(ReadCmd "" (VarArgument B_t6_))
