(PrintCmd "|%?]@]=#_$")
(ReadCmd "=^?)" (VarArgument A))
(TypeCmd f2._ (VarType x))
(ShowCmd (TrueExpr))
(TimeCmd
 (WriteCmd
  (TupleLiteralExpr
   (CallExpr A)
   (ArrayLiteralExpr (VarExpr cC))
   (TupleLiteralExpr)
   (FalseExpr)
   (CallExpr G (CallExpr j (FalseExpr) (FalseExpr))))
  ""))
(AssertCmd (TupleLiteralExpr) "")
(ShowCmd (ArrayLiteralExpr (VarExpr t_)))
(ReadCmd "'^" (VarArgument F_614n241_p10L))
(LetCmd (TupleLValue) (ArrayLiteralExpr (TupleLiteralExpr)))
(WriteCmd (UnopExpr ! (FalseExpr)) "")
(ShowCmd (VarExpr s_))
