(ShowCmd
 (BinopExpr (FloatType) (FloatExpr (FloatType) 1) * (FloatExpr (FloatType) 1)))
