(ShowCmd (UnopExpr (BoolType) ! (FalseExpr (BoolType))))
