(ShowCmd
 (TupleLiteralExpr
  (TupleType (BoolType) (IntType))
  (TrueExpr (BoolType))
  (IntExpr (IntType) 1)))
