(ReadCmd "" (VarArgument x))
(TypeCmd q (VarType X))
