(WriteCmd (VarExpr E) "")
(TypeCmd M (FloatType))
(LetCmd (ArgLValue (VarArgument a)) (IntExpr 180))
(TypeCmd T4J_ (BoolType))
(WriteCmd (FalseExpr) "@n")
(WriteCmd (FalseExpr) "U")
(ShowCmd (FalseExpr))
(TypeCmd v (VarType W9I.))
(ReadCmd "t" (VarArgument m))
