(WriteCmd FalseExpr "")
(ReadCmd "i~" (VarArgument x2V.))
(LetCmd (ArgLValue (VarArgument Y)) (IntExpr 78))
(ReadCmd "" (VarArgument a))
(LetCmd (ArgLValue (VarArgument s0D.)) (FloatExpr 35))
(ReadCmd "" (VarArgument I1w_6Z.8X.))
(PrintCmd "")
(ReadCmd "#" (VarArgument u5c_))
(PrintCmd "")
