(ShowCmd
 (ArrayLiteralExpr
  (ArrayType (BoolType) 1)
  (BinopExpr
   (BoolType)
   (BinopExpr
    (FloatType)
    (UnopExpr (FloatType) - (FloatExpr (FloatType) 51))
    %
    (FloatExpr (FloatType) 36))
   !=
   (UnopExpr
    (FloatType)
    -
    (BinopExpr
     (FloatType)
     (IfExpr
      (FloatType)
      (TrueExpr)
      (FloatExpr (FloatType) 12)
      (FloatExpr (FloatType) 35))
     +
     (FloatExpr (FloatType) 30))))))
