(ShowCmd
 (ArrayIndexExpr
  (ArrayType
   (ArrayType (TupleType (FloatType) (FloatType) (FloatType) (FloatType)) 2)
   1)
  (IfExpr
   (ArrayType
    (ArrayType
     (ArrayType (TupleType (FloatType) (FloatType) (FloatType) (FloatType)) 2)
     1)
    1)
   (BinopExpr
    (BoolType)
    (TrueExpr)
    !=
    (BinopExpr
     (BoolType)
     (IfExpr
      (FloatType)
      (TrueExpr)
      (FloatExpr (FloatType) 19)
      (FloatExpr (FloatType) 97))
     <=
     (FloatExpr (FloatType) 2)))
   (ArrayLiteralExpr
    (ArrayType
     (ArrayType
      (ArrayType (TupleType (FloatType) (FloatType) (FloatType) (FloatType)) 2)
      1)
     1)
    (ArrayLiteralExpr
     (ArrayType
      (ArrayType (TupleType (FloatType) (FloatType) (FloatType) (FloatType)) 2)
      1)
     (VarExpr
      (ArrayType (TupleType (FloatType) (FloatType) (FloatType) (FloatType)) 2)
      pict.)
     (VarExpr
      (ArrayType (TupleType (FloatType) (FloatType) (FloatType) (FloatType)) 2)
      pict.)))
   (ArrayLiteralExpr
    (ArrayType
     (ArrayType
      (ArrayType (TupleType (FloatType) (FloatType) (FloatType) (FloatType)) 2)
      1)
     1)
    (ArrayLiteralExpr
     (ArrayType
      (ArrayType (TupleType (FloatType) (FloatType) (FloatType) (FloatType)) 2)
      1)
     (VarExpr
      (ArrayType (TupleType (FloatType) (FloatType) (FloatType) (FloatType)) 2)
      pict.))
    (IfExpr
     (ArrayType
      (ArrayType (TupleType (FloatType) (FloatType) (FloatType) (FloatType)) 2)
      1)
     (UnopExpr (BoolType) ! (FalseExpr))
     (ArrayLiteralExpr
      (ArrayType
       (ArrayType
        (TupleType (FloatType) (FloatType) (FloatType) (FloatType))
        2)
       1)
      (VarExpr
       (ArrayType
        (TupleType (FloatType) (FloatType) (FloatType) (FloatType))
        2)
       pict.)
      (VarExpr
       (ArrayType
        (TupleType (FloatType) (FloatType) (FloatType) (FloatType))
        2)
       pict.)
      (VarExpr
       (ArrayType
        (TupleType (FloatType) (FloatType) (FloatType) (FloatType))
        2)
       pict.))
     (ArrayLiteralExpr
      (ArrayType
       (ArrayType
        (TupleType (FloatType) (FloatType) (FloatType) (FloatType))
        2)
       1)
      (VarExpr
       (ArrayType
        (TupleType (FloatType) (FloatType) (FloatType) (FloatType))
        2)
       pict.)
      (VarExpr
       (ArrayType
        (TupleType (FloatType) (FloatType) (FloatType) (FloatType))
        2)
       pict.)
      (VarExpr
       (ArrayType
        (TupleType (FloatType) (FloatType) (FloatType) (FloatType))
        2)
       pict.)))
    (ArrayLiteralExpr
     (ArrayType
      (ArrayType (TupleType (FloatType) (FloatType) (FloatType) (FloatType)) 2)
      1)
     (VarExpr
      (ArrayType (TupleType (FloatType) (FloatType) (FloatType) (FloatType)) 2)
      pict.)
     (VarExpr
      (ArrayType (TupleType (FloatType) (FloatType) (FloatType) (FloatType)) 2)
      pict.))))
  (BinopExpr
   (IntType)
   (BinopExpr
    (IntType)
    (IntExpr (IntType) 738)
    /
    (UnopExpr (IntType) - (IntExpr (IntType) 851)))
   %
   (UnopExpr (IntType) - (IntExpr (IntType) 820)))))
