(ShowCmd
 (UnopExpr
  (IntType)
  -
  (ArrayIndexExpr
   (IntType)
   (ArrayLiteralExpr (ArrayType (IntType) 1) (IntExpr (IntType) 765))
   (UnopExpr
    (IntType)
    -
    (IfExpr
     (IntType)
     (FalseExpr)
     (IntExpr (IntType) 218)
     (UnopExpr (IntType) - (IntExpr (IntType) 857)))))))
