(ShowCmd
 (UnopExpr
  (BoolType)
  !
  (BinopExpr
   (BoolType)
   (BinopExpr
    (BoolType)
    (IntExpr (IntType) 831)
    >
    (UnopExpr (IntType) - (UnopExpr (IntType) - (IntExpr (IntType) 740))))
   ||
   (BinopExpr
    (BoolType)
    (BinopExpr
     (BoolType)
     (BinopExpr (BoolType) (IntExpr (IntType) 391) < (IntExpr (IntType) 351))
     &&
     (TrueExpr (BoolType)))
    &&
    (IfExpr
     (BoolType)
     (TrueExpr (BoolType))
     (FalseExpr (BoolType))
     (TrueExpr (BoolType)))))))
