(ShowCmd
 (ArrayLiteralExpr
  (ArrayType (FloatType) 1)
  (BinopExpr
   (FloatType)
   (ArrayIndexExpr
    (FloatType)
    (IfExpr
     (ArrayType (FloatType) 1)
     (BinopExpr
      (BoolType)
      (FloatExpr (FloatType) 15)
      >=
      (FloatExpr (FloatType) 28))
     (ArrayLiteralExpr (ArrayType (FloatType) 1) (FloatExpr (FloatType) 93))
     (ArrayLiteralExpr (ArrayType (FloatType) 1) (FloatExpr (FloatType) 39)))
    (IntExpr (IntType) 577))
   +
   (IfExpr
    (FloatType)
    (TrueExpr)
    (IfExpr
     (FloatType)
     (BinopExpr (BoolType) (FalseExpr) || (TrueExpr))
     (UnopExpr (FloatType) - (FloatExpr (FloatType) 6))
     (FloatExpr (FloatType) 16))
    (BinopExpr
     (FloatType)
     (UnopExpr (FloatType) - (FloatExpr (FloatType) 39))
     %
     (UnopExpr (FloatType) - (FloatExpr (FloatType) 38)))))))
