(ShowCmd
 (TupleLiteralExpr
  (TupleType (BoolType) (BoolType))
  (UnopExpr
   (BoolType)
   !
   (BinopExpr
    (BoolType)
    (UnopExpr (IntType) - (IntExpr (IntType) 716))
    >
    (BinopExpr
     (IntType)
     (UnopExpr (IntType) - (IntExpr (IntType) 61))
     /
     (BinopExpr (IntType) (IntExpr (IntType) 202) * (IntExpr (IntType) 25)))))
  (BinopExpr
   (BoolType)
   (BinopExpr
    (BoolType)
    (BinopExpr
     (BoolType)
     (IntExpr (IntType) 527)
     !=
     (BinopExpr (IntType) (IntExpr (IntType) 589) - (IntExpr (IntType) 390)))
    !=
    (IfExpr
     (BoolType)
     (BinopExpr
      (BoolType)
      (FloatExpr (FloatType) 30)
      >
      (FloatExpr (FloatType) 80))
     (TrueExpr)
     (UnopExpr (BoolType) ! (TrueExpr))))
   ==
   (BinopExpr
    (BoolType)
    (BinopExpr
     (BoolType)
     (BinopExpr
      (FloatType)
      (FloatExpr (FloatType) 81)
      /
      (FloatExpr (FloatType) 49))
     <=
     (FloatExpr (FloatType) 38))
    ||
    (FalseExpr)))))
