(ShowCmd
 (IfExpr
  (BoolType)
  (UnopExpr (BoolType) ! (UnopExpr (BoolType) ! (TrueExpr)))
  (UnopExpr
   (BoolType)
   !
   (BinopExpr
    (BoolType)
    (BinopExpr
     (IntType)
     (BinopExpr (IntType) (IntExpr (IntType) 389) - (IntExpr (IntType) 269))
     %
     (IntExpr (IntType) 44))
    >=
    (UnopExpr (IntType) - (IntExpr (IntType) 15))))
  (BinopExpr
   (BoolType)
   (IfExpr
    (IntType)
    (BinopExpr
     (BoolType)
     (BinopExpr
      (FloatType)
      (FloatExpr (FloatType) 51)
      %
      (FloatExpr (FloatType) 81))
     >=
     (FloatExpr (FloatType) 21))
    (IntExpr (IntType) 640)
    (BinopExpr
     (IntType)
     (IntExpr (IntType) 470)
     +
     (BinopExpr (IntType) (IntExpr (IntType) 474) - (IntExpr (IntType) 246))))
   ==
   (BinopExpr
    (IntType)
    (IfExpr
     (IntType)
     (BinopExpr (BoolType) (IntExpr (IntType) 367) == (IntExpr (IntType) 438))
     (IfExpr
      (IntType)
      (TrueExpr)
      (IntExpr (IntType) 61)
      (IntExpr (IntType) 569))
     (IntExpr (IntType) 818))
    +
    (IfExpr
     (IntType)
     (UnopExpr (BoolType) ! (TrueExpr))
     (IntExpr (IntType) 869)
     (IntExpr (IntType) 381))))))
