global jpl_main
global _jpl_main
extern _fail_assertion
extern _jpl_alloc
extern _get_time
extern _show
extern _print
extern _print_time
extern _read_image
extern _write_image
extern _fmod
extern _sqrt
extern _exp
extern _sin
extern _cos
extern _tan
extern _asin
extern _acos
extern _atan
extern _log
extern _pow
extern _atan2
extern _to_int
extern _to_float

section .data
const0: dq 57.03
const1: dq 65.08
const2: dq 93.62
const3: dq 616
const4: dq 212
const5: dq 410
const6: dq 0
const7: dq 57.94
const8: dq 2.15
const9: dq 322

section .text
d:
_d:
	push rbp
	mov rbp, rsp
	sub rsp, 16
	; Moving 16 bytes from r12 - 32 to rsp
		mov r10, [r12 - 32 + 8]
		mov [rsp + 8], r10
		mov r10, [r12 - 32 + 0]
		mov [rsp + 0], r10
	mov rax, [rel const5] ; 410
	push rax
	mov rax, [rel const6] ; False
	push rax
	pop rax
	xor rax, 1
	push rax
	; Moving 8 bytes from rsp + 0 to rsp + 0
		mov r10, [rsp + 0 + 0]
		mov [rsp + 0 + 0], r10
	add rsp, 0
	pop rax
	add rsp, 24
	pop rbp
	ret
	sub rsp, 8
	; Moving 8 bytes from r12 - 16 to rsp
		mov r10, [r12 - 16 + 0]
		mov [rsp + 0], r10
	pop rax
	xor rax, 1
	push rax
	sub rsp, 8
	; Moving 8 bytes from r12 - 16 to rsp
		mov r10, [r12 - 16 + 0]
		mov [rsp + 0], r10
	pop rax
	add rsp, 32
	pop rbp
	ret

f:
_f:
	push rbp
	mov rbp, rsp
	sub rsp, 8
	; Moving 8 bytes from r12 - 32 to rsp
		mov r10, [r12 - 32 + 0]
		mov [rsp + 0], r10
	pop rdi
	call _to_float
	sub rsp, 8
	movsd [rsp], xmm0
	movsd xmm0, [rsp]
	add rsp, 8
	call _cos
	sub rsp, 8
	movsd [rsp], xmm0
	movsd xmm0, [rsp]
	add rsp, 8
	call _tan
	sub rsp, 8
	movsd [rsp], xmm0
	movsd xmm0, [rsp]
	add rsp, 8
	call _acos
	sub rsp, 8
	movsd [rsp], xmm0
	movsd xmm0, [rsp]
	add rsp, 8
	call _to_int
	push rax
	; Moving 0 bytes from rsp + 0 to rsp + 0
	add rsp, 0
	; Moving 0 bytes from rsp + 0 to rsp + 0
	add rsp, 0
	; Moving 0 bytes from rsp + 0 to rsp + 0
	add rsp, 0
	; Moving 0 bytes from rsp + 0 to rsp + 0
	add rsp, 0
	; Moving 0 bytes from rsp + 0 to rsp + 0
	add rsp, 0
	sub rsp, 8 ; Align stack
	sub rsp, 8
	; Moving 8 bytes from r12 - 40 to rsp
		mov r10, [r12 - 40 + 0]
		mov [rsp + 0], r10
	movsd xmm0, [rsp]
	add rsp, 8
	call _sqrt
	sub rsp, 8
	movsd [rsp], xmm0
	movsd xmm0, [rsp]
	add rsp, 8
	call _cos
	sub rsp, 8
	movsd [rsp], xmm0
	sub rsp, 8 ; Align stack
	sub rsp, 8
	; Moving 8 bytes from r12 - 40 to rsp
		mov r10, [r12 - 40 + 0]
		mov [rsp + 0], r10
	sub rsp, 8
	; Moving 8 bytes from r12 - 40 to rsp
		mov r10, [r12 - 40 + 0]
		mov [rsp + 0], r10
	movsd xmm0, [rsp]
	add rsp, 8
	movsd xmm1, [rsp]
	add rsp, 8
	call _pow
	sub rsp, 8
	movsd [rsp], xmm0
	movsd xmm0, [rsp]
	add rsp, 8
	call _sin
	add rsp, 8 ; Remove alignment
	sub rsp, 8
	movsd [rsp], xmm0
	movsd xmm0, [rsp]
	add rsp, 8
	movsd xmm1, [rsp]
	add rsp, 8
	call _atan2
	sub rsp, 8
	movsd [rsp], xmm0
	movsd xmm0, [rsp]
	add rsp, 8
	call _tan
	sub rsp, 8
	movsd [rsp], xmm0
	movsd xmm0, [rsp]
	add rsp, 8
	call _to_int
	add rsp, 8 ; Remove alignment
	push rax
	pop rax
	add rsp, 8
	pop rbp
	ret

h:
_h:
	push rbp
	mov rbp, rsp
	push rdi
	sub rsp, 8
	movsd [rsp], xmm0
	push rsi
	sub rsp, 16
	; Moving 16 bytes from rbp - -16 to rsp
		mov r10, [rbp - -16 + 8]
		mov [rsp + 8], r10
		mov r10, [rbp - -16 + 0]
		mov [rsp + 0], r10
	; Moving 16 bytes from rsp + 0 to rsp + 0
		mov r10, [rsp + 0 + 8]
		mov [rsp + 0 + 8], r10
		mov r10, [rsp + 0 + 0]
		mov [rsp + 0 + 0], r10
	add rsp, 0
	sub rsp, 8 ; Align stack
	sub rsp, 8
	; Moving 8 bytes from rbp - 40 to rsp
		mov r10, [rbp - 40 + 0]
		mov [rsp + 0], r10
	pop rdi
	call _to_float
	sub rsp, 8
	movsd [rsp], xmm0
	; Moving 8 bytes from rsp + 0 to rsp + 0
		mov r10, [rsp + 0 + 0]
		mov [rsp + 0 + 0], r10
	add rsp, 0
	movsd xmm0, [rsp]
	add rsp, 8
	call _cos
	add rsp, 8 ; Remove alignment
	sub rsp, 8
	movsd [rsp], xmm0
	sub rsp, 16
	; Moving 16 bytes from rbp - 40 to rsp
		mov r10, [rbp - 40 + 8]
		mov [rsp + 8], r10
		mov r10, [rbp - 40 + 0]
		mov [rsp + 0], r10
	; Moving 16 bytes from rsp + 0 to rsp + 0
		mov r10, [rsp + 0 + 8]
		mov [rsp + 0 + 8], r10
		mov r10, [rsp + 0 + 0]
		mov [rsp + 0 + 0], r10
	add rsp, 0
	; Moving 16 bytes from rsp + 0 to rsp + 0
		mov r10, [rsp + 0 + 8]
		mov [rsp + 0 + 8], r10
		mov r10, [rsp + 0 + 0]
		mov [rsp + 0 + 0], r10
	add rsp, 0
	sub rsp, 16
	; Moving 16 bytes from r12 - -16 to rsp
		mov r10, [r12 - -16 + 8]
		mov [rsp + 8], r10
		mov r10, [r12 - -16 + 0]
		mov [rsp + 0], r10
	sub rsp, 16
	; Moving 16 bytes from rbp - 80 to rsp
		mov r10, [rbp - 80 + 8]
		mov [rsp + 8], r10
		mov r10, [rbp - 80 + 0]
		mov [rsp + 0], r10
	mov rax, [rbp - 8] ; Address to write return value into
	; Moving 16 bytes from rsp to rax
		mov r10, [rsp + 8]
		mov [rax + 8], r10
		mov r10, [rsp + 0]
		mov [rax + 0], r10
	add rsp, 96
	pop rbp
	ret

jpl_main:
_jpl_main:
	push rbp
	mov rbp, rsp
	push r12
	mov r12, rbp
	sub rsp, 8 ; Align stack
	mov rax, [rel const0] ; 57.03
	push rax
	movsd xmm0, [rsp]
	add rsp, 8
	call _sqrt
	sub rsp, 8
	movsd [rsp], xmm0
	sub rsp, 8 ; Align stack
	mov rax, [rel const1] ; 65.08
	push rax
	movsd xmm0, [rsp]
	add rsp, 8
	call _atan
	add rsp, 8 ; Remove alignment
	sub rsp, 8
	movsd [rsp], xmm0
	movsd xmm0, [rsp]
	add rsp, 8
	movsd xmm1, [rsp]
	add rsp, 8
	call _pow
	sub rsp, 8
	movsd [rsp], xmm0
	sub rsp, 8 ; Align stack
	mov rax, [rel const2] ; 93.62
	push rax
	movsd xmm1, [rsp]
	add rsp, 8
	pxor xmm0, xmm0
	subsd xmm0, xmm1
	sub rsp, 8
	movsd [rsp], xmm0
	movsd xmm0, [rsp]
	add rsp, 8
	call _tan
	add rsp, 8 ; Remove alignment
	sub rsp, 8
	movsd [rsp], xmm0
	movsd xmm0, [rsp]
	add rsp, 8
	movsd xmm1, [rsp]
	add rsp, 8
	call _pow
	add rsp, 8 ; Remove alignment
	sub rsp, 8
	movsd [rsp], xmm0
	mov rax, [rel const3] ; 616
	push rax
	pop rax
	neg rax
	push rax
	mov rax, [rel const4] ; 212
	push rax
	pop rax
	pop r10
	add rax, r10
	push rax
	pop rdi
	call _to_float
	sub rsp, 8
	movsd [rsp], xmm0
	movsd xmm0, [rsp]
	add rsp, 8
	call _tan
	sub rsp, 8
	movsd [rsp], xmm0
	movsd xmm0, [rsp]
	add rsp, 8
	movsd xmm1, [rsp]
	add rsp, 8
	cmpltsd xmm1, xmm0
	movq rax, xmm1
	and rax, 1
	push rax
	sub rsp, 8
	; Moving 8 bytes from rbp - -16 to rsp
		mov r10, [rbp - -16 + 0]
		mov [rsp + 0], r10
	mov rdi, 8
	sub rsp, 8 ; Align stack
	call _jpl_alloc
	add rsp, 8 ; Remove alignment
	; Moving 8 bytes from rsp to rax
		mov r10, [rsp + 0]
		mov [rax + 0], r10
	add rsp, 8
	push rax
	mov rax, 1
	push rax
	; Moving 16 bytes from rsp + 0 to rsp + 0
		mov r10, [rsp + 0 + 8]
		mov [rsp + 0 + 8], r10
		mov r10, [rsp + 0 + 0]
		mov [rsp + 0 + 0], r10
	add rsp, 0
	; Moving 16 bytes from rsp + 0 to rsp + 0
		mov r10, [rsp + 0 + 8]
		mov [rsp + 0 + 8], r10
		mov r10, [rsp + 0 + 0]
		mov [rsp + 0 + 0], r10
	add rsp, 0
	; Moving 0 bytes from rsp + 0 to rsp + 0
	add rsp, 0
	mov rax, [rel const7] ; 57.94
	push rax
	; Moving 8 bytes from rsp + 0 to rsp + 0
		mov r10, [rsp + 0 + 0]
		mov [rsp + 0 + 0], r10
	add rsp, 0
	; Moving 0 bytes from rsp + 0 to rsp + 0
	add rsp, 0
	; Moving 0 bytes from rsp + 0 to rsp + 0
	add rsp, 0
	sub rsp, 8 ; Align stack
	mov rax, [rel const8] ; 2.15
	push rax
	sub rsp, 8 ; Align stack
	sub rsp, 8
	; Moving 8 bytes from rbp - -16 to rsp
		mov r10, [rbp - -16 + 0]
		mov [rsp + 0], r10
	pop rdi
	call _to_float
	sub rsp, 8
	movsd [rsp], xmm0
	movsd xmm0, [rsp]
	add rsp, 8
	call _acos
	add rsp, 8 ; Remove alignment
	sub rsp, 8
	movsd [rsp], xmm0
	movsd xmm0, [rsp]
	add rsp, 8
	movsd xmm1, [rsp]
	add rsp, 8
	call _pow
	sub rsp, 8
	movsd [rsp], xmm0
	movsd xmm0, [rsp]
	add rsp, 8
	call _atan
	sub rsp, 8
	movsd [rsp], xmm0
	movsd xmm0, [rsp]
	add rsp, 8
	call _exp
	add rsp, 8 ; Remove alignment
	sub rsp, 8
	movsd [rsp], xmm0
	mov rax, [rel const9] ; 322
	push rax
	sub rsp, 16
	; Moving 16 bytes from rbp - -16 to rsp
		mov r10, [rbp - -16 + 8]
		mov [rsp + 8], r10
		mov r10, [rbp - -16 + 0]
		mov [rsp + 0], r10
	sub rsp, 8
	; Moving 8 bytes from rbp - -16 to rsp
		mov r10, [rbp - -16 + 0]
		mov [rsp + 0], r10
	add rsp, 72 ; Local variables
	pop r12
	pop rbp
	ret

