global jpl_main
global _jpl_main
extern _fail_assertion
extern _jpl_alloc
extern _get_time
extern _show
extern _print
extern _print_time
extern _read_image
extern _write_image
extern _fmod
extern _sqrt
extern _exp
extern _sin
extern _cos
extern _tan
extern _asin
extern _acos
extern _atan
extern _log
extern _pow
extern _atan2
extern _to_int
extern _to_float

section .data
const0: dq 83.84
const1: db `mod by zero`, 0
const2: db `(BoolType)`, 0
const3: dq 67
const4: dq 334

section .text
g:
_g:
	push rbp
	mov rbp, rsp
	sub rsp, 16
	; Moving 16 bytes from r12 - 40 to rsp
		mov r10, [r12 - 40 + 8]
		mov [rsp + 8], r10
		mov r10, [r12 - 40 + 0]
		mov [rsp + 0], r10
	sub rsp, 8
	; Moving 8 bytes from rbp - 16 to rsp
		mov r10, [rbp - 16 + 0]
		mov [rsp + 0], r10
	pop rdi
	call _to_float
	sub rsp, 8
	movsd [rsp], xmm0
	movsd xmm0, [rsp]
	add rsp, 8
	call _cos
	sub rsp, 8
	movsd [rsp], xmm0
	movsd xmm0, [rsp]
	add rsp, 8
	call _to_int
	push rax
	sub rsp, 16
	; Moving 16 bytes from rbp - 16 to rsp
		mov r10, [rbp - 16 + 8]
		mov [rsp + 8], r10
		mov r10, [rbp - 16 + 0]
		mov [rsp + 0], r10
	sub rsp, 8
	; Moving 8 bytes from rbp - 24 to rsp
		mov r10, [rbp - 24 + 0]
		mov [rsp + 0], r10
	; Moving 8 bytes from rsp + 0 to rsp + 0
		mov r10, [rsp + 0 + 0]
		mov [rsp + 0 + 0], r10
	add rsp, 0
	pop rax
	add rsp, 40 ; Local variables
	pop rbp
	ret

k:
_k:
	push rbp
	mov rbp, rsp
	sub rsp, 16
	; Moving 16 bytes from r12 - 56 to rsp
		mov r10, [r12 - 56 + 8]
		mov [rsp + 8], r10
		mov r10, [r12 - 56 + 0]
		mov [rsp + 0], r10
	sub rsp, 16
	; Moving 16 bytes from rbp - 16 to rsp
		mov r10, [rbp - 16 + 8]
		mov [rsp + 8], r10
		mov r10, [rbp - 16 + 0]
		mov [rsp + 0], r10
	; Moving 16 bytes from rsp + 0 to rsp + 0
		mov r10, [rsp + 0 + 8]
		mov [rsp + 0 + 8], r10
		mov r10, [rsp + 0 + 0]
		mov [rsp + 0 + 0], r10
	add rsp, 0
	; Moving 16 bytes from rsp + 0 to rsp + 0
		mov r10, [rsp + 0 + 8]
		mov [rsp + 0 + 8], r10
		mov r10, [rsp + 0 + 0]
		mov [rsp + 0 + 0], r10
	add rsp, 0
	sub rsp, 8
	; Moving 8 bytes from r12 - 88 to rsp
		mov r10, [r12 - 88 + 0]
		mov [rsp + 0], r10
	sub rsp, 8 ; Align stack
	sub rsp, 8
	; Moving 8 bytes from r12 - 56 to rsp
		mov r10, [r12 - 56 + 0]
		mov [rsp + 0], r10
	pop rdi
	call _to_float
	sub rsp, 8
	movsd [rsp], xmm0
	movsd xmm0, [rsp]
	add rsp, 8
	call _asin
	sub rsp, 8
	movsd [rsp], xmm0
	movsd xmm0, [rsp]
	add rsp, 8
	call _exp
	sub rsp, 8
	movsd [rsp], xmm0
	movsd xmm0, [rsp]
	add rsp, 8
	call _to_int
	add rsp, 8 ; Remove alignment
	push rax
	pop rax
	pop r10
	sub rax, r10
	push rax
	pop rax
	add rsp, 32 ; Local variables
	pop rbp
	ret
	mov rax, [rel const3] ; 67
	push rax
	pop rax
	add rsp, 32 ; Local variables
	pop rbp
	ret
	sub rsp, 8
	; Moving 8 bytes from r12 - -16 to rsp
		mov r10, [r12 - -16 + 0]
		mov [rsp + 0], r10
	mov rax, [rel const4] ; 334
	push rax
	pop rax
	pop r10
	add rax, r10
	push rax
	pop rax
	add rsp, 32 ; Local variables
	pop rbp
	ret

jpl_main:
_jpl_main:
	push rbp
	mov rbp, rsp
	push r12
	mov r12, rbp
	sub rsp, 8
	; Moving 8 bytes from rbp - -16 to rsp
		mov r10, [rbp - -16 + 0]
		mov [rsp + 0], r10
	; Moving 8 bytes from rsp + 0 to rsp + 0
		mov r10, [rsp + 0 + 0]
		mov [rsp + 0 + 0], r10
	add rsp, 0
	pop rax
	neg rax
	push rax
	mov rdi, 8
	call _jpl_alloc
	; Moving 8 bytes from rsp to rax
		mov r10, [rsp + 0]
		mov [rax + 0], r10
	add rsp, 8
	push rax
	mov rax, 1
	push rax
	sub rsp, 16
	; Moving 16 bytes from rbp - 24 to rsp
		mov r10, [rbp - 24 + 8]
		mov [rsp + 8], r10
		mov r10, [rbp - 24 + 0]
		mov [rsp + 0], r10
	sub rsp, 16
	; Moving 16 bytes from rbp - -16 to rsp
		mov r10, [rbp - -16 + 8]
		mov [rsp + 8], r10
		mov r10, [rbp - -16 + 0]
		mov [rsp + 0], r10
	sub rsp, 8 ; Align stack
	mov rax, [rel const0] ; 83.84
	push rax
	movsd xmm0, [rsp]
	add rsp, 8
	call _exp
	sub rsp, 8
	movsd [rsp], xmm0
	movsd xmm0, [rsp]
	add rsp, 8
	call _to_int
	add rsp, 8 ; Remove alignment
	push rax
	sub rsp, 8
	; Moving 8 bytes from rbp - 40 to rsp
		mov r10, [rbp - 40 + 0]
		mov [rsp + 0], r10
	sub rsp, 8
	; Moving 8 bytes from rbp - -16 to rsp
		mov r10, [rbp - -16 + 0]
		mov [rsp + 0], r10
	sub rsp, 8
	; Moving 8 bytes from rbp - -16 to rsp
		mov r10, [rbp - -16 + 0]
		mov [rsp + 0], r10
	pop rax
	pop r10
	imul rax, r10
	push rax
	pop rax
	neg rax
	push rax
	sub rsp, 8
	; Moving 8 bytes from rbp - 24 to rsp
		mov r10, [rbp - 24 + 0]
		mov [rsp + 0], r10
	pop rax
	pop r10
	cmp r10, 0
	jne .jump1
	sub rsp, 8 ; Align stack
	lea rdi, [rel const1] ; mod by zero
	call _fail_assertion
	add rsp, 8 ; Remove alignment
.jump1:
	cqo
	idiv r10
	mov rax, rdx
	push rax
	pop rax
	pop r10
	cmp r10, 0
	jne .jump2
	lea rdi, [rel const1] ; mod by zero
	call _fail_assertion
.jump2:
	cqo
	idiv r10
	mov rax, rdx
	push rax
	pop rax
	pop r10
	cmp rax, r10
	setle al
	and rax, 1
	push rax
	lea rdi, [rel const2] ; (BoolType)
	lea rsi, [rsp]
	call _show
	add rsp, 8
	sub rsp, 16
	; Moving 16 bytes from rbp - -16 to rsp
		mov r10, [rbp - -16 + 8]
		mov [rsp + 8], r10
		mov r10, [rbp - -16 + 0]
		mov [rsp + 0], r10
	; Moving 0 bytes from rsp + 0 to rsp + 0
	add rsp, 0
	; Moving 0 bytes from rsp + 0 to rsp + 0
	add rsp, 0
	sub rsp, 16
	; Moving 16 bytes from rbp - 72 to rsp
		mov r10, [rbp - 72 + 8]
		mov [rsp + 8], r10
		mov r10, [rbp - 72 + 0]
		mov [rsp + 0], r10
	sub rsp, 16
	; Moving 16 bytes from rbp - 56 to rsp
		mov r10, [rbp - 56 + 8]
		mov [rsp + 8], r10
		mov r10, [rbp - 56 + 0]
		mov [rsp + 0], r10
	sub rsp, 16
	; Moving 16 bytes from rbp - 88 to rsp
		mov r10, [rbp - 88 + 8]
		mov [rsp + 8], r10
		mov r10, [rbp - 88 + 0]
		mov [rsp + 0], r10
	; Moving 16 bytes from rsp + 0 to rsp + 0
		mov r10, [rsp + 0 + 8]
		mov [rsp + 0 + 8], r10
		mov r10, [rsp + 0 + 0]
		mov [rsp + 0 + 0], r10
	add rsp, 0
	; Moving 16 bytes from rsp + 0 to rsp + 0
		mov r10, [rsp + 0 + 8]
		mov [rsp + 0 + 8], r10
		mov r10, [rsp + 0 + 0]
		mov [rsp + 0 + 0], r10
	add rsp, 0
	add rsp, 112 ; Local variables
	pop r12
	pop rbp
	ret

