global jpl_main
global _jpl_main
extern _fail_assertion
extern _jpl_alloc
extern _get_time
extern _show
extern _print
extern _print_time
extern _read_image
extern _write_image
extern _fmod
extern _sqrt
extern _exp
extern _sin
extern _cos
extern _tan
extern _asin
extern _acos
extern _atan
extern _log
extern _pow
extern _atan2
extern _to_int
extern _to_float

section .data
const0: dq 83.2
const1: dq 72.45
const2: dq 93.88
const3: db `l.png`, 0
const4: db `(ArrayType (IntType) 1)`, 0

section .text
g:
_g:
	push rbp
	mov rbp, rsp
	push rdi
	sub rsp, 8 ; Align stack
	mov rax, [rel const0] ; 83.2
	push rax
	movsd xmm0, [rsp]
	add rsp, 8
	call _cos
	sub rsp, 8
	movsd [rsp], xmm0
	sub rsp, 8 ; Align stack
	mov rax, [rel const1] ; 72.45
	push rax
	movsd xmm0, [rsp]
	add rsp, 8
	call _asin
	add rsp, 8 ; Remove alignment
	sub rsp, 8
	movsd [rsp], xmm0
	movsd xmm0, [rsp]
	add rsp, 8
	movsd xmm1, [rsp]
	add rsp, 8
	call _atan2
	sub rsp, 8
	movsd [rsp], xmm0
	movsd xmm0, [rsp]
	add rsp, 8
	call _cos
	sub rsp, 8
	movsd [rsp], xmm0
	movsd xmm0, [rsp]
	add rsp, 8
	call _log
	sub rsp, 8
	movsd [rsp], xmm0
	movsd xmm0, [rsp]
	add rsp, 8
	call _exp
	add rsp, 8 ; Remove alignment
	sub rsp, 8
	movsd [rsp], xmm0
	sub rsp, 8
	; Moving 8 bytes from rbp - 16 to rsp
		mov r10, [rbp - 16 + 0]
		mov [rsp + 0], r10
	movsd xmm0, [rsp]
	add rsp, 8
	call _sqrt
	sub rsp, 8
	movsd [rsp], xmm0
	mov rdi, 8
	sub rsp, 8 ; Align stack
	call _jpl_alloc
	add rsp, 8 ; Remove alignment
	; Moving 8 bytes from rsp to rax
		mov r10, [rsp + 0]
		mov [rax + 0], r10
	add rsp, 8
	push rax
	mov rax, 1
	push rax
	; Moving 16 bytes from rsp + 0 to rsp + 0
		mov r10, [rsp + 0 + 8]
		mov [rsp + 0 + 8], r10
		mov r10, [rsp + 0 + 0]
		mov [rsp + 0 + 0], r10
	add rsp, 0
	sub rsp, 16
	; Moving 16 bytes from r12 - 56 to rsp
		mov r10, [r12 - 56 + 8]
		mov [rsp + 8], r10
		mov r10, [r12 - 56 + 0]
		mov [rsp + 0], r10
	; Moving 0 bytes from rsp + 0 to rsp + 0
	add rsp, 0
	; Moving 0 bytes from rsp + 0 to rsp + 0
	add rsp, 0
	mov rdi, 0
	call _jpl_alloc
	; Moving 0 bytes from rsp to rax
	add rsp, 0
	push rax
	mov rax, 1
	push rax
	mov rax, [rbp - 8] ; Address to write return value into
	; Moving 16 bytes from rsp to rax
		mov r10, [rsp + 8]
		mov [rax + 8], r10
		mov r10, [rsp + 0]
		mov [rax + 0], r10
	add rsp, 64 ; Local variables
	pop rbp
	ret

o:
_o:
	push rbp
	mov rbp, rsp
	; Moving 0 bytes from rsp + 0 to rsp + 0
	add rsp, 0
	; Moving 0 bytes from rsp + 0 to rsp + 0
	add rsp, 0
	sub rsp, 16
	; Moving 16 bytes from r12 - 80 to rsp
		mov r10, [r12 - 80 + 8]
		mov [rsp + 8], r10
		mov r10, [r12 - 80 + 0]
		mov [rsp + 0], r10
	sub rsp, 8
	; Moving 8 bytes from r12 - 24 to rsp
		mov r10, [r12 - 24 + 0]
		mov [rsp + 0], r10
	pop rax
	add rsp, 16 ; Local variables
	pop rbp
	ret
	sub rsp, 16
	; Moving 16 bytes from r12 - 80 to rsp
		mov r10, [r12 - 80 + 8]
		mov [rsp + 8], r10
		mov r10, [r12 - 80 + 0]
		mov [rsp + 0], r10
	sub rsp, 8
	; Moving 8 bytes from r12 - -16 to rsp
		mov r10, [r12 - -16 + 0]
		mov [rsp + 0], r10
	pop rax
	add rsp, 32 ; Local variables
	pop rbp
	ret

p:
_p:
	push rbp
	mov rbp, rsp
	push rdi
	push rsi
	sub rsp, 16
	; Moving 16 bytes from r12 - -16 to rsp
		mov r10, [r12 - -16 + 8]
		mov [rsp + 8], r10
		mov r10, [r12 - -16 + 0]
		mov [rsp + 0], r10
	sub rsp, 16
	; Moving 16 bytes from r12 - 40 to rsp
		mov r10, [r12 - 40 + 8]
		mov [rsp + 8], r10
		mov r10, [r12 - 40 + 0]
		mov [rsp + 0], r10
	sub rsp, 16
	; Moving 16 bytes from rbp - -16 to rsp
		mov r10, [rbp - -16 + 8]
		mov [rsp + 8], r10
		mov r10, [rbp - -16 + 0]
		mov [rsp + 0], r10
	call _o
	push rax
	pop rdi
	call _to_float
	sub rsp, 8
	movsd [rsp], xmm0
	movsd xmm0, [rsp]
	add rsp, 8
	call _tan
	sub rsp, 8
	movsd [rsp], xmm0
	movsd xmm0, [rsp]
	add rsp, 8
	call _acos
	sub rsp, 8
	movsd [rsp], xmm0
	movsd xmm0, [rsp]
	add rsp, 8
	call _acos
	sub rsp, 8
	movsd [rsp], xmm0
	mov rdi, 8
	sub rsp, 8 ; Align stack
	call _jpl_alloc
	add rsp, 8 ; Remove alignment
	; Moving 8 bytes from rsp to rax
		mov r10, [rsp + 0]
		mov [rax + 0], r10
	add rsp, 8
	push rax
	mov rax, 1
	push rax
	sub rsp, 8
	; Moving 8 bytes from r12 - 64 to rsp
		mov r10, [r12 - 64 + 0]
		mov [rsp + 0], r10
	movsd xmm0, [rsp]
	add rsp, 8
	call _tan
	sub rsp, 8
	movsd [rsp], xmm0
	movsd xmm0, [rsp]
	add rsp, 8
	call _asin
	sub rsp, 8
	movsd [rsp], xmm0
	sub rsp, 8 ; Align stack
	sub rsp, 8
	; Moving 8 bytes from r12 - 64 to rsp
		mov r10, [r12 - 64 + 0]
		mov [rsp + 0], r10
	movsd xmm0, [rsp]
	add rsp, 8
	call _tan
	sub rsp, 8
	movsd [rsp], xmm0
	movsd xmm0, [rsp]
	add rsp, 8
	call _log
	sub rsp, 8
	movsd [rsp], xmm0
	movsd xmm0, [rsp]
	add rsp, 8
	call _atan
	add rsp, 8 ; Remove alignment
	sub rsp, 8
	movsd [rsp], xmm0
	sub rsp, 8
	; Moving 8 bytes from rbp - -16 to rsp
		mov r10, [rbp - -16 + 0]
		mov [rsp + 0], r10
	; Moving 8 bytes from rsp + 0 to rsp + 0
		mov r10, [rsp + 0 + 0]
		mov [rsp + 0 + 0], r10
	add rsp, 0
	pop rdi
	call _to_float
	sub rsp, 8
	movsd [rsp], xmm0
	movsd xmm0, [rsp]
	add rsp, 8
	movsd xmm1, [rsp]
	add rsp, 8
	mulsd xmm0, xmm1
	sub rsp, 8
	movsd [rsp], xmm0
	movsd xmm0, [rsp]
	add rsp, 8
	movsd xmm1, [rsp]
	add rsp, 8
	divsd xmm0, xmm1
	sub rsp, 8
	movsd [rsp], xmm0
	movsd xmm0, [rsp]
	add rsp, 8
	add rsp, 80 ; Local variables
	pop rbp
	ret

jpl_main:
_jpl_main:
	push rbp
	mov rbp, rsp
	push r12
	mov r12, rbp
	sub rsp, 16
	; Moving 16 bytes from rbp - -16 to rsp
		mov r10, [rbp - -16 + 8]
		mov [rsp + 8], r10
		mov r10, [rbp - -16 + 0]
		mov [rsp + 0], r10
	sub rsp, 16
	; Moving 16 bytes from rbp - 24 to rsp
		mov r10, [rbp - 24 + 8]
		mov [rsp + 8], r10
		mov r10, [rbp - 24 + 0]
		mov [rsp + 0], r10
	mov rdi, 16
	sub rsp, 8 ; Align stack
	call _jpl_alloc
	add rsp, 8 ; Remove alignment
	; Moving 16 bytes from rsp to rax
		mov r10, [rsp + 8]
		mov [rax + 8], r10
		mov r10, [rsp + 0]
		mov [rax + 0], r10
	add rsp, 16
	push rax
	mov rax, 1
	push rax
	sub rsp, 16
	; Moving 16 bytes from rbp - 24 to rsp
		mov r10, [rbp - 24 + 8]
		mov [rsp + 8], r10
		mov r10, [rbp - 24 + 0]
		mov [rsp + 0], r10
	mov rax, [rel const2] ; 93.88
	push rax
	sub rsp, 16
	; Moving 16 bytes from rbp - 40 to rsp
		mov r10, [rbp - 40 + 8]
		mov [rsp + 8], r10
		mov r10, [rbp - 40 + 0]
		mov [rsp + 0], r10
	; Moving 0 bytes from rsp + 0 to rsp + 0
	add rsp, 0
	sub rsp, 24
	lea rdi, [rsp]
	sub rsp, 8 ; Align stack
	lea rsi, [rel const3] ; l.png
	call _read_image
	add rsp, 8 ; Remove alignment
	sub rsp, 16
	; Moving 16 bytes from rbp - -16 to rsp
		mov r10, [rbp - -16 + 8]
		mov [rsp + 8], r10
		mov r10, [rbp - -16 + 0]
		mov [rsp + 0], r10
	; Moving 16 bytes from rsp + 0 to rsp + 0
		mov r10, [rsp + 0 + 8]
		mov [rsp + 0 + 8], r10
		mov r10, [rsp + 0 + 0]
		mov [rsp + 0 + 0], r10
	add rsp, 0
	; Moving 16 bytes from rsp + 0 to rsp + 0
		mov r10, [rsp + 0 + 8]
		mov [rsp + 0 + 8], r10
		mov r10, [rsp + 0 + 0]
		mov [rsp + 0 + 0], r10
	add rsp, 0
	sub rsp, 8 ; Align stack
	sub rsp, 16
	; Moving 16 bytes from rbp - -16 to rsp
		mov r10, [rbp - -16 + 8]
		mov [rsp + 8], r10
		mov r10, [rbp - -16 + 0]
		mov [rsp + 0], r10
	lea rdi, [rel const4] ; (ArrayType (IntType) 1)
	lea rsi, [rsp]
	call _show
	add rsp, 16
	add rsp, 8 ; Remove alignment
	add rsp, 112 ; Local variables
	pop r12
	pop rbp
	ret

