(AssertCmd
 (IfExpr
  (BoolType)
  (UnopExpr (BoolType) ! (FalseExpr (BoolType)))
  (ArrayIndexExpr
   (BoolType)
   (TupleIndexExpr
    (ArrayType (BoolType) 2)
    (TupleLiteralExpr
     (TupleType (ArrayType (BoolType) 2))
     (ArrayLoopExpr
      (ArrayType (BoolType) 2)
      a
      (IntExpr (IntType) 708)
      b
      (IntExpr (IntType) 914)
      (FalseExpr (BoolType))))
    0)
   (SumLoopExpr
    (IntType)
    a
    (ArrayIndexExpr
     (IntType)
     (ArrayLoopExpr
      (ArrayType (IntType) 1)
      a
      (IntExpr (IntType) 769)
      (IntExpr (IntType) 685))
     (BinopExpr (IntType) (IntExpr (IntType) 416) - (VarExpr (IntType) argnum)))
    b
    (SumLoopExpr
     (IntType)
     a
     (SumLoopExpr
      (IntType)
      a
      (IntExpr (IntType) 20)
      (VarExpr (IntType) argnum))
     (UnopExpr (IntType) - (VarExpr (IntType) a)))
    c
    (IntExpr (IntType) 233)
    (BinopExpr (IntType) (VarExpr (IntType) c) % (VarExpr (IntType) a)))
   (ArrayIndexExpr
    (IntType)
    (IfExpr
     (ArrayType (IntType) 3)
     (BinopExpr (BoolType) (FalseExpr (BoolType)) && (TrueExpr (BoolType)))
     (ArrayLoopExpr
      (ArrayType (IntType) 3)
      a
      (IntExpr (IntType) 964)
      b
      (IntExpr (IntType) 220)
      c
      (IntExpr (IntType) 128)
      (IntExpr (IntType) 434))
     (ArrayLoopExpr
      (ArrayType (IntType) 3)
      a
      (VarExpr (IntType) argnum)
      b
      (IntExpr (IntType) 817)
      c
      (VarExpr (IntType) argnum)
      (VarExpr (IntType) c)))
    (VarExpr (IntType) argnum)
    (BinopExpr
     (IntType)
     (IfExpr
      (IntType)
      (TrueExpr (BoolType))
      (VarExpr (IntType) argnum)
      (VarExpr (IntType) argnum))
     /
     (VarExpr (IntType) argnum))
    (ArrayIndexExpr
     (IntType)
     (ArrayLoopExpr
      (ArrayType (IntType) 2)
      a
      (VarExpr (IntType) argnum)
      b
      (VarExpr (IntType) argnum)
      (VarExpr (IntType) argnum))
     (UnopExpr (IntType) - (IntExpr (IntType) 585))
     (SumLoopExpr
      (IntType)
      a
      (VarExpr (IntType) argnum)
      (VarExpr (IntType) argnum)))))
  (TupleIndexExpr
   (BoolType)
   (TupleLiteralExpr (TupleType (BoolType)) (FalseExpr (BoolType)))
   0))
 "a")
(LetCmd (ArgLValue (VarArgument a)) (VarExpr (IntType) argnum))
(LetCmd
 (ArgLValue (VarArgument b))
 (BinopExpr
  (BoolType)
  (BinopExpr
   (BoolType)
   (VarExpr (IntType) argnum)
   >=
   (IfExpr
    (IntType)
    (BinopExpr
     (BoolType)
     (FloatExpr (FloatType) 0)
     >=
     (UnopExpr (FloatType) - (FloatExpr (FloatType) 31)))
    (UnopExpr
     (IntType)
     -
     (BinopExpr (IntType) (IntExpr (IntType) 924) - (IntExpr (IntType) 938)))
    (VarExpr (IntType) argnum)))
  &&
  (ArrayIndexExpr
   (BoolType)
   (ArrayLoopExpr
    (ArrayType (BoolType) 3)
    b
    (BinopExpr
     (IntType)
     (IfExpr
      (IntType)
      (TrueExpr (BoolType))
      (VarExpr (IntType) a)
      (IntExpr (IntType) 474))
     /
     (SumLoopExpr
      (IntType)
      b
      (VarExpr (IntType) a)
      c
      (VarExpr (IntType) argnum)
      (VarExpr (IntType) b)))
    c
    (BinopExpr (IntType) (IntExpr (IntType) 756) * (VarExpr (IntType) a))
    d
    (VarExpr (IntType) argnum)
    (BinopExpr
     (BoolType)
     (BinopExpr (BoolType) (VarExpr (IntType) a) == (VarExpr (IntType) c))
     !=
     (FalseExpr (BoolType))))
   (VarExpr (IntType) a)
   (SumLoopExpr
    (IntType)
    b
    (IntExpr (IntType) 91)
    c
    (VarExpr (IntType) a)
    (BinopExpr (IntType) (VarExpr (IntType) a) + (VarExpr (IntType) argnum)))
   (VarExpr (IntType) argnum))))
(ShowCmd
 (ArrayLiteralExpr
  (ArrayType (TupleType (FloatType) (BoolType) (BoolType)) 1)
  (TupleLiteralExpr
   (TupleType (FloatType) (BoolType) (BoolType))
   (BinopExpr
    (FloatType)
    (UnopExpr
     (FloatType)
     -
     (BinopExpr
      (FloatType)
      (FloatExpr (FloatType) 54)
      -
      (FloatExpr (FloatType) 54)))
    /
    (UnopExpr (FloatType) - (FloatExpr (FloatType) 0)))
   (BinopExpr
    (BoolType)
    (IfExpr
     (IntType)
     (UnopExpr (BoolType) ! (VarExpr (BoolType) b))
     (VarExpr (IntType) argnum)
     (IntExpr (IntType) 710))
    !=
    (VarExpr (IntType) a))
   (BinopExpr
    (BoolType)
    (ArrayIndexExpr
     (FloatType)
     (ArrayLoopExpr
      (ArrayType (FloatType) 3)
      c
      (VarExpr (IntType) argnum)
      d
      (VarExpr (IntType) a)
      e
      (VarExpr (IntType) a)
      (FloatExpr (FloatType) 64))
     (VarExpr (IntType) a)
     (IntExpr (IntType) 562)
     (IfExpr
      (IntType)
      (FalseExpr (BoolType))
      (VarExpr (IntType) argnum)
      (VarExpr (IntType) a)))
    >
    (ArrayIndexExpr
     (FloatType)
     (ArrayLiteralExpr
      (ArrayType (FloatType) 1)
      (FloatExpr (FloatType) 35)
      (FloatExpr (FloatType) 80))
     (SumLoopExpr
      (IntType)
      c
      (VarExpr (IntType) argnum)
      d
      (VarExpr (IntType) argnum)
      (VarExpr (IntType) d)))))
  (TupleLiteralExpr
   (TupleType (FloatType) (BoolType) (BoolType))
   (FloatExpr (FloatType) 75)
   (VarExpr (BoolType) b)
   (BinopExpr
    (BoolType)
    (FalseExpr (BoolType))
    ||
    (IfExpr
     (BoolType)
     (BinopExpr (BoolType) (TrueExpr (BoolType)) || (VarExpr (BoolType) b))
     (BinopExpr
      (BoolType)
      (FloatExpr (FloatType) 93)
      !=
      (FloatExpr (FloatType) 85))
     (FalseExpr (BoolType)))))
  (TupleLiteralExpr
   (TupleType (FloatType) (BoolType) (BoolType))
   (SumLoopExpr
    (FloatType)
    c
    (BinopExpr (IntType) (IntExpr (IntType) 790) - (VarExpr (IntType) a))
    (SumLoopExpr
     (FloatType)
     d
     (ArrayIndexExpr
      (IntType)
      (VarExpr (ArrayType (IntType) 1) args)
      (VarExpr (IntType) c))
     e
     (BinopExpr (IntType) (IntExpr (IntType) 373) + (IntExpr (IntType) 531))
     f
     (IfExpr
      (IntType)
      (VarExpr (BoolType) b)
      (IntExpr (IntType) 895)
      (IntExpr (IntType) 459))
     (UnopExpr (FloatType) - (FloatExpr (FloatType) 59))))
   (TupleIndexExpr
    (BoolType)
    (TupleLiteralExpr
     (TupleType (BoolType) (BoolType))
     (VarExpr (BoolType) b)
     (BinopExpr (BoolType) (TrueExpr (BoolType)) || (VarExpr (BoolType) b)))
    1)
   (BinopExpr
    (BoolType)
    (BinopExpr (BoolType) (VarExpr (IntType) argnum) == (VarExpr (IntType) a))
    &&
    (VarExpr (BoolType) b)))))
(ShowCmd
 (BinopExpr
  (BoolType)
  (SumLoopExpr
   (FloatType)
   c
   (IntExpr (IntType) 764)
   d
   (UnopExpr (IntType) - (VarExpr (IntType) argnum))
   (TupleIndexExpr
    (FloatType)
    (TupleLiteralExpr
     (TupleType (IntType) (BoolType) (FloatType))
     (VarExpr (IntType) c)
     (UnopExpr (BoolType) ! (FalseExpr (BoolType)))
     (FloatExpr (FloatType) 23))
    2))
  <
  (FloatExpr (FloatType) 24)))
(TimeCmd
 (LetCmd
  (ArgLValue (ArrayArgument c d e f))
  (TupleIndexExpr
   (ArrayType (IntType) 3)
   (TupleLiteralExpr
    (TupleType (ArrayType (IntType) 3))
    (ArrayLoopExpr
     (ArrayType (IntType) 3)
     c
     (BinopExpr (IntType) (IntExpr (IntType) 141) - (VarExpr (IntType) argnum))
     d
     (IfExpr
      (IntType)
      (VarExpr (BoolType) b)
      (IntExpr (IntType) 12)
      (VarExpr (IntType) argnum))
     e
     (VarExpr (IntType) argnum)
     (IfExpr
      (IntType)
      (FalseExpr (BoolType))
      (VarExpr (IntType) e)
      (IntExpr (IntType) 612))))
   0)))
(LetCmd
 (TupleLValue
  (ArgLValue (VarArgument g))
  (ArgLValue (VarArgument h))
  (TupleLValue (ArgLValue (VarArgument i)) (ArgLValue (VarArgument j))))
 (TupleLiteralExpr
  (TupleType
   (ArrayType (BoolType) 1)
   (BoolType)
   (TupleType (BoolType) (IntType)))
  (ArrayLiteralExpr
   (ArrayType (BoolType) 1)
   (UnopExpr (BoolType) ! (TrueExpr (BoolType))))
  (TupleIndexExpr
   (BoolType)
   (TupleLiteralExpr (TupleType (BoolType)) (TrueExpr (BoolType)))
   0)
  (TupleIndexExpr
   (TupleType (BoolType) (IntType))
   (TupleLiteralExpr
    (TupleType (TupleType (BoolType) (IntType)))
    (TupleLiteralExpr
     (TupleType (BoolType) (IntType))
     (BinopExpr (BoolType) (VarExpr (BoolType) b) || (TrueExpr (BoolType)))
     (SumLoopExpr (IntType) g (VarExpr (IntType) argnum) (VarExpr (IntType) a))))
   0)))
(LetCmd
 (ArgLValue (VarArgument k))
 (ArrayLiteralExpr
  (ArrayType (TupleType (BoolType) (IntType) (IntType)) 1)
  (TupleLiteralExpr
   (TupleType (BoolType) (IntType) (IntType))
   (VarExpr (BoolType) i)
   (VarExpr (IntType) a)
   (SumLoopExpr
    (IntType)
    k
    (TupleIndexExpr
     (IntType)
     (TupleLiteralExpr
      (TupleType (IntType) (IntType))
      (VarExpr (IntType) argnum)
      (VarExpr (IntType) e))
     0)
    l
    (IfExpr
     (IntType)
     (BinopExpr (BoolType) (VarExpr (IntType) a) != (VarExpr (IntType) j))
     (IntExpr (IntType) 522)
     (IntExpr (IntType) 941))
    m
    (VarExpr (IntType) argnum)
    (IntExpr (IntType) 922)))))
(LetCmd (ArgLValue (VarArgument l)) (VarExpr (IntType) argnum))
(LetCmd
 (ArgLValue (VarArgument m))
 (TupleIndexExpr
  (FloatType)
  (TupleIndexExpr
   (TupleType (FloatType) (IntType))
   (TupleLiteralExpr
    (TupleType (TupleType (FloatType) (IntType)) (BoolType) (IntType))
    (IfExpr
     (TupleType (FloatType) (IntType))
     (VarExpr (BoolType) i)
     (TupleLiteralExpr
      (TupleType (FloatType) (IntType))
      (FloatExpr (FloatType) 36)
      (VarExpr (IntType) l))
     (TupleLiteralExpr
      (TupleType (FloatType) (IntType))
      (FloatExpr (FloatType) 0)
      (VarExpr (IntType) argnum)))
    (BinopExpr (BoolType) (VarExpr (IntType) d) != (VarExpr (IntType) a))
    (VarExpr (IntType) l))
   0)
  0))
(ReadCmd "n.png" (VarArgument n))
(ReadCmd "o.png" (ArrayArgument o p q))
