(ShowCmd
 (IfExpr
  (BoolType)
  (TupleIndexExpr
   (BoolType)
   (TupleLiteralExpr
    (TupleType (BoolType))
    (UnopExpr (BoolType) ! (UnopExpr (BoolType) ! (FalseExpr (BoolType)))))
   0)
  (BinopExpr
   (BoolType)
   (TupleIndexExpr
    (FloatType)
    (TupleLiteralExpr
     (TupleType (FloatType))
     (SumLoopExpr
      (FloatType)
      a
      (VarExpr (IntType) argnum)
      (FloatExpr (FloatType) 87)))
    0)
   <=
   (TupleIndexExpr
    (FloatType)
    (TupleLiteralExpr
     (TupleType (FloatType) (IntType))
     (BinopExpr
      (FloatType)
      (FloatExpr (FloatType) 98)
      +
      (FloatExpr (FloatType) 67))
     (IntExpr (IntType) 435))
    0))
  (TupleIndexExpr
   (BoolType)
   (TupleLiteralExpr
    (TupleType (BoolType) (IntType) (BoolType))
    (BinopExpr
     (BoolType)
     (VarExpr (IntType) argnum)
     !=
     (IntExpr (IntType) 887))
    (ArrayIndexExpr
     (IntType)
     (VarExpr (ArrayType (IntType) 1) args)
     (VarExpr (IntType) argnum))
    (UnopExpr (BoolType) ! (UnopExpr (BoolType) ! (FalseExpr (BoolType)))))
   2)))
(WriteCmd
 (IfExpr
  (ArrayType (TupleType (FloatType) (FloatType) (FloatType) (FloatType)) 2)
  (UnopExpr
   (BoolType)
   !
   (TupleIndexExpr
    (BoolType)
    (TupleLiteralExpr
     (TupleType (IntType) (BoolType) (TupleType (IntType) (IntType)))
     (SumLoopExpr
      (IntType)
      a
      (VarExpr (IntType) argnum)
      (VarExpr (IntType) argnum))
     (BinopExpr
      (BoolType)
      (VarExpr (IntType) argnum)
      !=
      (VarExpr (IntType) argnum))
     (TupleLiteralExpr
      (TupleType (IntType) (IntType))
      (IntExpr (IntType) 406)
      (VarExpr (IntType) argnum)))
    1))
  (ArrayLoopExpr
   (ArrayType (TupleType (FloatType) (FloatType) (FloatType) (FloatType)) 2)
   a
   (IntExpr (IntType) 715)
   b
   (BinopExpr
    (IntType)
    (VarExpr (IntType) argnum)
    %
    (BinopExpr
     (IntType)
     (VarExpr (IntType) argnum)
     /
     (BinopExpr
      (IntType)
      (VarExpr (IntType) argnum)
      +
      (VarExpr (IntType) argnum))))
   (TupleLiteralExpr
    (TupleType (FloatType) (FloatType) (FloatType) (FloatType))
    (FloatExpr (FloatType) 7)
    (UnopExpr
     (FloatType)
     -
     (SumLoopExpr
      (FloatType)
      c
      (IntExpr (IntType) 179)
      d
      (VarExpr (IntType) a)
      e
      (VarExpr (IntType) b)
      (FloatExpr (FloatType) 68)))
    (UnopExpr (FloatType) - (FloatExpr (FloatType) 36))
    (FloatExpr (FloatType) 27)))
  (ArrayLoopExpr
   (ArrayType (TupleType (FloatType) (FloatType) (FloatType) (FloatType)) 2)
   a
   (BinopExpr
    (IntType)
    (UnopExpr
     (IntType)
     -
     (SumLoopExpr
      (IntType)
      a
      (IntExpr (IntType) 338)
      b
      (IntExpr (IntType) 700)
      c
      (IntExpr (IntType) 93)
      (VarExpr (IntType) c)))
    -
    (IntExpr (IntType) 357))
   b
   (BinopExpr
    (IntType)
    (BinopExpr (IntType) (IntExpr (IntType) 229) - (VarExpr (IntType) argnum))
    %
    (SumLoopExpr
     (IntType)
     a
     (VarExpr (IntType) argnum)
     b
     (VarExpr (IntType) argnum)
     (VarExpr (IntType) argnum)))
   (TupleLiteralExpr
    (TupleType (FloatType) (FloatType) (FloatType) (FloatType))
    (SumLoopExpr
     (FloatType)
     c
     (UnopExpr (IntType) - (IntExpr (IntType) 168))
     (UnopExpr (FloatType) - (FloatExpr (FloatType) 16)))
    (SumLoopExpr
     (FloatType)
     c
     (VarExpr (IntType) b)
     (UnopExpr (FloatType) - (FloatExpr (FloatType) 37)))
    (BinopExpr
     (FloatType)
     (FloatExpr (FloatType) 82)
     +
     (FloatExpr (FloatType) 42))
    (FloatExpr (FloatType) 46))))
 "a.png")
(ShowCmd (VarExpr (IntType) argnum))
(LetCmd
 (TupleLValue
  (TupleLValue
   (TupleLValue
    (ArgLValue (ArrayArgument a b c d))
    (TupleLValue (ArgLValue (ArrayArgument e f)) (ArgLValue (VarArgument g)))
    (ArgLValue (ArrayArgument h i j k)))
   (ArgLValue (VarArgument l))))
 (TupleLiteralExpr
  (TupleType
   (TupleType
    (TupleType
     (ArrayType (IntType) 3)
     (TupleType (ArrayType (BoolType) 1) (ArrayType (BoolType) 1))
     (ArrayType (FloatType) 3))
    (TupleType (FloatType) (TupleType) (BoolType))))
  (TupleLiteralExpr
   (TupleType
    (TupleType
     (ArrayType (IntType) 3)
     (TupleType (ArrayType (BoolType) 1) (ArrayType (BoolType) 1))
     (ArrayType (FloatType) 3))
    (TupleType (FloatType) (TupleType) (BoolType)))
   (TupleLiteralExpr
    (TupleType
     (ArrayType (IntType) 3)
     (TupleType (ArrayType (BoolType) 1) (ArrayType (BoolType) 1))
     (ArrayType (FloatType) 3))
    (ArrayLoopExpr
     (ArrayType (IntType) 3)
     a
     (IntExpr (IntType) 136)
     b
     (BinopExpr
      (IntType)
      (VarExpr (IntType) argnum)
      %
      (VarExpr (IntType) argnum))
     c
     (IntExpr (IntType) 741)
     (VarExpr (IntType) a))
    (TupleLiteralExpr
     (TupleType (ArrayType (BoolType) 1) (ArrayType (BoolType) 1))
     (ArrayLoopExpr
      (ArrayType (BoolType) 1)
      a
      (VarExpr (IntType) argnum)
      (FalseExpr (BoolType)))
     (ArrayLiteralExpr
      (ArrayType (BoolType) 1)
      (FalseExpr (BoolType))
      (TrueExpr (BoolType))))
    (ArrayLoopExpr
     (ArrayType (FloatType) 3)
     a
     (ArrayIndexExpr
      (IntType)
      (VarExpr (ArrayType (IntType) 1) args)
      (IntExpr (IntType) 661))
     b
     (BinopExpr
      (IntType)
      (VarExpr (IntType) argnum)
      *
      (VarExpr (IntType) argnum))
     c
     (VarExpr (IntType) argnum)
     (SumLoopExpr
      (FloatType)
      d
      (VarExpr (IntType) c)
      e
      (VarExpr (IntType) b)
      (FloatExpr (FloatType) 32))))
   (TupleLiteralExpr
    (TupleType (FloatType) (TupleType) (BoolType))
    (SumLoopExpr
     (FloatType)
     a
     (IntExpr (IntType) 659)
     b
     (IntExpr (IntType) 356)
     (FloatExpr (FloatType) 67))
    (TupleLiteralExpr (TupleType))
    (ArrayIndexExpr
     (BoolType)
     (ArrayLoopExpr
      (ArrayType (BoolType) 2)
      a
      (VarExpr (IntType) argnum)
      b
      (IntExpr (IntType) 769)
      (TrueExpr (BoolType)))
     (IfExpr
      (IntType)
      (FalseExpr (BoolType))
      (IntExpr (IntType) 76)
      (IntExpr (IntType) 64))
     (UnopExpr (IntType) - (VarExpr (IntType) argnum)))))))
(LetCmd (ArgLValue (ArrayArgument m n)) (VarExpr (ArrayType (BoolType) 1) e))
(LetCmd
 (ArgLValue (ArrayArgument o p q))
 (ArrayLoopExpr
  (ArrayType (ArrayType (IntType) 1) 2)
  o
  (VarExpr (IntType) i)
  p
  (VarExpr (IntType) argnum)
  (VarExpr (ArrayType (IntType) 1) args)))
(LetCmd
 (TupleLValue)
 (TupleIndexExpr
  (TupleType)
  (IfExpr
   (TupleType (IntType) (IntType) (TupleType))
   (IfExpr
    (BoolType)
    (ArrayIndexExpr
     (BoolType)
     (VarExpr (ArrayType (BoolType) 1) m)
     (VarExpr (IntType) d))
    (BinopExpr
     (BoolType)
     (BinopExpr (BoolType) (VarExpr (IntType) n) > (VarExpr (IntType) p))
     &&
     (UnopExpr (BoolType) ! (FalseExpr (BoolType))))
    (BinopExpr
     (BoolType)
     (FloatExpr (FloatType) 29)
     >=
     (FloatExpr (FloatType) 95)))
   (IfExpr
    (TupleType (IntType) (IntType) (TupleType))
    (IfExpr
     (BoolType)
     (FalseExpr (BoolType))
     (ArrayIndexExpr
      (BoolType)
      (VarExpr (ArrayType (BoolType) 1) m)
      (VarExpr (IntType) f))
     (FalseExpr (BoolType)))
    (IfExpr
     (TupleType (IntType) (IntType) (TupleType))
     (FalseExpr (BoolType))
     (TupleLiteralExpr
      (TupleType (IntType) (IntType) (TupleType))
      (VarExpr (IntType) d)
      (VarExpr (IntType) q)
      (TupleLiteralExpr (TupleType)))
     (TupleLiteralExpr
      (TupleType (IntType) (IntType) (TupleType))
      (VarExpr (IntType) j)
      (VarExpr (IntType) j)
      (TupleLiteralExpr (TupleType))))
    (IfExpr
     (TupleType (IntType) (IntType) (TupleType))
     (ArrayIndexExpr
      (BoolType)
      (VarExpr (ArrayType (BoolType) 1) m)
      (VarExpr (IntType) k))
     (TupleLiteralExpr
      (TupleType (IntType) (IntType) (TupleType))
      (VarExpr (IntType) n)
      (VarExpr (IntType) i)
      (TupleLiteralExpr (TupleType)))
     (TupleLiteralExpr
      (TupleType (IntType) (IntType) (TupleType))
      (VarExpr (IntType) q)
      (VarExpr (IntType) q)
      (TupleLiteralExpr (TupleType)))))
   (TupleIndexExpr
    (TupleType (IntType) (IntType) (TupleType))
    (TupleLiteralExpr
     (TupleType (TupleType (IntType) (IntType) (TupleType)))
     (TupleLiteralExpr
      (TupleType (IntType) (IntType) (TupleType))
      (VarExpr (IntType) k)
      (VarExpr (IntType) argnum)
      (TupleLiteralExpr (TupleType))))
    0))
  2))
(LetCmd
 (ArgLValue (VarArgument r))
 (BinopExpr (IntType) (VarExpr (IntType) j) + (VarExpr (IntType) b)))
(LetCmd (ArgLValue (VarArgument s)) (VarExpr (ArrayType (BoolType) 1) m))
(AssertCmd
 (ArrayIndexExpr
  (BoolType)
  (IfExpr
   (ArrayType (BoolType) 2)
   (BinopExpr
    (BoolType)
    (ArrayIndexExpr
     (IntType)
     (ArrayLoopExpr
      (ArrayType (IntType) 3)
      t
      (VarExpr (IntType) p)
      u
      (VarExpr (IntType) n)
      v
      (VarExpr (IntType) c)
      (VarExpr (IntType) f))
     (BinopExpr (IntType) (VarExpr (IntType) j) % (VarExpr (IntType) d))
     (VarExpr (IntType) j)
     (VarExpr (IntType) b))
    <=
    (IfExpr
     (IntType)
     (FalseExpr (BoolType))
     (VarExpr (IntType) d)
     (VarExpr (IntType) b)))
   (TupleIndexExpr
    (ArrayType (BoolType) 2)
    (TupleLiteralExpr
     (TupleType (ArrayType (IntType) 3) (ArrayType (BoolType) 2) (IntType))
     (VarExpr (ArrayType (IntType) 3) a)
     (ArrayLoopExpr
      (ArrayType (BoolType) 2)
      t
      (VarExpr (IntType) r)
      u
      (VarExpr (IntType) k)
      (TrueExpr (BoolType)))
     (VarExpr (IntType) argnum))
    1)
   (ArrayLoopExpr
    (ArrayType (BoolType) 2)
    t
    (VarExpr (IntType) f)
    u
    (VarExpr (IntType) c)
    (TupleIndexExpr
     (BoolType)
     (VarExpr (TupleType (FloatType) (TupleType) (BoolType)) l)
     2)))
  (IfExpr
   (IntType)
   (UnopExpr (BoolType) ! (TrueExpr (BoolType)))
   (UnopExpr (IntType) - (VarExpr (IntType) q))
   (VarExpr (IntType) d))
  (VarExpr (IntType) n))
 "t")
(ShowCmd (VarExpr (IntType) argnum))
(LetCmd
 (TupleLValue
  (TupleLValue (ArgLValue (VarArgument t)) (ArgLValue (VarArgument u)))
  (ArgLValue (ArrayArgument v w x y))
  (ArgLValue (VarArgument z)))
 (ArrayIndexExpr
  (TupleType
   (TupleType (IntType) (IntType))
   (ArrayType (FloatType) 3)
   (BoolType))
  (ArrayLoopExpr
   (ArrayType
    (TupleType
     (TupleType (IntType) (IntType))
     (ArrayType (FloatType) 3)
     (BoolType))
    1)
   t
   (IfExpr
    (IntType)
    (BinopExpr
     (BoolType)
     (BinopExpr
      (BoolType)
      (FloatExpr (FloatType) 62)
      >
      (FloatExpr (FloatType) 30))
     !=
     (BinopExpr (BoolType) (VarExpr (IntType) n) != (IntExpr (IntType) 631)))
    (VarExpr (IntType) p)
    (VarExpr (IntType) q))
   (TupleLiteralExpr
    (TupleType
     (TupleType (IntType) (IntType))
     (ArrayType (FloatType) 3)
     (BoolType))
    (TupleLiteralExpr
     (TupleType (IntType) (IntType))
     (VarExpr (IntType) d)
     (VarExpr (IntType) f))
    (ArrayIndexExpr
     (ArrayType (FloatType) 3)
     (ArrayLoopExpr
      (ArrayType (ArrayType (FloatType) 3) 3)
      u
      (VarExpr (IntType) r)
      v
      (VarExpr (IntType) r)
      w
      (VarExpr (IntType) r)
      (VarExpr (ArrayType (FloatType) 3) h))
     (VarExpr (IntType) d)
     (VarExpr (IntType) p)
     (IntExpr (IntType) 286))
    (BinopExpr
     (BoolType)
     (BinopExpr
      (BoolType)
      (FloatExpr (FloatType) 6)
      >=
      (FloatExpr (FloatType) 98))
     ==
     (TrueExpr (BoolType)))))
  (VarExpr (IntType) b)))
