(TimeCmd (ReadCmd "a.png" (VarArgument a)))
(LetCmd
 (ArgLValue (ArrayArgument b c d e))
 (ArrayLoopExpr
  (ArrayType (TupleType (FloatType) (FloatType) (FloatType) (FloatType)) 3)
  b
  (SumLoopExpr
   (IntType)
   b
   (UnopExpr (IntType) - (VarExpr (IntType) argnum))
   (SumLoopExpr
    (IntType)
    c
    (IntExpr (IntType) 950)
    d
    (ArrayIndexExpr
     (IntType)
     (ArrayLoopExpr
      (ArrayType (IntType) 3)
      c
      (VarExpr (IntType) argnum)
      d
      (VarExpr (IntType) argnum)
      e
      (IntExpr (IntType) 341)
      (VarExpr (IntType) d))
     (IntExpr (IntType) 207)
     (IntExpr (IntType) 672)
     (BinopExpr (IntType) (IntExpr (IntType) 293) * (VarExpr (IntType) b)))
    e
    (ArrayIndexExpr
     (IntType)
     (VarExpr (ArrayType (IntType) 1) args)
     (VarExpr (IntType) argnum))
    (BinopExpr (IntType) (VarExpr (IntType) b) * (VarExpr (IntType) argnum))))
  c
  (IntExpr (IntType) 871)
  d
  (IntExpr (IntType) 71)
  (ArrayIndexExpr
   (TupleType (FloatType) (FloatType) (FloatType) (FloatType))
   (IfExpr
    (ArrayType (TupleType (FloatType) (FloatType) (FloatType) (FloatType)) 2)
    (TupleIndexExpr
     (BoolType)
     (TupleLiteralExpr
      (TupleType
       (BoolType)
       (BoolType)
       (ArrayType
        (TupleType (FloatType) (FloatType) (FloatType) (FloatType))
        2))
      (TrueExpr (BoolType))
      (FalseExpr (BoolType))
      (VarExpr
       (ArrayType
        (TupleType (FloatType) (FloatType) (FloatType) (FloatType))
        2)
       a))
     0)
    (VarExpr
     (ArrayType (TupleType (FloatType) (FloatType) (FloatType) (FloatType)) 2)
     a)
    (VarExpr
     (ArrayType (TupleType (FloatType) (FloatType) (FloatType) (FloatType)) 2)
     a))
   (VarExpr (IntType) c)
   (ArrayIndexExpr
    (IntType)
    (ArrayLoopExpr
     (ArrayType (IntType) 3)
     e
     (VarExpr (IntType) c)
     f
     (VarExpr (IntType) d)
     g
     (IntExpr (IntType) 792)
     (VarExpr (IntType) b))
    (SumLoopExpr
     (IntType)
     e
     (UnopExpr (IntType) - (IntExpr (IntType) 671))
     (IntExpr (IntType) 337))
    (IntExpr (IntType) 826)
    (TupleIndexExpr
     (IntType)
     (TupleLiteralExpr
      (TupleType
       (IntType)
       (FloatType)
       (ArrayType
        (TupleType (FloatType) (FloatType) (FloatType) (FloatType))
        2))
      (VarExpr (IntType) argnum)
      (FloatExpr (FloatType) 23)
      (VarExpr
       (ArrayType
        (TupleType (FloatType) (FloatType) (FloatType) (FloatType))
        2)
       a))
     0)))))
(LetCmd
 (TupleLValue
  (TupleLValue
   (TupleLValue)
   (TupleLValue
    (ArgLValue (VarArgument f))
    (ArgLValue (VarArgument g))
    (ArgLValue (VarArgument h))))
  (ArgLValue (VarArgument i))
  (ArgLValue (VarArgument j)))
 (ArrayIndexExpr
  (TupleType
   (TupleType
    (TupleType)
    (TupleType (IntType) (ArrayType (IntType) 1) (BoolType)))
   (FloatType)
   (FloatType))
  (ArrayLoopExpr
   (ArrayType
    (TupleType
     (TupleType
      (TupleType)
      (TupleType (IntType) (ArrayType (IntType) 1) (BoolType)))
     (FloatType)
     (FloatType))
    1)
   f
   (SumLoopExpr
    (IntType)
    f
    (IfExpr
     (IntType)
     (TrueExpr (BoolType))
     (UnopExpr (IntType) - (VarExpr (IntType) c))
     (VarExpr (IntType) c))
    g
    (VarExpr (IntType) e)
    (VarExpr (IntType) argnum))
   (TupleLiteralExpr
    (TupleType
     (TupleType
      (TupleType)
      (TupleType (IntType) (ArrayType (IntType) 1) (BoolType)))
     (FloatType)
     (FloatType))
    (TupleLiteralExpr
     (TupleType
      (TupleType)
      (TupleType (IntType) (ArrayType (IntType) 1) (BoolType)))
     (TupleLiteralExpr (TupleType))
     (TupleLiteralExpr
      (TupleType (IntType) (ArrayType (IntType) 1) (BoolType))
      (IntExpr (IntType) 731)
      (VarExpr (ArrayType (IntType) 1) args)
      (FalseExpr (BoolType))))
    (CallExpr (FloatType) sin (FloatExpr (FloatType) 54))
    (CallExpr
     (FloatType)
     acos
     (CallExpr (FloatType) acos (FloatExpr (FloatType) 81)))))
  (BinopExpr (IntType) (IntExpr (IntType) 482) / (VarExpr (IntType) d))))
(LetCmd
 (ArgLValue (ArrayArgument k l m n))
 (VarExpr
  (ArrayType (TupleType (FloatType) (FloatType) (FloatType) (FloatType)) 3)
  b))
(LetCmd
 (TupleLValue
  (TupleLValue
   (TupleLValue
    (ArgLValue (ArrayArgument o p q r))
    (ArgLValue (VarArgument s)))
   (ArgLValue (VarArgument t)))
  (ArgLValue (ArrayArgument u v)))
 (IfExpr
  (TupleType
   (TupleType
    (TupleType
     (ArrayType (TupleType (FloatType) (FloatType) (FloatType) (FloatType)) 3)
     (BoolType))
    (IntType))
   (ArrayType (IntType) 1))
  (UnopExpr
   (BoolType)
   !
   (BinopExpr
    (BoolType)
    (ArrayIndexExpr
     (BoolType)
     (ArrayLiteralExpr (ArrayType (BoolType) 1) (VarExpr (BoolType) h))
     (VarExpr (IntType) l))
    ||
    (BinopExpr (BoolType) (VarExpr (IntType) l) != (VarExpr (IntType) argnum))))
  (TupleLiteralExpr
   (TupleType
    (TupleType
     (TupleType
      (ArrayType (TupleType (FloatType) (FloatType) (FloatType) (FloatType)) 3)
      (BoolType))
     (IntType))
    (ArrayType (IntType) 1))
   (TupleLiteralExpr
    (TupleType
     (TupleType
      (ArrayType (TupleType (FloatType) (FloatType) (FloatType) (FloatType)) 3)
      (BoolType))
     (IntType))
    (TupleLiteralExpr
     (TupleType
      (ArrayType (TupleType (FloatType) (FloatType) (FloatType) (FloatType)) 3)
      (BoolType))
     (VarExpr
      (ArrayType (TupleType (FloatType) (FloatType) (FloatType) (FloatType)) 3)
      b)
     (VarExpr (BoolType) h))
    (VarExpr (IntType) n))
   (IfExpr
    (ArrayType (IntType) 1)
    (UnopExpr
     (BoolType)
     !
     (BinopExpr (BoolType) (VarExpr (IntType) m) != (IntExpr (IntType) 647)))
    (VarExpr (ArrayType (IntType) 1) args)
    (VarExpr (ArrayType (IntType) 1) g)))
  (TupleLiteralExpr
   (TupleType
    (TupleType
     (TupleType
      (ArrayType (TupleType (FloatType) (FloatType) (FloatType) (FloatType)) 3)
      (BoolType))
     (IntType))
    (ArrayType (IntType) 1))
   (IfExpr
    (TupleType
     (TupleType
      (ArrayType (TupleType (FloatType) (FloatType) (FloatType) (FloatType)) 3)
      (BoolType))
     (IntType))
    (IfExpr
     (BoolType)
     (BinopExpr (BoolType) (VarExpr (IntType) d) != (VarExpr (IntType) e))
     (BinopExpr (BoolType) (VarExpr (IntType) l) >= (VarExpr (IntType) l))
     (TrueExpr (BoolType)))
    (TupleLiteralExpr
     (TupleType
      (TupleType
       (ArrayType
        (TupleType (FloatType) (FloatType) (FloatType) (FloatType))
        3)
       (BoolType))
      (IntType))
     (TupleLiteralExpr
      (TupleType
       (ArrayType
        (TupleType (FloatType) (FloatType) (FloatType) (FloatType))
        3)
       (BoolType))
      (VarExpr
       (ArrayType
        (TupleType (FloatType) (FloatType) (FloatType) (FloatType))
        3)
       k)
      (TrueExpr (BoolType)))
     (VarExpr (IntType) e))
    (TupleLiteralExpr
     (TupleType
      (TupleType
       (ArrayType
        (TupleType (FloatType) (FloatType) (FloatType) (FloatType))
        3)
       (BoolType))
      (IntType))
     (TupleLiteralExpr
      (TupleType
       (ArrayType
        (TupleType (FloatType) (FloatType) (FloatType) (FloatType))
        3)
       (BoolType))
      (VarExpr
       (ArrayType
        (TupleType (FloatType) (FloatType) (FloatType) (FloatType))
        3)
       b)
      (TrueExpr (BoolType)))
     (VarExpr (IntType) m)))
   (TupleIndexExpr
    (ArrayType (IntType) 1)
    (IfExpr
     (TupleType
      (ArrayType (TupleType (FloatType) (FloatType) (FloatType) (FloatType)) 3)
      (ArrayType (IntType) 1)
      (IntType))
     (BinopExpr (BoolType) (VarExpr (BoolType) h) || (VarExpr (BoolType) h))
     (TupleLiteralExpr
      (TupleType
       (ArrayType
        (TupleType (FloatType) (FloatType) (FloatType) (FloatType))
        3)
       (ArrayType (IntType) 1)
       (IntType))
      (VarExpr
       (ArrayType
        (TupleType (FloatType) (FloatType) (FloatType) (FloatType))
        3)
       b)
      (VarExpr (ArrayType (IntType) 1) args)
      (VarExpr (IntType) argnum))
     (TupleLiteralExpr
      (TupleType
       (ArrayType
        (TupleType (FloatType) (FloatType) (FloatType) (FloatType))
        3)
       (ArrayType (IntType) 1)
       (IntType))
      (VarExpr
       (ArrayType
        (TupleType (FloatType) (FloatType) (FloatType) (FloatType))
        3)
       b)
      (VarExpr (ArrayType (IntType) 1) g)
      (IntExpr (IntType) 292)))
    1))))
(LetCmd
 (ArgLValue (ArrayArgument w x y))
 (TupleIndexExpr
  (ArrayType (TupleType (FloatType) (FloatType) (FloatType) (FloatType)) 2)
  (TupleIndexExpr
   (TupleType
    (ArrayType (TupleType (FloatType) (FloatType) (FloatType) (FloatType)) 3)
    (ArrayType (TupleType (FloatType) (FloatType) (FloatType) (FloatType)) 2))
   (IfExpr
    (TupleType
     (TupleType
      (ArrayType (TupleType (FloatType) (FloatType) (FloatType) (FloatType)) 3)
      (ArrayType (TupleType (FloatType) (FloatType) (FloatType) (FloatType)) 2)))
    (TrueExpr (BoolType))
    (TupleLiteralExpr
     (TupleType
      (TupleType
       (ArrayType
        (TupleType (FloatType) (FloatType) (FloatType) (FloatType))
        3)
       (ArrayType
        (TupleType (FloatType) (FloatType) (FloatType) (FloatType))
        2)))
     (TupleLiteralExpr
      (TupleType
       (ArrayType
        (TupleType (FloatType) (FloatType) (FloatType) (FloatType))
        3)
       (ArrayType
        (TupleType (FloatType) (FloatType) (FloatType) (FloatType))
        2))
      (VarExpr
       (ArrayType
        (TupleType (FloatType) (FloatType) (FloatType) (FloatType))
        3)
       o)
      (VarExpr
       (ArrayType
        (TupleType (FloatType) (FloatType) (FloatType) (FloatType))
        2)
       a)))
    (TupleLiteralExpr
     (TupleType
      (TupleType
       (ArrayType
        (TupleType (FloatType) (FloatType) (FloatType) (FloatType))
        3)
       (ArrayType
        (TupleType (FloatType) (FloatType) (FloatType) (FloatType))
        2)))
     (TupleLiteralExpr
      (TupleType
       (ArrayType
        (TupleType (FloatType) (FloatType) (FloatType) (FloatType))
        3)
       (ArrayType
        (TupleType (FloatType) (FloatType) (FloatType) (FloatType))
        2))
      (VarExpr
       (ArrayType
        (TupleType (FloatType) (FloatType) (FloatType) (FloatType))
        3)
       k)
      (VarExpr
       (ArrayType
        (TupleType (FloatType) (FloatType) (FloatType) (FloatType))
        2)
       a))))
   0)
  1))
(AssertCmd (VarExpr (BoolType) s) "z")
(LetCmd (ArgLValue (VarArgument z)) (VarExpr (ArrayType (IntType) 1) u))
(LetCmd
 (ArgLValue (VarArgument A))
 (VarExpr
  (ArrayType (TupleType (FloatType) (FloatType) (FloatType) (FloatType)) 3)
  o))
(ReadCmd "B.png" (VarArgument B))
(LetCmd
 (TupleLValue (ArgLValue (VarArgument C)))
 (ArrayIndexExpr
  (TupleType (BoolType))
  (ArrayIndexExpr
   (ArrayType (TupleType (BoolType)) 2)
   (ArrayLoopExpr
    (ArrayType (ArrayType (TupleType (BoolType)) 2) 1)
    C
    (ArrayIndexExpr
     (IntType)
     (ArrayLoopExpr
      (ArrayType (IntType) 2)
      C
      (VarExpr (IntType) r)
      D
      (VarExpr (IntType) f)
      (VarExpr (IntType) r))
     (VarExpr (IntType) r)
     (VarExpr (IntType) l))
    (ArrayLoopExpr
     (ArrayType (TupleType (BoolType)) 2)
     D
     (VarExpr (IntType) x)
     E
     (VarExpr (IntType) l)
     (TupleLiteralExpr (TupleType (BoolType)) (VarExpr (BoolType) h))))
   (UnopExpr (IntType) - (UnopExpr (IntType) - (VarExpr (IntType) y))))
  (VarExpr (IntType) argnum)
  (IfExpr
   (IntType)
   (TrueExpr (BoolType))
   (VarExpr (IntType) y)
   (VarExpr (IntType) p))))
(AssertCmd (TrueExpr (BoolType)) "D")
