global jpl_main
global _jpl_main
extern _fail_assertion
extern _jpl_alloc
extern _get_time
extern _show
extern _print
extern _print_time
extern _read_image
extern _write_image
extern _fmod
extern _sqrt
extern _exp
extern _sin
extern _cos
extern _tan
extern _asin
extern _acos
extern _atan
extern _log
extern _pow
extern _atan2
extern _to_int
extern _to_float

section .data
const0: db `non-positive loop bound`, 0
const1: db `overflow computing array size`, 0
const2: dq 943
const3: dq 1
const4: db `negative array index`, 0
const5: db `index too large`, 0
const6: dq 0
const7: dq 56.8
const8: dq 72.81
const9: db `mod by zero`, 0
const10: dq 53.76
const11: dq 64.71
const12: dq 45.99
const13: dq 4.69
const14: dq 686
const15: dq 484
const16: db `(TupleType)`, 0
const17: db `divide by zero`, 0

section .text
jpl_main:
_jpl_main:
	push rbp
	mov rbp, rsp
	push r12
	mov r12, rbp
	; Allocating 8 bytes for the pointer
	sub rsp, 8
	; Computing bound for a
	sub rsp, 8
	; Moving 8 bytes from rbp - -16 to rsp
		mov r10, [rbp - -16 + 0]
		mov [rsp + 0], r10
	mov rax, [rsp]
	cmp rax, 0
	jg .jump1
	sub rsp, 8 ; Align stack
	lea rdi, [rel const0] ; non-positive loop bound
	call _fail_assertion
	add rsp, 8 ; Remove alignment
.jump1:
	; Computing total size of heap memory to allocate
	mov rdi, 8 ; sizeof bool
	imul rdi, [rsp + 0 + 0] ; multiply by argnum
	jno .jump2
	sub rsp, 8 ; Align stack
	lea rdi, [rel const1] ; overflow computing array size
	call _fail_assertion
	add rsp, 8 ; Remove alignment
.jump2:
	sub rsp, 8 ; Align stack
	call _jpl_alloc ; Put pointer to heap space in RAX
	add rsp, 8 ; Remove alignment
	mov [rsp + 8], rax ; Move to pre-allocated space
	; Initialize a to 0
	mov rax, 0
	push rax
.jump3: ; Begin body of loop
	; Compare a to its bound
	mov rax, [rsp + 0]
	cmp rax, [rsp + 8]
	jge .jump4 ; If a >= bound, break
.jump5:
	; Compute loop body
	sub rsp, 8
	; Moving 8 bytes from rbp - -16 to rsp
		mov r10, [rbp - -16 + 0]
		mov [rsp + 0], r10
	mov rax, [rel const2] ; 943
	push rax
	pop rax
	pop r10
	cmp rax, r10
	setge al
	and rax, 1
	push rax
	pop rax
	cmp rax, 0
	je .jump6
	mov rax, [rel const3] ; True
	push rax
	jmp .jump7
.jump6:
	mov rax, [rel const3] ; True
	push rax
.jump7:
	; Index to store in
	mov rax, 0
	imul rax, [rsp + 16] ; No overflow if indices in bounds
	add rax, [rsp + 8]
	imul rax, 8
	add rax, [rsp + 24]
	; Move body (8 bytes) to index
	; Moving 8 bytes from rsp to rax
		mov r10, [rsp + 0]
		mov [rax + 0], r10
	add rsp, 8
	; Increment a
	add qword [rsp + 0], 1
	jmp .jump3
.jump4: ; End body of loop
	; Free all loop variables
	add rsp, 8
	; array left on stack
	sub rsp, 8
	; Moving 8 bytes from rbp - -16 to rsp
		mov r10, [rbp - -16 + 0]
		mov [rsp + 0], r10
	mov rax, [rsp + 0]
	cmp rax, 0
	jge .jump8
	lea rdi, [rel const4] ; negative array index
	call _fail_assertion
.jump8:
	cmp rax, [rsp + 8]
	jl .jump9
	lea rdi, [rel const5] ; index too large
	call _fail_assertion
.jump9:
	mov rax, 0
	imul rax, [rsp + 8] ; No overflow if indices in bounds
	add rax, [rsp + 0]
	imul rax, 8
	add rax, [rsp + 16]
	add rsp, 8
	add rsp, 16
	sub rsp, 8
	; Moving 8 bytes from rax to rsp
		mov r10, [rax + 0]
		mov [rsp + 0], r10
	pop rax
	cmp rax, 0
	je .jump10
	mov rax, [rel const6] ; False
	push rax
	pop rax
	cmp rax, 0
	je .jump11
	mov rax, [rel const3] ; True
	push rax
	pop rax
	cmp rax, 0
	jne .jump12
	mov rax, [rel const3] ; True
	push rax
	pop rax
.jump12:
	push rax
	pop rax
.jump11:
	push rax
	pop rax
	cmp rax, 0
	jne .jump13
	mov rax, [rel const7] ; 56.8
	push rax
	mov rax, [rel const8] ; 72.81
	push rax
	movsd xmm0, [rsp]
	add rsp, 8
	movsd xmm1, [rsp]
	add rsp, 8
	cmpltsd xmm1, xmm0
	movq rax, xmm1
	and rax, 1
	push rax
	mov rax, [rel const3] ; True
	push rax
	pop rax
	xor rax, 1
	push rax
	pop rax
	pop r10
	cmp rax, r10
	sete al
	and rax, 1
	push rax
	pop rax
.jump13:
	push rax
	pop rax
	xor rax, 1
	push rax
	pop rax
.jump10:
	push rax
	sub rsp, 16
	; Moving 16 bytes from rbp - -16 to rsp
		mov r10, [rbp - -16 + 8]
		mov [rsp + 8], r10
		mov r10, [rbp - -16 + 0]
		mov [rsp + 0], r10
	; Moving 16 bytes from rsp + 0 to rsp + 0
		mov r10, [rsp + 0 + 8]
		mov [rsp + 0 + 8], r10
		mov r10, [rsp + 0 + 0]
		mov [rsp + 0 + 0], r10
	add rsp, 0
	sub rsp, 8
	; Moving 8 bytes from rbp - -16 to rsp
		mov r10, [rbp - -16 + 0]
		mov [rsp + 0], r10
	mov rax, [rsp + 0]
	cmp rax, 0
	jge .jump14
	sub rsp, 8 ; Align stack
	lea rdi, [rel const4] ; negative array index
	call _fail_assertion
	add rsp, 8 ; Remove alignment
.jump14:
	cmp rax, [rsp + 8]
	jl .jump15
	sub rsp, 8 ; Align stack
	lea rdi, [rel const5] ; index too large
	call _fail_assertion
	add rsp, 8 ; Remove alignment
.jump15:
	mov rax, 0
	imul rax, [rsp + 8] ; No overflow if indices in bounds
	add rax, [rsp + 0]
	imul rax, 8
	add rax, [rsp + 16]
	add rsp, 8
	add rsp, 16
	sub rsp, 8
	; Moving 8 bytes from rax to rsp
		mov r10, [rax + 0]
		mov [rsp + 0], r10
	mov rdi, 8
	sub rsp, 8 ; Align stack
	call _jpl_alloc
	add rsp, 8 ; Remove alignment
	; Moving 8 bytes from rsp to rax
		mov r10, [rsp + 0]
		mov [rax + 0], r10
	add rsp, 8
	push rax
	mov rax, 1
	push rax
	sub rsp, 8
	; Moving 8 bytes from rbp - 16 to rsp
		mov r10, [rbp - 16 + 0]
		mov [rsp + 0], r10
	pop rax
	cmp rax, 0
	je .jump16
	mov rdi, 0
	call _jpl_alloc
	; Moving 0 bytes from rsp to rax
	add rsp, 0
	push rax
	mov rax, 1
	push rax
	sub rsp, 8
	; Moving 8 bytes from rbp - 32 to rsp
		mov r10, [rbp - 32 + 0]
		mov [rsp + 0], r10
	mov rax, [rsp + 0]
	cmp rax, 0
	jge .jump18
	sub rsp, 8 ; Align stack
	lea rdi, [rel const4] ; negative array index
	call _fail_assertion
	add rsp, 8 ; Remove alignment
.jump18:
	cmp rax, [rsp + 8]
	jl .jump19
	sub rsp, 8 ; Align stack
	lea rdi, [rel const5] ; index too large
	call _fail_assertion
	add rsp, 8 ; Remove alignment
.jump19:
	mov rax, 0
	imul rax, [rsp + 8] ; No overflow if indices in bounds
	add rax, [rsp + 0]
	imul rax, 0
	add rax, [rsp + 16]
	add rsp, 8
	add rsp, 16
	sub rsp, 0
	; Moving 0 bytes from rax to rsp
	jmp .jump17
.jump16:
.jump17:
	mov rdi, 0
	call _jpl_alloc
	; Moving 0 bytes from rsp to rax
	add rsp, 0
	push rax
	mov rax, 1
	push rax
	sub rsp, 8
	; Moving 8 bytes from rbp - -16 to rsp
		mov r10, [rbp - -16 + 0]
		mov [rsp + 0], r10
	mov rax, [rsp + 0]
	cmp rax, 0
	jge .jump20
	sub rsp, 8 ; Align stack
	lea rdi, [rel const4] ; negative array index
	call _fail_assertion
	add rsp, 8 ; Remove alignment
.jump20:
	cmp rax, [rsp + 8]
	jl .jump21
	sub rsp, 8 ; Align stack
	lea rdi, [rel const5] ; index too large
	call _fail_assertion
	add rsp, 8 ; Remove alignment
.jump21:
	mov rax, 0
	imul rax, [rsp + 8] ; No overflow if indices in bounds
	add rax, [rsp + 0]
	imul rax, 0
	add rax, [rsp + 16]
	add rsp, 8
	add rsp, 16
	sub rsp, 0
	; Moving 0 bytes from rax to rsp
	; Allocating 8 bytes for the pointer
	sub rsp, 8
	; Computing bound for d
	sub rsp, 8
	; Moving 8 bytes from rbp - 32 to rsp
		mov r10, [rbp - 32 + 0]
		mov [rsp + 0], r10
	; Moving 8 bytes from rsp + 0 to rsp + 0
		mov r10, [rsp + 0 + 0]
		mov [rsp + 0 + 0], r10
	add rsp, 0
	sub rsp, 8
	; Moving 8 bytes from rbp - 32 to rsp
		mov r10, [rbp - 32 + 0]
		mov [rsp + 0], r10
	pop rax
	pop r10
	cmp r10, 0
	jne .jump22
	sub rsp, 8 ; Align stack
	lea rdi, [rel const9] ; mod by zero
	call _fail_assertion
	add rsp, 8 ; Remove alignment
.jump22:
	cqo
	idiv r10
	mov rax, rdx
	push rax
	mov rax, [rsp]
	cmp rax, 0
	jg .jump23
	lea rdi, [rel const0] ; non-positive loop bound
	call _fail_assertion
.jump23:
	; Computing total size of heap memory to allocate
	mov rdi, 8 ; sizeof float
	imul rdi, [rsp + 0 + 0] ; multiply by (c % {c}{0})
	jno .jump24
	lea rdi, [rel const1] ; overflow computing array size
	call _fail_assertion
.jump24:
	call _jpl_alloc ; Put pointer to heap space in RAX
	mov [rsp + 8], rax ; Move to pre-allocated space
	; Initialize d to 0
	mov rax, 0
	push rax
.jump25: ; Begin body of loop
	; Compare d to its bound
	mov rax, [rsp + 0]
	cmp rax, [rsp + 8]
	jge .jump26 ; If d >= bound, break
.jump27:
	; Compute loop body
	; Allocating 8 bytes for the sum
	sub rsp, 8
	; Computing bound for e
	; Allocating 8 bytes for the sum
	sub rsp, 8
	; Computing bound for e
	sub rsp, 8
	; Moving 8 bytes from rbp - -16 to rsp
		mov r10, [rbp - -16 + 0]
		mov [rsp + 0], r10
	mov rax, [rsp]
	cmp rax, 0
	jg .jump28
	lea rdi, [rel const0] ; non-positive loop bound
	call _fail_assertion
.jump28:
	; Initialize sum to 0
	mov rax, 0
	mov [rsp + 8], rax ; Move to pre-allocated space
	; Initialize e to 0
	mov rax, 0
	push rax
.jump29: ; Begin body of loop
	; Compare e to its bound
	mov rax, [rsp + 0]
	cmp rax, [rsp + 8]
	jge .jump30 ; If e >= bound, break
.jump31:
	; Compute loop body
	sub rsp, 8
	; Moving 8 bytes from rbp - -16 to rsp
		mov r10, [rbp - -16 + 0]
		mov [rsp + 0], r10
	pop rax
	add [rsp + 16], rax ; Add loop body to sum
	; Increment e
	add qword [rsp + 0], 1
	jmp .jump29
.jump30: ; End body of loop
	; Free all loop variables
	add rsp, 8
	; Free all loop bounds
	add rsp, 8
	; sum left on stack
	mov rax, [rsp]
	cmp rax, 0
	jg .jump32
	sub rsp, 8 ; Align stack
	lea rdi, [rel const0] ; non-positive loop bound
	call _fail_assertion
	add rsp, 8 ; Remove alignment
.jump32:
	; Initialize sum to 0
	mov rax, 0
	mov [rsp + 8], rax ; Move to pre-allocated space
	; Initialize e to 0
	mov rax, 0
	push rax
.jump33: ; Begin body of loop
	; Compare e to its bound
	mov rax, [rsp + 0]
	cmp rax, [rsp + 8]
	jge .jump34 ; If e >= bound, break
.jump35:
	; Compute loop body
	mov rax, [rel const10] ; 53.76
	push rax
	movsd xmm0, [rsp]
	add rsp, 8
	movsd xmm1, [rsp + 16] ; Load sum
	addsd xmm0, xmm1 ; Add loop body
	movsd [rsp + 16], xmm0 ; Save sum
	; Increment e
	add qword [rsp + 0], 1
	jmp .jump33
.jump34: ; End body of loop
	; Free all loop variables
	add rsp, 8
	; Free all loop bounds
	add rsp, 8
	; sum left on stack
	movsd xmm1, [rsp]
	add rsp, 8
	pxor xmm0, xmm0
	subsd xmm0, xmm1
	sub rsp, 8
	movsd [rsp], xmm0
	; Index to store in
	mov rax, 0
	imul rax, [rsp + 16] ; No overflow if indices in bounds
	add rax, [rsp + 8]
	imul rax, 8
	add rax, [rsp + 24]
	; Move body (8 bytes) to index
	; Moving 8 bytes from rsp to rax
		mov r10, [rsp + 0]
		mov [rax + 0], r10
	add rsp, 8
	; Increment d
	add qword [rsp + 0], 1
	jmp .jump25
.jump26: ; End body of loop
	; Free all loop variables
	add rsp, 8
	; array left on stack
	; Allocating 8 bytes for the pointer
	sub rsp, 8
	; Computing bound for f
	sub rsp, 8
	; Moving 8 bytes from rbp - -16 to rsp
		mov r10, [rbp - -16 + 0]
		mov [rsp + 0], r10
	; Moving 8 bytes from rsp + 0 to rsp + 0
		mov r10, [rsp + 0 + 0]
		mov [rsp + 0 + 0], r10
	add rsp, 0
	; Moving 8 bytes from rsp + 0 to rsp + 0
		mov r10, [rsp + 0 + 0]
		mov [rsp + 0 + 0], r10
	add rsp, 0
	mov rax, [rsp]
	cmp rax, 0
	jg .jump36
	lea rdi, [rel const0] ; non-positive loop bound
	call _fail_assertion
.jump36:
	; Computing total size of heap memory to allocate
	mov rdi, 8 ; sizeof float
	imul rdi, [rsp + 0 + 0] ; multiply by {{argnum}{0}}{0}
	jno .jump37
	lea rdi, [rel const1] ; overflow computing array size
	call _fail_assertion
.jump37:
	call _jpl_alloc ; Put pointer to heap space in RAX
	mov [rsp + 8], rax ; Move to pre-allocated space
	; Initialize f to 0
	mov rax, 0
	push rax
.jump38: ; Begin body of loop
	; Compare f to its bound
	mov rax, [rsp + 0]
	cmp rax, [rsp + 8]
	jge .jump39 ; If f >= bound, break
.jump40:
	; Compute loop body
	mov rax, [rel const11] ; 64.71
	push rax
	movsd xmm1, [rsp]
	add rsp, 8
	pxor xmm0, xmm0
	subsd xmm0, xmm1
	sub rsp, 8
	movsd [rsp], xmm0
	sub rsp, 16
	; Moving 16 bytes from rbp - 48 to rsp
		mov r10, [rbp - 48 + 8]
		mov [rsp + 8], r10
		mov r10, [rbp - 48 + 0]
		mov [rsp + 0], r10
	sub rsp, 8
	; Moving 8 bytes from rbp - 72 to rsp
		mov r10, [rbp - 72 + 0]
		mov [rsp + 0], r10
	mov rax, [rsp + 0]
	cmp rax, 0
	jge .jump41
	sub rsp, 8 ; Align stack
	lea rdi, [rel const4] ; negative array index
	call _fail_assertion
	add rsp, 8 ; Remove alignment
.jump41:
	cmp rax, [rsp + 8]
	jl .jump42
	sub rsp, 8 ; Align stack
	lea rdi, [rel const5] ; index too large
	call _fail_assertion
	add rsp, 8 ; Remove alignment
.jump42:
	mov rax, 0
	imul rax, [rsp + 8] ; No overflow if indices in bounds
	add rax, [rsp + 0]
	imul rax, 8
	add rax, [rsp + 16]
	add rsp, 8
	add rsp, 16
	sub rsp, 8
	; Moving 8 bytes from rax to rsp
		mov r10, [rax + 0]
		mov [rsp + 0], r10
	movsd xmm0, [rsp]
	add rsp, 8
	movsd xmm1, [rsp]
	add rsp, 8
	cmpeqsd xmm0, xmm1
	movq rax, xmm0
	and rax, 1
	push rax
	pop rax
	cmp rax, 0
	je .jump43
	mov rax, [rel const12] ; 45.99
	push rax
	jmp .jump44
.jump43:
	mov rax, [rel const13] ; 4.69
	push rax
	movsd xmm1, [rsp]
	add rsp, 8
	pxor xmm0, xmm0
	subsd xmm0, xmm1
	sub rsp, 8
	movsd [rsp], xmm0
.jump44:
	movsd xmm1, [rsp]
	add rsp, 8
	pxor xmm0, xmm0
	subsd xmm0, xmm1
	sub rsp, 8
	movsd [rsp], xmm0
	; Index to store in
	mov rax, 0
	imul rax, [rsp + 16] ; No overflow if indices in bounds
	add rax, [rsp + 8]
	imul rax, 8
	add rax, [rsp + 24]
	; Move body (8 bytes) to index
	; Moving 8 bytes from rsp to rax
		mov r10, [rsp + 0]
		mov [rax + 0], r10
	add rsp, 8
	; Increment f
	add qword [rsp + 0], 1
	jmp .jump38
.jump39: ; End body of loop
	; Free all loop variables
	add rsp, 8
	; array left on stack
	mov rax, [rel const3] ; True
	push rax
	pop rax
	xor rax, 1
	push rax
	pop rax
	cmp rax, 0
	je .jump45
	mov rax, [rel const3] ; True
	push rax
	pop rax
	cmp rax, 0
	je .jump46
	mov rax, [rel const3] ; True
	push rax
	jmp .jump47
.jump46:
	sub rsp, 8
	; Moving 8 bytes from rbp - 16 to rsp
		mov r10, [rbp - 16 + 0]
		mov [rsp + 0], r10
.jump47:
	pop rax
.jump45:
	push rax
	pop rax
	cmp rax, 0
	je .jump48
	mov rax, [rel const3] ; True
	push rax
	pop rax
	xor rax, 1
	push rax
	jmp .jump49
.jump48:
	mov rax, [rel const6] ; False
	push rax
	mov rax, [rel const3] ; True
	push rax
	pop rax
	pop r10
	cmp rax, r10
	setne al
	and rax, 1
	push rax
.jump49:
	; Moving 8 bytes from rsp + 0 to rsp + 0
		mov r10, [rsp + 0 + 0]
		mov [rsp + 0 + 0], r10
	add rsp, 0
	pop rax
	cmp rax, 0
	je .jump50
	sub rsp, 8
	; Moving 8 bytes from rbp - -16 to rsp
		mov r10, [rbp - -16 + 0]
		mov [rsp + 0], r10
	; Moving 8 bytes from rsp + 0 to rsp + 0
		mov r10, [rsp + 0 + 0]
		mov [rsp + 0 + 0], r10
	add rsp, 0
	jmp .jump51
.jump50:
	mov rax, [rel const3] ; True
	push rax
	pop rax
	cmp rax, 0
	je .jump52
	sub rsp, 8
	; Moving 8 bytes from rbp - 16 to rsp
		mov r10, [rbp - 16 + 0]
		mov [rsp + 0], r10
	pop rax
	xor rax, 1
	push rax
	pop rax
.jump52:
	push rax
	pop rax
	cmp rax, 0
	je .jump53
	mov rax, [rel const3] ; True
	push rax
	pop rax
	cmp rax, 0
	je .jump54
	mov rax, [rel const6] ; False
	push rax
	pop rax
.jump54:
	push rax
	pop rax
.jump53:
	push rax
	pop rax
	cmp rax, 0
	je .jump55
	mov rax, [rel const6] ; False
	push rax
	; Moving 8 bytes from rsp + 0 to rsp + 0
		mov r10, [rsp + 0 + 0]
		mov [rsp + 0 + 0], r10
	add rsp, 0
	pop rax
	cmp rax, 0
	je .jump57
	mov rax, [rel const14] ; 686
	push rax
	pop rax
	neg rax
	push rax
	jmp .jump58
.jump57:
	mov rax, [rel const3] ; True
	push rax
	pop rax
	cmp rax, 0
	jne .jump59
	mov rax, [rel const3] ; True
	push rax
	pop rax
.jump59:
	push rax
	pop rax
	cmp rax, 0
	je .jump60
	sub rsp, 8
	; Moving 8 bytes from rbp - 48 to rsp
		mov r10, [rbp - 48 + 0]
		mov [rsp + 0], r10
	jmp .jump61
.jump60:
	sub rsp, 8
	; Moving 8 bytes from rbp - 32 to rsp
		mov r10, [rbp - 32 + 0]
		mov [rsp + 0], r10
.jump61:
.jump58:
	jmp .jump56
.jump55:
	; Allocating 8 bytes for the pointer
	sub rsp, 8
	; Computing bound for g
	sub rsp, 8
	; Moving 8 bytes from rbp - -16 to rsp
		mov r10, [rbp - -16 + 0]
		mov [rsp + 0], r10
	pop rax
	neg rax
	push rax
	mov rax, [rsp]
	cmp rax, 0
	jg .jump62
	lea rdi, [rel const0] ; non-positive loop bound
	call _fail_assertion
.jump62:
	; Computing total size of heap memory to allocate
	mov rdi, 8 ; sizeof {int}
	imul rdi, [rsp + 0 + 0] ; multiply by (- argnum)
	jno .jump63
	lea rdi, [rel const1] ; overflow computing array size
	call _fail_assertion
.jump63:
	call _jpl_alloc ; Put pointer to heap space in RAX
	mov [rsp + 8], rax ; Move to pre-allocated space
	; Initialize g to 0
	mov rax, 0
	push rax
.jump64: ; Begin body of loop
	; Compare g to its bound
	mov rax, [rsp + 0]
	cmp rax, [rsp + 8]
	jge .jump65 ; If g >= bound, break
.jump66:
	; Compute loop body
	sub rsp, 8
	; Moving 8 bytes from rbp - 32 to rsp
		mov r10, [rbp - 32 + 0]
		mov [rsp + 0], r10
	; Index to store in
	mov rax, 0
	imul rax, [rsp + 16] ; No overflow if indices in bounds
	add rax, [rsp + 8]
	imul rax, 8
	add rax, [rsp + 24]
	; Move body (8 bytes) to index
	; Moving 8 bytes from rsp to rax
		mov r10, [rsp + 0]
		mov [rax + 0], r10
	add rsp, 8
	; Increment g
	add qword [rsp + 0], 1
	jmp .jump64
.jump65: ; End body of loop
	; Free all loop variables
	add rsp, 8
	; array left on stack
	mov rax, [rel const15] ; 484
	push rax
	mov rax, [rsp + 0]
	cmp rax, 0
	jge .jump67
	sub rsp, 8 ; Align stack
	lea rdi, [rel const4] ; negative array index
	call _fail_assertion
	add rsp, 8 ; Remove alignment
.jump67:
	cmp rax, [rsp + 8]
	jl .jump68
	sub rsp, 8 ; Align stack
	lea rdi, [rel const5] ; index too large
	call _fail_assertion
	add rsp, 8 ; Remove alignment
.jump68:
	mov rax, 0
	imul rax, [rsp + 8] ; No overflow if indices in bounds
	add rax, [rsp + 0]
	imul rax, 8
	add rax, [rsp + 16]
	add rsp, 8
	add rsp, 16
	sub rsp, 8
	; Moving 8 bytes from rax to rsp
		mov r10, [rax + 0]
		mov [rsp + 0], r10
.jump56:
.jump51:
	sub rsp, 8 ; Align stack
	lea rdi, [rel const16] ; (TupleType)
	lea rsi, [rsp]
	call _show
	add rsp, 0
	add rsp, 8 ; Remove alignment
	mov rax, [rel const6] ; False
	push rax
	; Allocating 8 bytes for the pointer
	sub rsp, 8
	; Computing bound for i
	sub rsp, 8
	; Moving 8 bytes from rbp - 72 to rsp
		mov r10, [rbp - 72 + 0]
		mov [rsp + 0], r10
	mov rax, [rsp]
	cmp rax, 0
	jg .jump69
	lea rdi, [rel const0] ; non-positive loop bound
	call _fail_assertion
.jump69:
	; Computing total size of heap memory to allocate
	mov rdi, 8 ; sizeof {bool}
	imul rdi, [rsp + 0 + 0] ; multiply by g
	jno .jump70
	lea rdi, [rel const1] ; overflow computing array size
	call _fail_assertion
.jump70:
	call _jpl_alloc ; Put pointer to heap space in RAX
	mov [rsp + 8], rax ; Move to pre-allocated space
	; Initialize i to 0
	mov rax, 0
	push rax
.jump71: ; Begin body of loop
	; Compare i to its bound
	mov rax, [rsp + 0]
	cmp rax, [rsp + 8]
	jge .jump72 ; If i >= bound, break
.jump73:
	; Compute loop body
	mov rax, [rel const6] ; False
	push rax
	; Index to store in
	mov rax, 0
	imul rax, [rsp + 16] ; No overflow if indices in bounds
	add rax, [rsp + 8]
	imul rax, 8
	add rax, [rsp + 24]
	; Move body (8 bytes) to index
	; Moving 8 bytes from rsp to rax
		mov r10, [rsp + 0]
		mov [rax + 0], r10
	add rsp, 8
	; Increment i
	add qword [rsp + 0], 1
	jmp .jump71
.jump72: ; End body of loop
	; Free all loop variables
	add rsp, 8
	; array left on stack
	sub rsp, 8
	; Moving 8 bytes from rbp - -16 to rsp
		mov r10, [rbp - -16 + 0]
		mov [rsp + 0], r10
	mov rax, [rsp + 0]
	cmp rax, 0
	jge .jump74
	sub rsp, 8 ; Align stack
	lea rdi, [rel const4] ; negative array index
	call _fail_assertion
	add rsp, 8 ; Remove alignment
.jump74:
	cmp rax, [rsp + 8]
	jl .jump75
	sub rsp, 8 ; Align stack
	lea rdi, [rel const5] ; index too large
	call _fail_assertion
	add rsp, 8 ; Remove alignment
.jump75:
	mov rax, 0
	imul rax, [rsp + 8] ; No overflow if indices in bounds
	add rax, [rsp + 0]
	imul rax, 8
	add rax, [rsp + 16]
	add rsp, 8
	add rsp, 16
	sub rsp, 8
	; Moving 8 bytes from rax to rsp
		mov r10, [rax + 0]
		mov [rsp + 0], r10
	; Moving 8 bytes from rsp + 0 to rsp + 0
		mov r10, [rsp + 0 + 0]
		mov [rsp + 0 + 0], r10
	add rsp, 0
	pop rax
	cmp rax, 0
	je .jump76
	sub rsp, 8
	; Moving 8 bytes from rbp - -16 to rsp
		mov r10, [rbp - -16 + 0]
		mov [rsp + 0], r10
	jmp .jump77
.jump76:
	sub rsp, 8
	; Moving 8 bytes from rbp - -16 to rsp
		mov r10, [rbp - -16 + 0]
		mov [rsp + 0], r10
.jump77:
	sub rsp, 16
	; Moving 16 bytes from rbp - -16 to rsp
		mov r10, [rbp - -16 + 8]
		mov [rsp + 8], r10
		mov r10, [rbp - -16 + 0]
		mov [rsp + 0], r10
	sub rsp, 8
	; Moving 8 bytes from rbp - 72 to rsp
		mov r10, [rbp - 72 + 0]
		mov [rsp + 0], r10
	pop rax
	neg rax
	push rax
	sub rsp, 8
	; Moving 8 bytes from rbp - 72 to rsp
		mov r10, [rbp - 72 + 0]
		mov [rsp + 0], r10
	sub rsp, 16
	; Moving 16 bytes from rbp - 104 to rsp
		mov r10, [rbp - 104 + 8]
		mov [rsp + 8], r10
		mov r10, [rbp - 104 + 0]
		mov [rsp + 0], r10
	sub rsp, 8
	; Moving 8 bytes from rbp - 88 to rsp
		mov r10, [rbp - 88 + 0]
		mov [rsp + 0], r10
	sub rsp, 8
	; Moving 8 bytes from rbp - 72 to rsp
		mov r10, [rbp - 72 + 0]
		mov [rsp + 0], r10
	pop rax
	pop r10
	cmp r10, 0
	jne .jump78
	sub rsp, 8 ; Align stack
	lea rdi, [rel const17] ; divide by zero
	call _fail_assertion
	add rsp, 8 ; Remove alignment
.jump78:
	cqo
	idiv r10
	push rax
	mov rax, [rsp + 0]
	cmp rax, 0
	jge .jump79
	lea rdi, [rel const4] ; negative array index
	call _fail_assertion
.jump79:
	cmp rax, [rsp + 8]
	jl .jump80
	lea rdi, [rel const5] ; index too large
	call _fail_assertion
.jump80:
	mov rax, 0
	imul rax, [rsp + 8] ; No overflow if indices in bounds
	add rax, [rsp + 0]
	imul rax, 8
	add rax, [rsp + 16]
	add rsp, 8
	add rsp, 16
	sub rsp, 8
	; Moving 8 bytes from rax to rsp
		mov r10, [rax + 0]
		mov [rsp + 0], r10
	pop rax
	pop r10
	add rax, r10
	push rax
	pop rax
	pop r10
	cmp rax, r10
	setge al
	and rax, 1
	push rax
	sub rsp, 8
	; Moving 8 bytes from rbp - 32 to rsp
		mov r10, [rbp - 32 + 0]
		mov [rsp + 0], r10
	mov rdi, 8
	sub rsp, 8 ; Align stack
	call _jpl_alloc
	add rsp, 8 ; Remove alignment
	; Moving 8 bytes from rsp to rax
		mov r10, [rsp + 0]
		mov [rax + 0], r10
	add rsp, 8
	push rax
	mov rax, 1
	push rax
	add rsp, 120 ; Local variables
	pop r12
	pop rbp
	ret

