global jpl_main
global _jpl_main
extern _fail_assertion
extern _jpl_alloc
extern _get_time
extern _show
extern _print
extern _print_time
extern _read_image
extern _write_image
extern _fmod
extern _sqrt
extern _exp
extern _sin
extern _cos
extern _tan
extern _asin
extern _acos
extern _atan
extern _log
extern _pow
extern _atan2
extern _to_int
extern _to_float

section .data
const0: dq 1
const1: dq 99.28
const2: dq 6.63
const3: dq 25.93
const4: dq 0
const5: dq 948
const6: dq 42.47
const7: db `non-positive loop bound`, 0
const8: dq 95.35
const9: dq 48.87
const10: dq 98.36
const11: dq 72.73
const12: dq 824
const13: db `overflow computing array size`, 0
const14: dq 543
const15: db `negative array index`, 0
const16: db `index too large`, 0
const17: dq 271
const18: dq 918
const19: db `mod by zero`, 0
const20: dq 501
const21: dq 76.09
const22: dq 314
const23: dq 706
const24: dq 36.16
const25: dq 169
const26: dq 88.37
const27: dq 74.07
const28: dq 40.6
const29: dq 36.68
const30: dq 749
const31: dq 518
const32: dq 305
const33: dq 3

section .text
jpl_main:
_jpl_main:
	push rbp
	mov rbp, rsp
	push r12
	mov r12, rbp
	mov rax, [rel const0] ; True
	push rax
	pop rax
	cmp rax, 0
	je .jump1
	mov rax, [rel const1] ; 99.28
	push rax
	jmp .jump2
.jump1:
	mov rax, [rel const2] ; 6.63
	push rax
.jump2:
	mov rax, [rel const3] ; 25.93
	push rax
	movsd xmm0, [rsp]
	add rsp, 8
	movsd xmm1, [rsp]
	add rsp, 8
	cmpeqsd xmm0, xmm1
	movq rax, xmm0
	and rax, 1
	push rax
	pop rax
	cmp rax, 0
	je .jump3
	jmp .jump4
.jump3:
	mov rax, [rel const4] ; False
	push rax
	pop rax
	cmp rax, 0
	je .jump5
	jmp .jump6
.jump5:
.jump6:
.jump4:
	; Allocating 8 bytes for the sum
	sub rsp, 8
	; Computing bound for a
	mov rax, [rel const5] ; 948
	push rax
	mov rax, [rsp]
	; Initialize sum to 0
	mov rax, 0
	mov [rsp + 8], rax ; Move to pre-allocated space
	; Initialize a to 0
	mov rax, 0
	push rax
.jump7: ; Begin body of loop
	; Compare a to its bound
	mov rax, [rsp + 0]
	cmp rax, [rsp + 8]
	jge .jump8 ; If a >= bound, break
.jump9:
	; Compute loop body
	mov rax, [rel const6] ; 42.47
	push rax
	movsd xmm0, [rsp]
	add rsp, 8
	movsd xmm1, [rsp + 16] ; Load sum
	addsd xmm0, xmm1 ; Add loop body
	movsd [rsp + 16], xmm0 ; Save sum
	; Increment a
	add qword [rsp + 0], 1
	jmp .jump7
.jump8: ; End body of loop
	; Free all loop variables
	add rsp, 8
	; Free all loop bounds
	add rsp, 8
	; sum left on stack
	; Allocating 8 bytes for the sum
	sub rsp, 8
	; Computing bound for a
	sub rsp, 8
	; Moving 8 bytes from rbp - -16 to rsp
		mov r10, [rbp - -16 + 0]
		mov [rsp + 0], r10
	mov rax, [rsp]
	cmp rax, 0
	jg .jump10
	lea rdi, [rel const7] ; non-positive loop bound
	call _fail_assertion
.jump10:
	; Initialize sum to 0
	mov rax, 0
	mov [rsp + 8], rax ; Move to pre-allocated space
	; Initialize a to 0
	mov rax, 0
	push rax
.jump11: ; Begin body of loop
	; Compare a to its bound
	mov rax, [rsp + 0]
	cmp rax, [rsp + 8]
	jge .jump12 ; If a >= bound, break
.jump13:
	; Compute loop body
	mov rax, [rel const8] ; 95.35
	push rax
	movsd xmm0, [rsp]
	add rsp, 8
	movsd xmm1, [rsp + 16] ; Load sum
	addsd xmm0, xmm1 ; Add loop body
	movsd [rsp + 16], xmm0 ; Save sum
	; Increment a
	add qword [rsp + 0], 1
	jmp .jump11
.jump12: ; End body of loop
	; Free all loop variables
	add rsp, 8
	; Free all loop bounds
	add rsp, 8
	; sum left on stack
	movsd xmm0, [rsp]
	add rsp, 8
	movsd xmm1, [rsp]
	add rsp, 8
	mulsd xmm0, xmm1
	sub rsp, 8
	movsd [rsp], xmm0
	mov rax, [rel const9] ; 48.87
	push rax
	mov rax, [rel const10] ; 98.36
	push rax
	movsd xmm0, [rsp]
	add rsp, 8
	movsd xmm1, [rsp]
	add rsp, 8
	addsd xmm0, xmm1
	sub rsp, 8
	movsd [rsp], xmm0
	movsd xmm1, [rsp]
	add rsp, 8
	pxor xmm0, xmm0
	subsd xmm0, xmm1
	sub rsp, 8
	movsd [rsp], xmm0
	movsd xmm0, [rsp]
	add rsp, 8
	movsd xmm1, [rsp]
	add rsp, 8
	cmpeqsd xmm0, xmm1
	movq rax, xmm0
	and rax, 1
	push rax
	pop rax
	xor rax, 1
	push rax
	pop rax
	xor rax, 1
	push rax
	mov rax, [rel const11] ; 72.73
	push rax
	mov rax, [rel const12] ; 824
	push rax
	pop rax
	neg rax
	push rax
	sub rsp, 8
	; Moving 8 bytes from rbp - -16 to rsp
		mov r10, [rbp - -16 + 0]
		mov [rsp + 0], r10
	pop rax
	pop r10
	cmp rax, r10
	setne al
	and rax, 1
	push rax
	pop rax
	cmp rax, 0
	je .jump14
	; Moving 0 bytes from rsp + 0 to rsp + 0
	add rsp, 0
	; Moving 0 bytes from rsp + 0 to rsp + 0
	add rsp, 0
	jmp .jump15
.jump14:
	; Allocating 8 bytes for the pointer
	sub rsp, 8
	; Computing bound for c
	sub rsp, 8
	; Moving 8 bytes from rbp - -16 to rsp
		mov r10, [rbp - -16 + 0]
		mov [rsp + 0], r10
	mov rax, [rsp]
	cmp rax, 0
	jg .jump16
	sub rsp, 8 ; Align stack
	lea rdi, [rel const7] ; non-positive loop bound
	call _fail_assertion
	add rsp, 8 ; Remove alignment
.jump16:
	; Computing total size of heap memory to allocate
	mov rdi, 8 ; sizeof bool
	imul rdi, [rsp + 0 + 0] ; multiply by argnum
	jno .jump17
	sub rsp, 8 ; Align stack
	lea rdi, [rel const13] ; overflow computing array size
	call _fail_assertion
	add rsp, 8 ; Remove alignment
.jump17:
	sub rsp, 8 ; Align stack
	call _jpl_alloc ; Put pointer to heap space in RAX
	add rsp, 8 ; Remove alignment
	mov [rsp + 8], rax ; Move to pre-allocated space
	; Initialize c to 0
	mov rax, 0
	push rax
.jump18: ; Begin body of loop
	; Compare c to its bound
	mov rax, [rsp + 0]
	cmp rax, [rsp + 8]
	jge .jump19 ; If c >= bound, break
.jump20:
	; Compute loop body
	mov rax, [rel const4] ; False
	push rax
	; Index to store in
	mov rax, 0
	imul rax, [rsp + 16] ; No overflow if indices in bounds
	add rax, [rsp + 8]
	shl rax, 3
	add rax, [rsp + 24]
	; Move body (8 bytes) to index
	; Moving 8 bytes from rsp to rax
		mov r10, [rsp + 0]
		mov [rax + 0], r10
	add rsp, 8
	; Increment c
	add qword [rsp + 0], 1
	jmp .jump18
.jump19: ; End body of loop
	; Free all loop variables
	add rsp, 8
	; array left on stack
	mov rax, [rel const14] ; 543
	push rax
	mov rax, [rsp + 0]
	cmp rax, 0
	jge .jump21
	lea rdi, [rel const15] ; negative array index
	call _fail_assertion
.jump21:
	cmp rax, [rsp + 8]
	jl .jump22
	lea rdi, [rel const16] ; index too large
	call _fail_assertion
.jump22:
	mov rax, 0
	imul rax, [rsp + 8] ; No overflow if indices in bounds
	add rax, [rsp + 0]
	shl rax, 3
	add rax, [rsp + 16]
	add rsp, 8
	add rsp, 16
	sub rsp, 8
	; Moving 8 bytes from rax to rsp
		mov r10, [rax + 0]
		mov [rsp + 0], r10
	pop rax
	cmp rax, 0
	je .jump23
	sub rsp, 8
	; Moving 8 bytes from rbp - 16 to rsp
		mov r10, [rbp - 16 + 0]
		mov [rsp + 0], r10
	pop rax
	cmp rax, 0
	je .jump25
	jmp .jump26
.jump25:
.jump26:
	jmp .jump24
.jump23:
	sub rsp, 8
	; Moving 8 bytes from rbp - 16 to rsp
		mov r10, [rbp - 16 + 0]
		mov [rsp + 0], r10
	pop rax
	xor rax, 1
	push rax
	pop rax
	cmp rax, 0
	je .jump27
	jmp .jump28
.jump27:
.jump28:
	; Moving 0 bytes from rsp + 0 to rsp + 0
	add rsp, 0
.jump24:
.jump15:
	sub rsp, 8
	; Moving 8 bytes from rbp - 16 to rsp
		mov r10, [rbp - 16 + 0]
		mov [rsp + 0], r10
	pop rax
	cmp rax, 0
	je .jump29
	mov rdi, 0
	sub rsp, 8 ; Align stack
	call _jpl_alloc
	add rsp, 8 ; Remove alignment
	; Moving 0 bytes from rsp to rax
	add rsp, 0
	push rax
	mov rax, 1
	push rax
	jmp .jump30
.jump29:
	; Allocating 8 bytes for the pointer
	sub rsp, 8
	; Computing bound for c
	mov rax, [rel const17] ; 271
	push rax
	mov rax, [rsp]
	; Computing total size of heap memory to allocate
	mov rdi, 0 ; sizeof {}
	imul rdi, [rsp + 0 + 0] ; multiply by 271
	jno .jump31
	sub rsp, 8 ; Align stack
	lea rdi, [rel const13] ; overflow computing array size
	call _fail_assertion
	add rsp, 8 ; Remove alignment
.jump31:
	sub rsp, 8 ; Align stack
	call _jpl_alloc ; Put pointer to heap space in RAX
	add rsp, 8 ; Remove alignment
	mov [rsp + 8], rax ; Move to pre-allocated space
	; Initialize c to 0
	mov rax, 0
	push rax
.jump32: ; Begin body of loop
	; Compare c to its bound
	mov rax, [rsp + 0]
	cmp rax, [rsp + 8]
	jge .jump33 ; If c >= bound, break
.jump34:
	; Compute loop body
	; Index to store in
	mov rax, 0
	imul rax, [rsp + 8] ; No overflow if indices in bounds
	add rax, [rsp + 0]
	imul rax, 0
	add rax, [rsp + 16]
	; Move body (0 bytes) to index
	; Moving 0 bytes from rsp to rax
	add rsp, 0
	; Increment c
	add qword [rsp + 0], 1
	jmp .jump32
.jump33: ; End body of loop
	; Free all loop variables
	add rsp, 8
	; array left on stack
.jump30:
	; Moving 16 bytes from rsp + 0 to rsp + 0
		mov r10, [rsp + 0 + 8]
		mov [rsp + 0 + 8], r10
		mov r10, [rsp + 0 + 0]
		mov [rsp + 0 + 0], r10
	add rsp, 0
	sub rsp, 8
	; Moving 8 bytes from rbp - -16 to rsp
		mov r10, [rbp - -16 + 0]
		mov [rsp + 0], r10
	mov rdi, 8
	call _jpl_alloc
	; Moving 8 bytes from rsp to rax
		mov r10, [rsp + 0]
		mov [rax + 0], r10
	add rsp, 8
	push rax
	mov rax, 1
	push rax
	mov rax, [rel const18] ; 918
	push rax
	; Allocating 8 bytes for the sum
	sub rsp, 8
	; Computing bound for c
	sub rsp, 8
	; Moving 8 bytes from rbp - -16 to rsp
		mov r10, [rbp - -16 + 0]
		mov [rsp + 0], r10
	mov rax, [rsp]
	cmp rax, 0
	jg .jump35
	lea rdi, [rel const7] ; non-positive loop bound
	call _fail_assertion
.jump35:
	; Initialize sum to 0
	mov rax, 0
	mov [rsp + 8], rax ; Move to pre-allocated space
	; Initialize c to 0
	mov rax, 0
	push rax
.jump36: ; Begin body of loop
	; Compare c to its bound
	mov rax, [rsp + 0]
	cmp rax, [rsp + 8]
	jge .jump37 ; If c >= bound, break
.jump38:
	; Compute loop body
	sub rsp, 8
	; Moving 8 bytes from rbp - 88 to rsp
		mov r10, [rbp - 88 + 0]
		mov [rsp + 0], r10
	pop rax
	add [rsp + 16], rax ; Add loop body to sum
	; Increment c
	add qword [rsp + 0], 1
	jmp .jump36
.jump37: ; End body of loop
	; Free all loop variables
	add rsp, 8
	; Free all loop bounds
	add rsp, 8
	; sum left on stack
	pop rax
	pop r10
	cmp r10, 0
	jne .jump39
	sub rsp, 8 ; Align stack
	lea rdi, [rel const19] ; mod by zero
	call _fail_assertion
	add rsp, 8 ; Remove alignment
.jump39:
	cqo
	idiv r10
	mov rax, rdx
	push rax
	mov rax, [rsp + 0]
	cmp rax, 0
	jge .jump40
	lea rdi, [rel const15] ; negative array index
	call _fail_assertion
.jump40:
	cmp rax, [rsp + 8]
	jl .jump41
	lea rdi, [rel const16] ; index too large
	call _fail_assertion
.jump41:
	mov rax, 0
	imul rax, [rsp + 8] ; No overflow if indices in bounds
	add rax, [rsp + 0]
	shl rax, 3
	add rax, [rsp + 16]
	add rsp, 8
	add rsp, 16
	sub rsp, 8
	; Moving 8 bytes from rax to rsp
		mov r10, [rax + 0]
		mov [rsp + 0], r10
	pop rax
	neg rax
	push rax
	mov rax, [rsp + 0]
	cmp rax, 0
	jge .jump42
	lea rdi, [rel const15] ; negative array index
	call _fail_assertion
.jump42:
	cmp rax, [rsp + 8]
	jl .jump43
	lea rdi, [rel const16] ; index too large
	call _fail_assertion
.jump43:
	mov rax, 0
	imul rax, [rsp + 8] ; No overflow if indices in bounds
	add rax, [rsp + 0]
	imul rax, 0
	add rax, [rsp + 16]
	add rsp, 8
	add rsp, 16
	sub rsp, 0
	; Moving 0 bytes from rax to rsp
	; Allocating 8 bytes for the pointer
	sub rsp, 8
	; Computing bound for c
	sub rsp, 8
	; Moving 8 bytes from rbp - -16 to rsp
		mov r10, [rbp - -16 + 0]
		mov [rsp + 0], r10
	mov rax, [rsp]
	cmp rax, 0
	jg .jump44
	sub rsp, 8 ; Align stack
	lea rdi, [rel const7] ; non-positive loop bound
	call _fail_assertion
	add rsp, 8 ; Remove alignment
.jump44:
	; Computing total size of heap memory to allocate
	mov rdi, 8 ; sizeof bool
	imul rdi, [rsp + 0 + 0] ; multiply by argnum
	jno .jump45
	sub rsp, 8 ; Align stack
	lea rdi, [rel const13] ; overflow computing array size
	call _fail_assertion
	add rsp, 8 ; Remove alignment
.jump45:
	sub rsp, 8 ; Align stack
	call _jpl_alloc ; Put pointer to heap space in RAX
	add rsp, 8 ; Remove alignment
	mov [rsp + 8], rax ; Move to pre-allocated space
	; Initialize c to 0
	mov rax, 0
	push rax
.jump46: ; Begin body of loop
	; Compare c to its bound
	mov rax, [rsp + 0]
	cmp rax, [rsp + 8]
	jge .jump47 ; If c >= bound, break
.jump48:
	; Compute loop body
	mov rax, [rel const4] ; False
	push rax
	mov rax, [rel const0] ; True
	push rax
	sub rsp, 8
	; Moving 8 bytes from rbp - 16 to rsp
		mov r10, [rbp - 16 + 0]
		mov [rsp + 0], r10
	pop rax
	xor rax, 1
	push rax
	pop rax
	xor rax, 1
	push rax
	pop rax
	pop r10
	cmp rax, r10
	setne al
	and rax, 1
	push rax
	pop rax
	pop r10
	cmp rax, r10
	setne al
	and rax, 1
	push rax
	; Index to store in
	mov rax, 0
	imul rax, [rsp + 16] ; No overflow if indices in bounds
	add rax, [rsp + 8]
	shl rax, 3
	add rax, [rsp + 24]
	; Move body (8 bytes) to index
	; Moving 8 bytes from rsp to rax
		mov r10, [rsp + 0]
		mov [rax + 0], r10
	add rsp, 8
	; Increment c
	add qword [rsp + 0], 1
	jmp .jump46
.jump47: ; End body of loop
	; Free all loop variables
	add rsp, 8
	; array left on stack
	; Allocating 8 bytes for the pointer
	sub rsp, 8
	; Computing bound for d
	sub rsp, 8
	; Moving 8 bytes from rbp - -16 to rsp
		mov r10, [rbp - -16 + 0]
		mov [rsp + 0], r10
	mov rax, [rsp]
	cmp rax, 0
	jg .jump49
	sub rsp, 8 ; Align stack
	lea rdi, [rel const7] ; non-positive loop bound
	call _fail_assertion
	add rsp, 8 ; Remove alignment
.jump49:
	; Computing total size of heap memory to allocate
	mov rdi, 16 ; sizeof bool[][]
	imul rdi, [rsp + 0 + 0] ; multiply by argnum
	jno .jump50
	sub rsp, 8 ; Align stack
	lea rdi, [rel const13] ; overflow computing array size
	call _fail_assertion
	add rsp, 8 ; Remove alignment
.jump50:
	sub rsp, 8 ; Align stack
	call _jpl_alloc ; Put pointer to heap space in RAX
	add rsp, 8 ; Remove alignment
	mov [rsp + 8], rax ; Move to pre-allocated space
	; Initialize d to 0
	mov rax, 0
	push rax
.jump51: ; Begin body of loop
	; Compare d to its bound
	mov rax, [rsp + 0]
	cmp rax, [rsp + 8]
	jge .jump52 ; If d >= bound, break
.jump53:
	; Compute loop body
	; Allocating 8 bytes for the pointer
	sub rsp, 8
	; Computing bound for e
	sub rsp, 8
	; Moving 8 bytes from rbp - 64 to rsp
		mov r10, [rbp - 64 + 0]
		mov [rsp + 0], r10
	mov rax, [rsp]
	cmp rax, 0
	jg .jump54
	lea rdi, [rel const7] ; non-positive loop bound
	call _fail_assertion
.jump54:
	; Computing total size of heap memory to allocate
	mov rdi, 16 ; sizeof bool[]
	imul rdi, [rsp + 0 + 0] ; multiply by d
	jno .jump55
	lea rdi, [rel const13] ; overflow computing array size
	call _fail_assertion
.jump55:
	call _jpl_alloc ; Put pointer to heap space in RAX
	mov [rsp + 8], rax ; Move to pre-allocated space
	; Initialize e to 0
	mov rax, 0
	push rax
.jump56: ; Begin body of loop
	; Compare e to its bound
	mov rax, [rsp + 0]
	cmp rax, [rsp + 8]
	jge .jump57 ; If e >= bound, break
.jump58:
	; Compute loop body
	sub rsp, 16
	; Moving 16 bytes from rbp - 40 to rsp
		mov r10, [rbp - 40 + 8]
		mov [rsp + 8], r10
		mov r10, [rbp - 40 + 0]
		mov [rsp + 0], r10
	; Index to store in
	mov rax, 0
	imul rax, [rsp + 24] ; No overflow if indices in bounds
	add rax, [rsp + 16]
	shl rax, 4
	add rax, [rsp + 32]
	; Move body (16 bytes) to index
	; Moving 16 bytes from rsp to rax
		mov r10, [rsp + 8]
		mov [rax + 8], r10
		mov r10, [rsp + 0]
		mov [rax + 0], r10
	add rsp, 16
	; Increment e
	add qword [rsp + 0], 1
	jmp .jump56
.jump57: ; End body of loop
	; Free all loop variables
	add rsp, 8
	; array left on stack
	; Index to store in
	mov rax, 0
	imul rax, [rsp + 24] ; No overflow if indices in bounds
	add rax, [rsp + 16]
	shl rax, 4
	add rax, [rsp + 32]
	; Move body (16 bytes) to index
	; Moving 16 bytes from rsp to rax
		mov r10, [rsp + 8]
		mov [rax + 8], r10
		mov r10, [rsp + 0]
		mov [rax + 0], r10
	add rsp, 16
	; Increment d
	add qword [rsp + 0], 1
	jmp .jump51
.jump52: ; End body of loop
	; Free all loop variables
	add rsp, 8
	; array left on stack
	sub rsp, 16
	; Moving 16 bytes from rbp - -16 to rsp
		mov r10, [rbp - -16 + 8]
		mov [rsp + 8], r10
		mov r10, [rbp - -16 + 0]
		mov [rsp + 0], r10
	; Moving 16 bytes from rsp + 0 to rsp + 0
		mov r10, [rsp + 0 + 8]
		mov [rsp + 0 + 8], r10
		mov r10, [rsp + 0 + 0]
		mov [rsp + 0 + 0], r10
	add rsp, 0
	; Allocating 8 bytes for the sum
	sub rsp, 8
	; Computing bound for d
	mov rax, [rel const20] ; 501
	push rax
	mov rax, [rsp]
	; Initialize sum to 0
	mov rax, 0
	mov [rsp + 8], rax ; Move to pre-allocated space
	; Initialize d to 0
	mov rax, 0
	push rax
.jump59: ; Begin body of loop
	; Compare d to its bound
	mov rax, [rsp + 0]
	cmp rax, [rsp + 8]
	jge .jump60 ; If d >= bound, break
.jump61:
	; Compute loop body
	mov rax, [rel const18] ; 918
	push rax
	pop rax
	neg rax
	push rax
	pop rax
	add [rsp + 16], rax ; Add loop body to sum
	; Increment d
	add qword [rsp + 0], 1
	jmp .jump59
.jump60: ; End body of loop
	; Free all loop variables
	add rsp, 8
	; Free all loop bounds
	add rsp, 8
	; sum left on stack
	mov rax, [rsp + 0]
	cmp rax, 0
	jge .jump62
	lea rdi, [rel const15] ; negative array index
	call _fail_assertion
.jump62:
	cmp rax, [rsp + 8]
	jl .jump63
	lea rdi, [rel const16] ; index too large
	call _fail_assertion
.jump63:
	mov rax, 0
	imul rax, [rsp + 8] ; No overflow if indices in bounds
	add rax, [rsp + 0]
	shl rax, 3
	add rax, [rsp + 16]
	add rsp, 8
	add rsp, 16
	sub rsp, 8
	; Moving 8 bytes from rax to rsp
		mov r10, [rax + 0]
		mov [rsp + 0], r10
	mov rax, [rsp + 0]
	cmp rax, 0
	jge .jump64
	lea rdi, [rel const15] ; negative array index
	call _fail_assertion
.jump64:
	cmp rax, [rsp + 8]
	jl .jump65
	lea rdi, [rel const16] ; index too large
	call _fail_assertion
.jump65:
	mov rax, 0
	imul rax, [rsp + 8] ; No overflow if indices in bounds
	add rax, [rsp + 0]
	shl rax, 4
	add rax, [rsp + 16]
	add rsp, 8
	add rsp, 16
	sub rsp, 16
	; Moving 16 bytes from rax to rsp
		mov r10, [rax + 8]
		mov [rsp + 8], r10
		mov r10, [rax + 0]
		mov [rsp + 0], r10
	sub rsp, 8
	; Moving 8 bytes from rbp - 16 to rsp
		mov r10, [rbp - 16 + 0]
		mov [rsp + 0], r10
	pop rax
	cmp rax, 0
	je .jump66
	sub rsp, 16
	; Moving 16 bytes from rbp - 56 to rsp
		mov r10, [rbp - 56 + 8]
		mov [rsp + 8], r10
		mov r10, [rbp - 56 + 0]
		mov [rsp + 0], r10
	mov rax, [rel const21] ; 76.09
	push rax
	sub rsp, 8
	; Moving 8 bytes from rbp - 24 to rsp
		mov r10, [rbp - 24 + 0]
		mov [rsp + 0], r10
	movsd xmm0, [rsp]
	add rsp, 8
	movsd xmm1, [rsp]
	add rsp, 8
	cmpeqsd xmm0, xmm1
	movq rax, xmm0
	and rax, 1
	push rax
	pop rax
	cmp rax, 0
	je .jump68
	mov rax, [rel const22] ; 314
	push rax
	jmp .jump69
.jump68:
	sub rsp, 16
	; Moving 16 bytes from rbp - -16 to rsp
		mov r10, [rbp - -16 + 8]
		mov [rsp + 8], r10
		mov r10, [rbp - -16 + 0]
		mov [rsp + 0], r10
	mov rax, [rel const23] ; 706
	push rax
	pop rax
	neg rax
	push rax
	mov rax, [rsp + 0]
	cmp rax, 0
	jge .jump70
	lea rdi, [rel const15] ; negative array index
	call _fail_assertion
.jump70:
	cmp rax, [rsp + 8]
	jl .jump71
	lea rdi, [rel const16] ; index too large
	call _fail_assertion
.jump71:
	mov rax, 0
	imul rax, [rsp + 8] ; No overflow if indices in bounds
	add rax, [rsp + 0]
	shl rax, 3
	add rax, [rsp + 16]
	add rsp, 8
	add rsp, 16
	sub rsp, 8
	; Moving 8 bytes from rax to rsp
		mov r10, [rax + 0]
		mov [rsp + 0], r10
.jump69:
	mov rax, [rsp + 0]
	cmp rax, 0
	jge .jump72
	lea rdi, [rel const15] ; negative array index
	call _fail_assertion
.jump72:
	cmp rax, [rsp + 8]
	jl .jump73
	lea rdi, [rel const16] ; index too large
	call _fail_assertion
.jump73:
	mov rax, 0
	imul rax, [rsp + 8] ; No overflow if indices in bounds
	add rax, [rsp + 0]
	shl rax, 4
	add rax, [rsp + 16]
	add rsp, 8
	add rsp, 16
	sub rsp, 16
	; Moving 16 bytes from rax to rsp
		mov r10, [rax + 8]
		mov [rsp + 8], r10
		mov r10, [rax + 0]
		mov [rsp + 0], r10
	jmp .jump67
.jump66:
	mov rax, [rel const4] ; False
	push rax
	pop rax
	cmp rax, 0
	je .jump74
	sub rsp, 16
	; Moving 16 bytes from rbp - 40 to rsp
		mov r10, [rbp - 40 + 8]
		mov [rsp + 8], r10
		mov r10, [rbp - 40 + 0]
		mov [rsp + 0], r10
	jmp .jump75
.jump74:
	sub rsp, 8
	; Moving 8 bytes from rbp - 24 to rsp
		mov r10, [rbp - 24 + 0]
		mov [rsp + 0], r10
	mov rax, [rel const24] ; 36.16
	push rax
	movsd xmm1, [rsp]
	add rsp, 8
	pxor xmm0, xmm0
	subsd xmm0, xmm1
	sub rsp, 8
	movsd [rsp], xmm0
	movsd xmm0, [rsp]
	add rsp, 8
	movsd xmm1, [rsp]
	add rsp, 8
	cmpltsd xmm0, xmm1
	movq rax, xmm0
	and rax, 1
	push rax
	pop rax
	cmp rax, 0
	je .jump76
	mov rax, [rel const0] ; True
	push rax
	pop rax
	cmp rax, 0
	je .jump78
	sub rsp, 16
	; Moving 16 bytes from rbp - 56 to rsp
		mov r10, [rbp - 56 + 8]
		mov [rsp + 8], r10
		mov r10, [rbp - 56 + 0]
		mov [rsp + 0], r10
	mov rax, [rel const25] ; 169
	push rax
	mov rax, [rsp + 0]
	cmp rax, 0
	jge .jump80
	lea rdi, [rel const15] ; negative array index
	call _fail_assertion
.jump80:
	cmp rax, [rsp + 8]
	jl .jump81
	lea rdi, [rel const16] ; index too large
	call _fail_assertion
.jump81:
	mov rax, 0
	imul rax, [rsp + 8] ; No overflow if indices in bounds
	add rax, [rsp + 0]
	shl rax, 4
	add rax, [rsp + 16]
	add rsp, 8
	add rsp, 16
	sub rsp, 16
	; Moving 16 bytes from rax to rsp
		mov r10, [rax + 8]
		mov [rsp + 8], r10
		mov r10, [rax + 0]
		mov [rsp + 0], r10
	jmp .jump79
.jump78:
	sub rsp, 16
	; Moving 16 bytes from rbp - 40 to rsp
		mov r10, [rbp - 40 + 8]
		mov [rsp + 8], r10
		mov r10, [rbp - 40 + 0]
		mov [rsp + 0], r10
.jump79:
	jmp .jump77
.jump76:
	sub rsp, 16
	; Moving 16 bytes from rbp - 40 to rsp
		mov r10, [rbp - 40 + 8]
		mov [rsp + 8], r10
		mov r10, [rbp - 40 + 0]
		mov [rsp + 0], r10
.jump77:
.jump75:
.jump67:
	sub rsp, 16
	; Moving 16 bytes from rbp - 72 to rsp
		mov r10, [rbp - 72 + 8]
		mov [rsp + 8], r10
		mov r10, [rbp - 72 + 0]
		mov [rsp + 0], r10
	; Allocating 8 bytes for the pointer
	sub rsp, 8
	; Computing bound for j
	sub rsp, 8
	; Moving 8 bytes from rbp - 88 to rsp
		mov r10, [rbp - 88 + 0]
		mov [rsp + 0], r10
	mov rax, [rsp]
	cmp rax, 0
	jg .jump82
	sub rsp, 8 ; Align stack
	lea rdi, [rel const7] ; non-positive loop bound
	call _fail_assertion
	add rsp, 8 ; Remove alignment
.jump82:
	; Computing total size of heap memory to allocate
	mov rdi, 8 ; sizeof {int}
	imul rdi, [rsp + 0 + 0] ; multiply by i
	jno .jump83
	sub rsp, 8 ; Align stack
	lea rdi, [rel const13] ; overflow computing array size
	call _fail_assertion
	add rsp, 8 ; Remove alignment
.jump83:
	sub rsp, 8 ; Align stack
	call _jpl_alloc ; Put pointer to heap space in RAX
	add rsp, 8 ; Remove alignment
	mov [rsp + 8], rax ; Move to pre-allocated space
	; Initialize j to 0
	mov rax, 0
	push rax
.jump84: ; Begin body of loop
	; Compare j to its bound
	mov rax, [rsp + 0]
	cmp rax, [rsp + 8]
	jge .jump85 ; If j >= bound, break
.jump86:
	; Compute loop body
	mov rax, [rel const26] ; 88.37
	push rax
	mov rax, [rel const27] ; 74.07
	push rax
	movsd xmm0, [rsp]
	add rsp, 8
	movsd xmm1, [rsp]
	add rsp, 8
	cmpneqsd xmm0, xmm1
	movq rax, xmm0
	and rax, 1
	push rax
	pop rax
	cmp rax, 0
	je .jump87
	sub rsp, 8
	; Moving 8 bytes from rbp - -16 to rsp
		mov r10, [rbp - -16 + 0]
		mov [rsp + 0], r10
	jmp .jump88
.jump87:
	mov rax, [rel const28] ; 40.6
	push rax
	mov rax, [rel const29] ; 36.68
	push rax
	movsd xmm0, [rsp]
	add rsp, 8
	movsd xmm1, [rsp]
	add rsp, 8
	cmpeqsd xmm0, xmm1
	movq rax, xmm0
	and rax, 1
	push rax
	pop rax
	cmp rax, 0
	je .jump89
	sub rsp, 8
	; Moving 8 bytes from rbp - 88 to rsp
		mov r10, [rbp - 88 + 0]
		mov [rsp + 0], r10
	jmp .jump90
.jump89:
	sub rsp, 8
	; Moving 8 bytes from rbp - 112 to rsp
		mov r10, [rbp - 112 + 0]
		mov [rsp + 0], r10
.jump90:
.jump88:
	; Index to store in
	mov rax, 0
	imul rax, [rsp + 16] ; No overflow if indices in bounds
	add rax, [rsp + 8]
	shl rax, 3
	add rax, [rsp + 24]
	; Move body (8 bytes) to index
	; Moving 8 bytes from rsp to rax
		mov r10, [rsp + 0]
		mov [rax + 0], r10
	add rsp, 8
	; Increment j
	add qword [rsp + 0], 1
	jmp .jump84
.jump85: ; End body of loop
	; Free all loop variables
	add rsp, 8
	; array left on stack
	sub rsp, 16
	; Moving 16 bytes from rbp - 88 to rsp
		mov r10, [rbp - 88 + 8]
		mov [rsp + 8], r10
		mov r10, [rbp - 88 + 0]
		mov [rsp + 0], r10
	; Allocating 8 bytes for the sum
	sub rsp, 8
	; Computing bound for j
	sub rsp, 8
	; Moving 8 bytes from rbp - 88 to rsp
		mov r10, [rbp - 88 + 0]
		mov [rsp + 0], r10
	mov rax, [rsp]
	cmp rax, 0
	jg .jump91
	sub rsp, 8 ; Align stack
	lea rdi, [rel const7] ; non-positive loop bound
	call _fail_assertion
	add rsp, 8 ; Remove alignment
.jump91:
	; Initialize sum to 0
	mov rax, 0
	mov [rsp + 8], rax ; Move to pre-allocated space
	; Initialize j to 0
	mov rax, 0
	push rax
.jump92: ; Begin body of loop
	; Compare j to its bound
	mov rax, [rsp + 0]
	cmp rax, [rsp + 8]
	jge .jump93 ; If j >= bound, break
.jump94:
	; Compute loop body
	mov rax, [rel const30] ; 749
	push rax
	pop rax
	add [rsp + 16], rax ; Add loop body to sum
	; Increment j
	add qword [rsp + 0], 1
	jmp .jump92
.jump93: ; End body of loop
	; Free all loop variables
	add rsp, 8
	; Free all loop bounds
	add rsp, 8
	; sum left on stack
	mov rax, [rsp + 0]
	cmp rax, 0
	jge .jump95
	lea rdi, [rel const15] ; negative array index
	call _fail_assertion
.jump95:
	cmp rax, [rsp + 8]
	jl .jump96
	lea rdi, [rel const16] ; index too large
	call _fail_assertion
.jump96:
	mov rax, 0
	imul rax, [rsp + 8] ; No overflow if indices in bounds
	add rax, [rsp + 0]
	shl rax, 3
	add rax, [rsp + 16]
	add rsp, 8
	add rsp, 16
	sub rsp, 8
	; Moving 8 bytes from rax to rsp
		mov r10, [rax + 0]
		mov [rsp + 0], r10
	pop rax
	cmp rax, 0
	je .jump97
	mov rax, [rel const4] ; False
	push rax
	pop rax
.jump97:
	push rax
	pop rax
	cmp rax, 0
	je .jump98
	sub rsp, 8
	; Moving 8 bytes from rbp - 56 to rsp
		mov r10, [rbp - 56 + 0]
		mov [rsp + 0], r10
	jmp .jump99
.jump98:
	mov rax, [rel const31] ; 518
	push rax
	mov rax, [rel const32] ; 305
	push rax
	pop rax
	pop r10
	add rax, r10
	push rax
.jump99:
	mov rax, [rsp + 0]
	cmp rax, 0
	jge .jump100
	lea rdi, [rel const15] ; negative array index
	call _fail_assertion
.jump100:
	cmp rax, [rsp + 8]
	jl .jump101
	lea rdi, [rel const16] ; index too large
	call _fail_assertion
.jump101:
	mov rax, 0
	imul rax, [rsp + 8] ; No overflow if indices in bounds
	add rax, [rsp + 0]
	shl rax, 3
	add rax, [rsp + 16]
	add rsp, 8
	add rsp, 16
	sub rsp, 8
	; Moving 8 bytes from rax to rsp
		mov r10, [rax + 0]
		mov [rsp + 0], r10
	; Allocating 8 bytes for the pointer
	sub rsp, 8
	; Computing bound for k
	sub rsp, 16
	; Moving 16 bytes from rbp - -16 to rsp
		mov r10, [rbp - -16 + 8]
		mov [rsp + 8], r10
		mov r10, [rbp - -16 + 0]
		mov [rsp + 0], r10
	sub rsp, 8
	; Moving 8 bytes from rbp - 88 to rsp
		mov r10, [rbp - 88 + 0]
		mov [rsp + 0], r10
	mov rax, [rsp + 0]
	cmp rax, 0
	jge .jump102
	lea rdi, [rel const15] ; negative array index
	call _fail_assertion
.jump102:
	cmp rax, [rsp + 8]
	jl .jump103
	lea rdi, [rel const16] ; index too large
	call _fail_assertion
.jump103:
	mov rax, 0
	imul rax, [rsp + 8] ; No overflow if indices in bounds
	add rax, [rsp + 0]
	shl rax, 3
	add rax, [rsp + 16]
	add rsp, 8
	add rsp, 16
	sub rsp, 8
	; Moving 8 bytes from rax to rsp
		mov r10, [rax + 0]
		mov [rsp + 0], r10
	mov rax, [rel const33] ; 3
	push rax
	pop rax
	neg rax
	push rax
	pop rax
	pop r10
	cmp r10, 0
	jne .jump104
	sub rsp, 8 ; Align stack
	lea rdi, [rel const19] ; mod by zero
	call _fail_assertion
	add rsp, 8 ; Remove alignment
.jump104:
	cqo
	idiv r10
	mov rax, rdx
	push rax
	; Moving 8 bytes from rsp + 0 to rsp + 0
		mov r10, [rsp + 0 + 0]
		mov [rsp + 0 + 0], r10
	add rsp, 0
	mov rax, [rsp]
	cmp rax, 0
	jg .jump105
	lea rdi, [rel const7] ; non-positive loop bound
	call _fail_assertion
.jump105:
	; Computing total size of heap memory to allocate
	mov rdi, 16 ; sizeof bool[]
	imul rdi, [rsp + 0 + 0] ; multiply by {((- 3) % args[i])}{0}
	jno .jump106
	lea rdi, [rel const13] ; overflow computing array size
	call _fail_assertion
.jump106:
	call _jpl_alloc ; Put pointer to heap space in RAX
	mov [rsp + 8], rax ; Move to pre-allocated space
	; Initialize k to 0
	mov rax, 0
	push rax
.jump107: ; Begin body of loop
	; Compare k to its bound
	mov rax, [rsp + 0]
	cmp rax, [rsp + 8]
	jge .jump108 ; If k >= bound, break
.jump109:
	; Compute loop body
	sub rsp, 16
	; Moving 16 bytes from rbp - 88 to rsp
		mov r10, [rbp - 88 + 8]
		mov [rsp + 8], r10
		mov r10, [rbp - 88 + 0]
		mov [rsp + 0], r10
	; Index to store in
	mov rax, 0
	imul rax, [rsp + 24] ; No overflow if indices in bounds
	add rax, [rsp + 16]
	shl rax, 4
	add rax, [rsp + 32]
	; Move body (16 bytes) to index
	; Moving 16 bytes from rsp to rax
		mov r10, [rsp + 8]
		mov [rax + 8], r10
		mov r10, [rsp + 0]
		mov [rax + 0], r10
	add rsp, 16
	; Increment k
	add qword [rsp + 0], 1
	jmp .jump107
.jump108: ; End body of loop
	; Free all loop variables
	add rsp, 8
	; array left on stack
	sub rsp, 16
	; Moving 16 bytes from rbp - 56 to rsp
		mov r10, [rbp - 56 + 8]
		mov [rsp + 8], r10
		mov r10, [rbp - 56 + 0]
		mov [rsp + 0], r10
	add rsp, 120 ; Local variables
	pop r12
	pop rbp
	ret

