global jpl_main
global _jpl_main
extern _fail_assertion
extern _jpl_alloc
extern _get_time
extern _show
extern _print
extern _print_time
extern _read_image
extern _write_image
extern _fmod
extern _sqrt
extern _exp
extern _sin
extern _cos
extern _tan
extern _asin
extern _acos
extern _atan
extern _log
extern _pow
extern _atan2
extern _to_int
extern _to_float

section .data
const0: dq 458
const1: db `negative array index`, 0
const2: db `index too large`, 0
const3: dq 1
const4: dq 96.04
const5: dq 61.48
const6: dq 289
const7: dq 437
const8: db `non-positive loop bound`, 0
const9: db `overflow computing array size`, 0
const10: dq 952
const11: dq 553
const12: dq 328
const13: db `e.png`, 0
const14: dq 53.72
const15: dq 82.39
const16: dq 7.6
const17: dq 578
const18: dq 689
const19: db `i.png`, 0

section .text
jpl_main:
_jpl_main:
	push rbp
	mov rbp, rsp
	push r12
	mov r12, rbp
	sub rsp, 16
	; Moving 16 bytes from rbp - -16 to rsp
		mov r10, [rbp - -16 + 8]
		mov [rsp + 8], r10
		mov r10, [rbp - -16 + 0]
		mov [rsp + 0], r10
	sub rsp, 8
	; Moving 8 bytes from rbp - -16 to rsp
		mov r10, [rbp - -16 + 0]
		mov [rsp + 0], r10
	sub rsp, 16
	; Moving 16 bytes from rbp - 24 to rsp
		mov r10, [rbp - 24 + 8]
		mov [rsp + 8], r10
		mov r10, [rbp - 24 + 0]
		mov [rsp + 0], r10
	mov rax, [rel const0] ; 458
	push rax
	mov rax, [rsp + 0]
	cmp rax, 0
	jge .jump1
	sub rsp, 8 ; Align stack
	lea rdi, [rel const1] ; negative array index
	call _fail_assertion
	add rsp, 8 ; Remove alignment
.jump1:
	cmp rax, [rsp + 8]
	jl .jump2
	sub rsp, 8 ; Align stack
	lea rdi, [rel const2] ; index too large
	call _fail_assertion
	add rsp, 8 ; Remove alignment
.jump2:
	mov rax, 0
	imul rax, [rsp + 8] ; No overflow if indices in bounds
	add rax, [rsp + 0]
	imul rax, 8
	add rax, [rsp + 16]
	add rsp, 8
	add rsp, 16
	sub rsp, 8
	; Moving 8 bytes from rax to rsp
		mov r10, [rax + 0]
		mov [rsp + 0], r10
	pop rax
	pop r10
	cmp rax, r10
	setg al
	and rax, 1
	push rax
	pop rax
	cmp rax, 0
	je .jump3
	mov rax, [rel const3] ; True
	push rax
	pop rax
.jump3:
	push rax
	; Moving 8 bytes from rsp + 0 to rsp + 0
		mov r10, [rsp + 0 + 0]
		mov [rsp + 0 + 0], r10
	add rsp, 0
	mov rax, [rel const4] ; 96.04
	push rax
	; Moving 8 bytes from rsp + 0 to rsp + 0
		mov r10, [rsp + 0 + 0]
		mov [rsp + 0 + 0], r10
	add rsp, 0
	mov rax, [rel const5] ; 61.48
	push rax
	mov rdi, 8
	call _jpl_alloc
	; Moving 8 bytes from rsp to rax
		mov r10, [rsp + 0]
		mov [rax + 0], r10
	add rsp, 8
	push rax
	mov rax, 1
	push rax
	mov rax, [rel const6] ; 289
	push rax
	mov rax, [rsp + 0]
	cmp rax, 0
	jge .jump4
	lea rdi, [rel const1] ; negative array index
	call _fail_assertion
.jump4:
	cmp rax, [rsp + 8]
	jl .jump5
	lea rdi, [rel const2] ; index too large
	call _fail_assertion
.jump5:
	mov rax, 0
	imul rax, [rsp + 8] ; No overflow if indices in bounds
	add rax, [rsp + 0]
	imul rax, 8
	add rax, [rsp + 16]
	add rsp, 8
	add rsp, 16
	sub rsp, 8
	; Moving 8 bytes from rax to rsp
		mov r10, [rax + 0]
		mov [rsp + 0], r10
	movsd xmm0, [rsp]
	add rsp, 8
	movsd xmm1, [rsp]
	add rsp, 8
	cmpeqsd xmm0, xmm1
	movq rax, xmm0
	and rax, 1
	push rax
	pop rax
	cmp rax, 0
	je .jump6
	; Allocating 8 bytes for the pointer
	sub rsp, 8
	; Computing bound for c
	mov rax, [rel const7] ; 437
	push rax
	mov rax, [rsp]
	cmp rax, 0
	jg .jump8
	lea rdi, [rel const8] ; non-positive loop bound
	call _fail_assertion
.jump8:
	; Computing total size of heap memory to allocate
	mov rdi, 16 ; sizeof {int[]}
	imul rdi, [rsp + 0 + 0] ; multiply by 437
	jno .jump9
	lea rdi, [rel const9] ; overflow computing array size
	call _fail_assertion
.jump9:
	call _jpl_alloc ; Put pointer to heap space in RAX
	mov [rsp + 8], rax ; Move to pre-allocated space
	; Initialize c to 0
	mov rax, 0
	push rax
.jump10: ; Begin body of loop
	; Compute loop body
	sub rsp, 16
	; Moving 16 bytes from rbp - -16 to rsp
		mov r10, [rbp - -16 + 8]
		mov [rsp + 8], r10
		mov r10, [rbp - -16 + 0]
		mov [rsp + 0], r10
	; Index to store in
	mov rax, 0
	imul rax, [rsp + 24] ; No overflow if indices in bounds
	add rax, [rsp + 16]
	imul rax, 16
	add rax, [rsp + 32]
	; Move body (16 bytes) to index
	; Moving 16 bytes from rsp to rax
		mov r10, [rsp + 8]
		mov [rax + 8], r10
		mov r10, [rsp + 0]
		mov [rax + 0], r10
	add rsp, 16
	; Increment c
	add qword [rsp + 0], 1
	; Compare c to its bound
	mov rax, [rsp + 0]
	cmp rax, [rsp + 8]
	jl .jump10 ; If c < bound, next iter
	; End body of loop
	; Free all loop variables
	add rsp, 8
	; array left on stack
	jmp .jump7
.jump6:
	; Allocating 8 bytes for the pointer
	sub rsp, 8
	; Computing bound for c
	; Allocating 8 bytes for the sum
	sub rsp, 8
	; Computing bound for c
	mov rax, [rel const10] ; 952
	push rax
	pop rax
	neg rax
	push rax
	mov rax, [rsp]
	cmp rax, 0
	jg .jump12
	sub rsp, 8 ; Align stack
	lea rdi, [rel const8] ; non-positive loop bound
	call _fail_assertion
	add rsp, 8 ; Remove alignment
.jump12:
	; Initialize sum to 0
	mov rax, 0
	mov [rsp + 8], rax ; Move to pre-allocated space
	; Initialize c to 0
	mov rax, 0
	push rax
.jump13: ; Begin body of loop
	; Compute loop body
	mov rax, [rel const11] ; 553
	push rax
	pop rax
	neg rax
	push rax
	pop rax
	add [rsp + 16], rax ; Add loop body to sum
	; Increment c
	add qword [rsp + 0], 1
	; Compare c to its bound
	mov rax, [rsp + 0]
	cmp rax, [rsp + 8]
	jl .jump13 ; If c < bound, next iter
	; End body of loop
	; Free all loop variables
	add rsp, 8
	; Free all loop bounds
	add rsp, 8
	; sum left on stack
	mov rax, [rsp]
	cmp rax, 0
	jg .jump15
	lea rdi, [rel const8] ; non-positive loop bound
	call _fail_assertion
.jump15:
	; Computing total size of heap memory to allocate
	mov rdi, 16 ; sizeof {int[]}
imul rdi, [rsp + 0 + 0] ; multiply by (sum[c : (- 952)] (- 553))
	jno .jump16
	lea rdi, [rel const9] ; overflow computing array size
	call _fail_assertion
.jump16:
	call _jpl_alloc ; Put pointer to heap space in RAX
	mov [rsp + 8], rax ; Move to pre-allocated space
	; Initialize c to 0
	mov rax, 0
	push rax
.jump17: ; Begin body of loop
	; Compute loop body
	sub rsp, 16
	; Moving 16 bytes from rbp - -16 to rsp
		mov r10, [rbp - -16 + 8]
		mov [rsp + 8], r10
		mov r10, [rbp - -16 + 0]
		mov [rsp + 0], r10
	; Index to store in
	mov rax, 0
	imul rax, [rsp + 24] ; No overflow if indices in bounds
	add rax, [rsp + 16]
	imul rax, 16
	add rax, [rsp + 32]
	; Move body (16 bytes) to index
	; Moving 16 bytes from rsp to rax
		mov r10, [rsp + 8]
		mov [rax + 8], r10
		mov r10, [rsp + 0]
		mov [rax + 0], r10
	add rsp, 16
	; Increment c
	add qword [rsp + 0], 1
	; Compare c to its bound
	mov rax, [rsp + 0]
	cmp rax, [rsp + 8]
	jl .jump17 ; If c < bound, next iter
	; End body of loop
	; Free all loop variables
	add rsp, 8
	; array left on stack
.jump7:
	mov rax, [rel const12] ; 328
	push rax
	pop rax
	neg rax
	push rax
	mov rax, [rsp + 0]
	cmp rax, 0
	jge .jump19
	sub rsp, 8 ; Align stack
	lea rdi, [rel const1] ; negative array index
	call _fail_assertion
	add rsp, 8 ; Remove alignment
.jump19:
	cmp rax, [rsp + 8]
	jl .jump20
	sub rsp, 8 ; Align stack
	lea rdi, [rel const2] ; index too large
	call _fail_assertion
	add rsp, 8 ; Remove alignment
.jump20:
	mov rax, 0
	imul rax, [rsp + 8] ; No overflow if indices in bounds
	add rax, [rsp + 0]
	imul rax, 16
	add rax, [rsp + 16]
	add rsp, 8
	add rsp, 16
	sub rsp, 16
	; Moving 16 bytes from rax to rsp
		mov r10, [rax + 8]
		mov [rsp + 8], r10
		mov r10, [rax + 0]
		mov [rsp + 0], r10
	mov rax, [rel const3] ; True
	push rax
	pop rax
	xor rax, 1
	push rax
	sub rsp, 24
	lea rdi, [rsp]
	lea rsi, [rel const13] ; e.png
	call _read_image
	mov rax, [rel const14] ; 53.72
	push rax
	sub rsp, 8
	; Moving 8 bytes from rbp - 32 to rsp
		mov r10, [rbp - 32 + 0]
		mov [rsp + 0], r10
	pop rax
	cmp rax, 0
	je .jump21
	mov rax, [rel const15] ; 82.39
	push rax
	jmp .jump22
.jump21:
	mov rax, [rel const16] ; 7.6
	push rax
.jump22:
	movsd xmm0, [rsp]
	add rsp, 8
	movsd xmm1, [rsp]
	add rsp, 8
	cmplesd xmm1, xmm0
	movq rax, xmm1
	and rax, 1
	push rax
	pop rax
	cmp rax, 0
	je .jump23
	sub rsp, 8
	; Moving 8 bytes from rbp - 56 to rsp
		mov r10, [rbp - 56 + 0]
		mov [rsp + 0], r10
	pop rax
	cmp rax, 0
	jne .jump25
	sub rsp, 8
	; Moving 8 bytes from rbp - 56 to rsp
		mov r10, [rbp - 56 + 0]
		mov [rsp + 0], r10
	pop rax
.jump25:
	push rax
	jmp .jump24
.jump23:
	sub rsp, 8
	; Moving 8 bytes from rbp - 32 to rsp
		mov r10, [rbp - 32 + 0]
		mov [rsp + 0], r10
.jump24:
	; Moving 8 bytes from rsp + 0 to rsp + 0
		mov r10, [rsp + 0 + 0]
		mov [rsp + 0 + 0], r10
	add rsp, 0
	; Allocating 8 bytes for the pointer
	sub rsp, 8
	; Computing bound for g
	sub rsp, 8
	; Moving 8 bytes from rbp - -16 to rsp
		mov r10, [rbp - -16 + 0]
		mov [rsp + 0], r10
	mov rax, [rsp]
	cmp rax, 0
	jg .jump26
	sub rsp, 8 ; Align stack
	lea rdi, [rel const8] ; non-positive loop bound
	call _fail_assertion
	add rsp, 8 ; Remove alignment
.jump26:
	; Computing total size of heap memory to allocate
	mov rdi, 16 ; sizeof int[]
	imul rdi, [rsp + 0 + 0] ; multiply by argnum
	jno .jump27
	sub rsp, 8 ; Align stack
	lea rdi, [rel const9] ; overflow computing array size
	call _fail_assertion
	add rsp, 8 ; Remove alignment
.jump27:
	sub rsp, 8 ; Align stack
	call _jpl_alloc ; Put pointer to heap space in RAX
	add rsp, 8 ; Remove alignment
	mov [rsp + 8], rax ; Move to pre-allocated space
	; Initialize g to 0
	mov rax, 0
	push rax
.jump28: ; Begin body of loop
	; Compute loop body
	sub rsp, 16
	; Moving 16 bytes from rbp - -16 to rsp
		mov r10, [rbp - -16 + 8]
		mov [rsp + 8], r10
		mov r10, [rbp - -16 + 0]
		mov [rsp + 0], r10
	; Index to store in
	mov rax, 0
	imul rax, [rsp + 24] ; No overflow if indices in bounds
	add rax, [rsp + 16]
	imul rax, 16
	add rax, [rsp + 32]
	; Move body (16 bytes) to index
	; Moving 16 bytes from rsp to rax
		mov r10, [rsp + 8]
		mov [rax + 8], r10
		mov r10, [rsp + 0]
		mov [rax + 0], r10
	add rsp, 16
	; Increment g
	add qword [rsp + 0], 1
	; Compare g to its bound
	mov rax, [rsp + 0]
	cmp rax, [rsp + 8]
	jl .jump28 ; If g < bound, next iter
	; End body of loop
	; Free all loop variables
	add rsp, 8
	; array left on stack
	; Allocating 8 bytes for the pointer
	sub rsp, 8
	; Computing bound for h
	sub rsp, 8
	; Moving 8 bytes from rbp - -16 to rsp
		mov r10, [rbp - -16 + 0]
		mov [rsp + 0], r10
	pop rax
	neg rax
	push rax
	mov rax, [rsp]
	cmp rax, 0
	jg .jump30
	sub rsp, 8 ; Align stack
	lea rdi, [rel const8] ; non-positive loop bound
	call _fail_assertion
	add rsp, 8 ; Remove alignment
.jump30:
	; Computing total size of heap memory to allocate
	mov rdi, 16 ; sizeof bool[]
	imul rdi, [rsp + 0 + 0] ; multiply by (- argnum)
	jno .jump31
	sub rsp, 8 ; Align stack
	lea rdi, [rel const9] ; overflow computing array size
	call _fail_assertion
	add rsp, 8 ; Remove alignment
.jump31:
	sub rsp, 8 ; Align stack
	call _jpl_alloc ; Put pointer to heap space in RAX
	add rsp, 8 ; Remove alignment
	mov [rsp + 8], rax ; Move to pre-allocated space
	; Initialize h to 0
	mov rax, 0
	push rax
.jump32: ; Begin body of loop
	; Compute loop body
	; Allocating 8 bytes for the pointer
	sub rsp, 8
	; Computing bound for i
	sub rsp, 8
	; Moving 8 bytes from rbp - 128 to rsp
		mov r10, [rbp - 128 + 0]
		mov [rsp + 0], r10
	mov rax, [rsp]
	cmp rax, 0
	jg .jump33
	lea rdi, [rel const8] ; non-positive loop bound
	call _fail_assertion
.jump33:
	; Computing total size of heap memory to allocate
	mov rdi, 8 ; sizeof bool
	imul rdi, [rsp + 0 + 0] ; multiply by h
	jno .jump34
	lea rdi, [rel const9] ; overflow computing array size
	call _fail_assertion
.jump34:
	call _jpl_alloc ; Put pointer to heap space in RAX
	mov [rsp + 8], rax ; Move to pre-allocated space
	; Initialize i to 0
	mov rax, 0
	push rax
.jump35: ; Begin body of loop
	; Compute loop body
	sub rsp, 8
	; Moving 8 bytes from rbp - 56 to rsp
		mov r10, [rbp - 56 + 0]
		mov [rsp + 0], r10
	; Index to store in
	mov rax, 0
	imul rax, [rsp + 16] ; No overflow if indices in bounds
	add rax, [rsp + 8]
	imul rax, 8
	add rax, [rsp + 24]
	; Move body (8 bytes) to index
	; Moving 8 bytes from rsp to rax
		mov r10, [rsp + 0]
		mov [rax + 0], r10
	add rsp, 8
	; Increment i
	add qword [rsp + 0], 1
	; Compare i to its bound
	mov rax, [rsp + 0]
	cmp rax, [rsp + 8]
	jl .jump35 ; If i < bound, next iter
	; End body of loop
	; Free all loop variables
	add rsp, 8
	; array left on stack
	; Index to store in
	mov rax, 0
	imul rax, [rsp + 24] ; No overflow if indices in bounds
	add rax, [rsp + 16]
	imul rax, 16
	add rax, [rsp + 32]
	; Move body (16 bytes) to index
	; Moving 16 bytes from rsp to rax
		mov r10, [rsp + 8]
		mov [rax + 8], r10
		mov r10, [rsp + 0]
		mov [rax + 0], r10
	add rsp, 16
	; Increment h
	add qword [rsp + 0], 1
	; Compare h to its bound
	mov rax, [rsp + 0]
	cmp rax, [rsp + 8]
	jl .jump32 ; If h < bound, next iter
	; End body of loop
	; Free all loop variables
	add rsp, 8
	; array left on stack
	; Allocating 8 bytes for the sum
	sub rsp, 8
	; Computing bound for h
	mov rax, [rel const17] ; 578
	push rax
	mov rax, [rsp]
	cmp rax, 0
	jg .jump38
	sub rsp, 8 ; Align stack
	lea rdi, [rel const8] ; non-positive loop bound
	call _fail_assertion
	add rsp, 8 ; Remove alignment
.jump38:
	; Initialize sum to 0
	mov rax, 0
	mov [rsp + 8], rax ; Move to pre-allocated space
	; Initialize h to 0
	mov rax, 0
	push rax
.jump39: ; Begin body of loop
	; Compute loop body
	mov rax, [rel const18] ; 689
	push rax
	pop rax
	add [rsp + 16], rax ; Add loop body to sum
	; Increment h
	add qword [rsp + 0], 1
	; Compare h to its bound
	mov rax, [rsp + 0]
	cmp rax, [rsp + 8]
	jl .jump39 ; If h < bound, next iter
	; End body of loop
	; Free all loop variables
	add rsp, 8
	; Free all loop bounds
	add rsp, 8
	; sum left on stack
	mov rax, [rsp + 0]
	cmp rax, 0
	jge .jump41
	lea rdi, [rel const1] ; negative array index
	call _fail_assertion
.jump41:
	cmp rax, [rsp + 8]
	jl .jump42
	lea rdi, [rel const2] ; index too large
	call _fail_assertion
.jump42:
	mov rax, 0
	imul rax, [rsp + 8] ; No overflow if indices in bounds
	add rax, [rsp + 0]
	imul rax, 16
	add rax, [rsp + 16]
	add rsp, 8
	add rsp, 16
	sub rsp, 16
	; Moving 16 bytes from rax to rsp
		mov r10, [rax + 8]
		mov [rsp + 8], r10
		mov r10, [rax + 0]
		mov [rsp + 0], r10
	sub rsp, 16
	; Moving 16 bytes from rbp - -16 to rsp
		mov r10, [rbp - -16 + 8]
		mov [rsp + 8], r10
		mov r10, [rbp - -16 + 0]
		mov [rsp + 0], r10
	; Moving 16 bytes from rsp + 0 to rsp + 0
		mov r10, [rsp + 0 + 8]
		mov [rsp + 0 + 8], r10
		mov r10, [rsp + 0 + 0]
		mov [rsp + 0 + 0], r10
	add rsp, 0
	sub rsp, 16
	; Moving 16 bytes from rbp - 24 to rsp
		mov r10, [rbp - 24 + 8]
		mov [rsp + 8], r10
		mov r10, [rbp - 24 + 0]
		mov [rsp + 0], r10
	sub rsp, 8
	; Moving 8 bytes from rbp - -16 to rsp
		mov r10, [rbp - -16 + 0]
		mov [rsp + 0], r10
	mov rax, [rsp + 0]
	cmp rax, 0
	jge .jump43
	lea rdi, [rel const1] ; negative array index
	call _fail_assertion
.jump43:
	cmp rax, [rsp + 8]
	jl .jump44
	lea rdi, [rel const2] ; index too large
	call _fail_assertion
.jump44:
	mov rax, 0
	imul rax, [rsp + 8] ; No overflow if indices in bounds
	add rax, [rsp + 0]
	imul rax, 8
	add rax, [rsp + 16]
	add rsp, 8
	add rsp, 16
	sub rsp, 8
	; Moving 8 bytes from rax to rsp
		mov r10, [rax + 0]
		mov [rsp + 0], r10
	pop rax
	neg rax
	push rax
	mov rax, [rsp + 0]
	cmp rax, 0
	jge .jump45
	lea rdi, [rel const1] ; negative array index
	call _fail_assertion
.jump45:
	cmp rax, [rsp + 8]
	jl .jump46
	lea rdi, [rel const2] ; index too large
	call _fail_assertion
.jump46:
	mov rax, 0
	imul rax, [rsp + 8] ; No overflow if indices in bounds
	add rax, [rsp + 0]
	imul rax, 8
	add rax, [rsp + 16]
	add rsp, 8
	add rsp, 16
	sub rsp, 8
	; Moving 8 bytes from rax to rsp
		mov r10, [rax + 0]
		mov [rsp + 0], r10
	mov rax, [rsp + 0]
	cmp rax, 0
	jge .jump47
	lea rdi, [rel const1] ; negative array index
	call _fail_assertion
.jump47:
	cmp rax, [rsp + 8]
	jl .jump48
	lea rdi, [rel const2] ; index too large
	call _fail_assertion
.jump48:
	mov rax, 0
	imul rax, [rsp + 8] ; No overflow if indices in bounds
	add rax, [rsp + 0]
	imul rax, 8
	add rax, [rsp + 16]
	add rsp, 8
	add rsp, 16
	sub rsp, 8
	; Moving 8 bytes from rax to rsp
		mov r10, [rax + 0]
		mov [rsp + 0], r10
	pop rax
	xor rax, 1
	push rax
	sub rsp, 24
	lea rdi, [rsp]
	sub rsp, 8 ; Align stack
	lea rsi, [rel const19] ; i.png
	call _read_image
	add rsp, 8 ; Remove alignment
	sub rsp, 8
	; Moving 8 bytes from rbp - -16 to rsp
		mov r10, [rbp - -16 + 0]
		mov [rsp + 0], r10
	sub rsp, 16
	; Moving 16 bytes from rbp - 24 to rsp
		mov r10, [rbp - 24 + 8]
		mov [rsp + 8], r10
		mov r10, [rbp - 24 + 0]
		mov [rsp + 0], r10
	sub rsp, 16
	; Moving 16 bytes from rbp - -16 to rsp
		mov r10, [rbp - -16 + 8]
		mov [rsp + 8], r10
		mov r10, [rbp - -16 + 0]
		mov [rsp + 0], r10
	add rsp, 168 ; Local variables
	pop r12
	pop rbp
	ret

