(WriteCmd (FalseExpr) "")
(FnCmd
 N
 ((TupleBinding (VarBinding (VarArgument tQ3) (VarType r_))))
 (ArrayType
  (TupleType
   (TupleType (BoolType) (FloatType))
   (ArrayType (VarType W2s.6p) 1)
   (ArrayType (TupleType) 5))
  2)
 (LetStmt (ArgLValue (ArrayArgument PT s_)) (ArrayLiteralExpr))
 (ReturnStmt (IntExpr 271987)))
(AssertCmd (VarExpr Ph_) "")
(WriteCmd (IntExpr 7) "")
(ShowCmd (FloatExpr 2))
(TimeCmd (TimeCmd (LetCmd (ArgLValue (ArrayArgument v. M.)) (TrueExpr))))
(FnCmd
 eidL
 ((TupleBinding)
  (TupleBinding
   (VarBinding (ArrayArgument B g d.) (IntType))
   (TupleBinding
    (VarBinding (ArrayArgument d.j) (ArrayType (IntType) 3))
    (VarBinding (ArrayArgument RQ32UM_W.9h7F89__0vm.40o) (IntType))))
  (TupleBinding))
 (IntType)
 (ReturnStmt (FalseExpr))
 (AssertStmt (FloatExpr 0) "")
 (ReturnStmt (TupleLiteralExpr)))
(WriteCmd (TrueExpr) "$")
(FnCmd
 l1Z8C42
 ((TupleBinding
   (TupleBinding
    (TupleBinding)
    (VarBinding (VarArgument S.x) (ArrayType (FloatType) 2))))
  (VarBinding (ArrayArgument r) (VarType N.))
  (TupleBinding)
  (VarBinding (VarArgument gPF8_6_2) (BoolType)))
 (ArrayType (VarType Dv) 1)
 (AssertStmt (VarExpr Vo) ""))
(FnCmd
 nW
 ((TupleBinding))
 (VarType o_3_)
 (ReturnStmt (FloatExpr 12))
 (LetStmt (ArgLValue (ArrayArgument u7)) (FalseExpr)))
(ReadCmd "$'L-" (VarArgument l14Iw5))
(TypeCmd Bx057_X (TupleType (TupleType)))
(ShowCmd (VarExpr w))
(PrintCmd "^.o\")
(AssertCmd (TupleIndexExpr (VarExpr H_1_) 94) "$")
(PrintCmd ".")
(FnCmd m ((TupleBinding) (TupleBinding)) (BoolType))
(TypeCmd p_5_3.u (FloatType))
