(PrintCmd "AgK")
(TimeCmd (TypeCmd U (FloatType)))
(TypeCmd C (BoolType))
(AssertCmd
 (ArrayLiteralExpr
  (CallExpr v (FloatExpr 0) (IntExpr 33) (IntExpr 1254655))
  (TrueExpr))
 "")
(LetCmd
 (ArgLValue (VarArgument V))
 (IfExpr
  (TrueExpr)
  (CallExpr
   K
   (TupleLiteralExpr (TupleLiteralExpr (ArrayLiteralExpr (FalseExpr)))))
  (FloatExpr 0)))
(WriteCmd
 (CallExpr
  R
  (SumLoopExpr
   g
   (ArrayLiteralExpr (IntExpr 23) (ArrayLoopExpr (VarExpr U)))
   (VarExpr d)))
 "<z")
(LetCmd
 (ArgLValue (ArrayArgument A c))
 (TupleLiteralExpr (ArrayIndexExpr (TrueExpr) (FalseExpr))))
(WriteCmd (SumLoopExpr (CallExpr w)) "g")
(LetCmd
 (TupleLValue)
 (IfExpr (FalseExpr) (CallExpr K) (CallExpr c (ArrayLoopExpr (TrueExpr)))))
(ShowCmd
 (ArrayLoopExpr
  G
  (IfExpr
   (TrueExpr)
   (TupleLiteralExpr (VarExpr F))
   (TupleIndexExpr (VarExpr p) 6))
  C
  (SumLoopExpr (TrueExpr))
  (TrueExpr)))
(ReadCmd "s*" (ArrayArgument o j))
(LetCmd (TupleLValue) (IntExpr 147))
(LetCmd (ArgLValue (VarArgument Q)) (SumLoopExpr t (FloatExpr 0) (VarExpr q)))
(WriteCmd (TrueExpr) "")
(LetCmd (TupleLValue) (VarExpr k))
(PrintCmd "I")
(TypeCmd e (ArrayType (ArrayType (ArrayType (FloatType) 5) 3) 1))
(ShowCmd (ArrayLiteralExpr (TupleIndexExpr (VarExpr n) 17)))
(AssertCmd (TupleIndexExpr (ArrayLiteralExpr (FalseExpr)) 62) "")
(WriteCmd
 (ArrayLoopExpr
  S
  (TupleLiteralExpr (TupleIndexExpr (FloatExpr 0) 2))
  t
  (TupleIndexExpr (IntExpr 1) 6)
  (TupleLiteralExpr))
 "")
(ReadCmd "" (VarArgument x))
(AssertCmd (FalseExpr) "e")
(PrintCmd "")
(LetCmd (ArgLValue (ArrayArgument Y D)) (IntExpr 9))
(AssertCmd (VarExpr g) "]1C")
(TypeCmd f (FloatType))
(WriteCmd
 (IfExpr (SumLoopExpr (ArrayLiteralExpr)) (IntExpr 46) (VarExpr D))
 "")
(ShowCmd
 (ArrayLoopExpr
  q
  (SumLoopExpr d (IntExpr 7) (FalseExpr))
  (ArrayIndexExpr (TrueExpr) (CallExpr R (FalseExpr)))))
(PrintCmd "")
(ShowCmd
 (ArrayIndexExpr
  (IntExpr 6)
  (SumLoopExpr
   (TupleLiteralExpr (ArrayLiteralExpr (ArrayLiteralExpr (FloatExpr 0)))))))
(AssertCmd (SumLoopExpr (TupleIndexExpr (TupleLiteralExpr) 588)) "")
(TypeCmd I (IntType))
(ReadCmd "%" (ArrayArgument O g))
(TimeCmd (ReadCmd "" (ArrayArgument e M)))
(LetCmd
 (TupleLValue)
 (TupleLiteralExpr (SumLoopExpr N (CallExpr u (IntExpr 7)) (FalseExpr))))
(TypeCmd z (VarType p))
(AssertCmd (FalseExpr) ")r")
(AssertCmd (SumLoopExpr C (IntExpr 17) (IntExpr 0)) "")
(AssertCmd (TupleIndexExpr (TupleLiteralExpr (FalseExpr)) 2) "")
(WriteCmd
 (ArrayLiteralExpr
  (ArrayLoopExpr (ArrayLoopExpr r (CallExpr r (IntExpr 8)) (VarExpr E)))
  (FloatExpr 0))
 "")
(PrintCmd "p")
(ReadCmd "" (VarArgument i))
(LetCmd (TupleLValue (ArgLValue (VarArgument g))) (VarExpr c))
(TypeCmd t (TupleType (IntType)))
(ShowCmd
 (ArrayLoopExpr
  n
  (FalseExpr)
  (TupleIndexExpr
   (ArrayLiteralExpr
    (VarExpr A)
    (ArrayLoopExpr (TrueExpr))
    (TupleLiteralExpr (IntExpr 177634)))
   98)))
(TypeCmd J (FloatType))
(PrintCmd "")
(AssertCmd (CallExpr a) "")
(ReadCmd "" (ArrayArgument I h z G v))
(PrintCmd "p")
(ReadCmd "ZOtz" (ArrayArgument Z D k o))
(TimeCmd (TypeCmd g (FloatType)))
(LetCmd (ArgLValue (VarArgument M)) (ArrayIndexExpr (IntExpr 7) (VarExpr L)))
(AssertCmd (SumLoopExpr (IntExpr 2)) "")
(TypeCmd W (ArrayType (IntType) 4))
(LetCmd (ArgLValue (VarArgument m)) (TupleLiteralExpr (IntExpr 4) (TrueExpr)))
(TimeCmd (ReadCmd "" (VarArgument u)))
(ReadCmd "~ZQP&" (ArrayArgument C p W V b))
(PrintCmd "")
(LetCmd (TupleLValue (ArgLValue (VarArgument c))) (VarExpr h))
(TypeCmd i (BoolType))
(TypeCmd y (VarType k))
(ShowCmd (SumLoopExpr d (TupleIndexExpr (IntExpr 29) 9) (TrueExpr)))
(WriteCmd (ArrayLiteralExpr (IntExpr 7)) "")
(AssertCmd (CallExpr u (ArrayLiteralExpr (IntExpr 0))) "")
(LetCmd (TupleLValue) (TrueExpr))
(ShowCmd
 (IfExpr
  (FalseExpr)
  (ArrayLoopExpr
   b
   (ArrayLiteralExpr (VarExpr l))
   (TupleLiteralExpr (FloatExpr 0)))
  (FalseExpr)))
(WriteCmd (ArrayLoopExpr (TrueExpr)) "")
(AssertCmd (TrueExpr) "PO")
(TimeCmd
 (AssertCmd
  (CallExpr V (TrueExpr) (TupleLiteralExpr (ArrayLiteralExpr (FalseExpr))))
  "aV"))
(TypeCmd o (IntType))
(TimeCmd (WriteCmd (TupleLiteralExpr (TupleLiteralExpr)) ""))
(AssertCmd (IfExpr (SumLoopExpr (TrueExpr)) (TrueExpr) (FalseExpr)) "")
(ShowCmd (CallExpr T))
(TimeCmd (TypeCmd r (BoolType)))
(ShowCmd (SumLoopExpr (TrueExpr)))
(TimeCmd (ReadCmd "" (ArrayArgument r C y n)))
(PrintCmd "4ZBk")
(WriteCmd (VarExpr l) "LLS9")
