(TimeCmd (WriteCmd (TupleIndexExpr (FloatExpr 0) 8) ""))
(WriteCmd (IntExpr 76) "")
(ShowCmd (FloatExpr 0))
(FnCmd
 r_2
 ((TupleBinding (TupleBinding) (TupleBinding)))
 (VarType H.)
 (ReturnStmt (FloatExpr 0))
 (LetStmt (TupleLValue) (ArrayIndexExpr (FalseExpr)))
 (ReturnStmt (TupleIndexExpr (FloatExpr 282) 661))
 (AssertStmt (TupleIndexExpr (CallExpr U.8_886) 74) ""))
(AssertCmd (FalseExpr) "&@")
(FnCmd
 Z._F9
 ((TupleBinding
   (TupleBinding (TupleBinding (TupleBinding)) (TupleBinding) (TupleBinding))))
 (VarType m))
(TimeCmd (TimeCmd (LetCmd (TupleLValue) (VarExpr v))))
(AssertCmd (TupleLiteralExpr) "=")
(ShowCmd (ArrayLiteralExpr))
(LetCmd (ArgLValue (VarArgument Nd)) (IntExpr 83))
(ShowCmd (CallExpr J_.9))
(ReadCmd "{" (ArrayArgument t5..933))
(WriteCmd (ArrayLiteralExpr (ArrayLiteralExpr)) "")
(ShowCmd (ArrayIndexExpr (IntExpr 5)))
(FnCmd
 k1
 ((TupleBinding
   (TupleBinding (TupleBinding (TupleBinding)))
   (VarBinding (VarArgument X._) (TupleType (IntType) (BoolType) (TupleType)))))
 (IntType))
(WriteCmd (IntExpr 2) "?&+{}")
(ShowCmd (ArrayLiteralExpr (FalseExpr)))
(AssertCmd (IntExpr 7) "")
