(LetCmd (ArgLValue (VarArgument x)) (IntExpr (IntType) 1))
(ShowCmd (ArrayLoopExpr (ArrayType (IntType) 1) i (VarExpr (IntType) x) (VarExpr (IntType) x)))